[2026-08-31T10:48:50.468+0000] {local_task_job_runner.py:120} INFO - ::group::Pre task execution logs
[2026-08-31T10:48:50.496+0000] {taskinstance.py:2076} INFO - Dependencies all met for dep_context=non-requeueable deps ti=<TaskInstance: hybrid_lakehouse_daily_pipeline.run_raw_to_bronze manual__2026-08-15T18:34:32.030907+00:00 [queued]>
[2026-08-31T10:48:50.511+0000] {taskinstance.py:2076} INFO - Dependencies all met for dep_context=requeueable deps ti=<TaskInstance: hybrid_lakehouse_daily_pipeline.run_raw_to_bronze manual__2026-08-15T18:34:32.030907+00:00 [queued]>
[2026-08-31T10:48:50.512+0000] {taskinstance.py:2306} INFO - Starting attempt 2 of 2
[2026-08-31T10:48:50.532+0000] {taskinstance.py:2330} INFO - Executing <Task(DataprocCreateBatchOperator): run_raw_to_bronze> on 2026-08-15 18:34:32.030907+00:00
[2026-08-31T10:48:50.542+0000] {standard_task_runner.py:90} INFO - Running: ['***', 'tasks', 'run', 'hybrid_lakehouse_daily_pipeline', 'run_raw_to_bronze', 'manual__2026-08-15T18:34:32.030907+00:00', '--job-id', '50', '--raw', '--subdir', 'DAGS_FOLDER/lakehouse_pipeline.py', '--cfg-path', '/tmp/tmpe_2ii637']
[2026-08-31T10:48:50.547+0000] {standard_task_runner.py:91} INFO - Job 50: Subtask run_raw_to_bronze
[2026-08-31T10:48:50.549+0000] {logging_mixin.py:188} WARNING - /home/***/.local/lib/python3.12/site-packages/***/task/task_runner/standard_task_runner.py:62 DeprecationWarning: This process (pid=172) is multi-threaded, use of fork() may lead to deadlocks in the child.
[2026-08-31T10:48:50.550+0000] {standard_task_runner.py:64} INFO - Started process 186 to run task
[2026-08-31T10:48:50.623+0000] {task_command.py:426} INFO - Running <TaskInstance: hybrid_lakehouse_daily_pipeline.run_raw_to_bronze manual__2026-08-15T18:34:32.030907+00:00 [running]> on host 905eac4f6c1d
[2026-08-31T10:48:50.721+0000] {taskinstance.py:2648} INFO - Exporting env vars: AIRFLOW_CTX_DAG_OWNER='data_engineer' AIRFLOW_CTX_DAG_ID='hybrid_lakehouse_daily_pipeline' AIRFLOW_CTX_TASK_ID='run_raw_to_bronze' AIRFLOW_CTX_EXECUTION_DATE='2026-08-15T18:34:32.030907+00:00' AIRFLOW_CTX_TRY_NUMBER='2' AIRFLOW_CTX_DAG_RUN_ID='manual__2026-08-15T18:34:32.030907+00:00'
[2026-08-31T10:48:50.722+0000] {taskinstance.py:430} INFO - ::endgroup::
[2026-08-31T10:48:50.746+0000] {crypto.py:82} WARNING - empty cryptography key - values will not be stored encrypted.
[2026-08-31T10:48:50.747+0000] {connection.py:274} WARNING - Connection schemes (type: google_cloud_platform) shall not contain '_' according to RFC3986.
[2026-08-31T10:48:50.748+0000] {base.py:84} INFO - Using connection ID 'google_cloud_default' for task execution.
[2026-08-31T10:48:50.749+0000] {dataproc.py:3030} INFO - Creating batch raw-to-bronze-98e7c68a
[2026-08-31T10:48:50.750+0000] {dataproc.py:3031} INFO - Once started, the batch job will be available at https://console.cloud.google.com/dataproc/batches/asia-southeast1/raw-to-bronze-98e7c68a/monitoring?project=hybrid-elt-lakehouse-pipeline
[2026-08-31T10:52:11.332+0000] {dataproc.py:3055} INFO - Batch raw-to-bronze-98e7c68a created
[2026-08-31T10:52:11.334+0000] {dataproc.py:3155} INFO - Batch job raw-to-bronze-98e7c68a completed. Driver logs: https://console.cloud.google.com/dataproc/batches/asia-southeast1/raw-to-bronze-98e7c68a/monitoring?project=hybrid-elt-lakehouse-pipeline
[2026-08-31T10:52:11.356+0000] {taskinstance.py:441} INFO - ::group::Post task execution logs
[2026-08-31T10:52:11.380+0000] {taskinstance.py:1206} INFO - Marking task as SUCCESS. dag_id=hybrid_lakehouse_daily_pipeline, task_id=run_raw_to_bronze, run_id=manual__2026-08-15T18:34:32.030907+00:00, execution_date=20260815T183432, start_date=20260831T104850, end_date=20260831T105211
[2026-08-31T10:52:11.416+0000] {local_task_job_runner.py:243} INFO - Task exited with return code 0
[2026-08-31T10:52:11.446+0000] {taskinstance.py:3503} INFO - 1 downstream tasks scheduled from follow-on schedule check
[2026-08-31T10:52:11.449+0000] {local_task_job_runner.py:222} INFO - ::endgroup::
