[2026-08-31T10:56:27.466+0000] {local_task_job_runner.py:120} INFO - ::group::Pre task execution logs
[2026-08-31T10:56:27.484+0000] {taskinstance.py:2076} INFO - Dependencies all met for dep_context=non-requeueable deps ti=<TaskInstance: hybrid_lakehouse_daily_pipeline.run_dbt_gold manual__2026-08-15T18:34:32.030907+00:00 [queued]>
[2026-08-31T10:56:27.493+0000] {taskinstance.py:2076} INFO - Dependencies all met for dep_context=requeueable deps ti=<TaskInstance: hybrid_lakehouse_daily_pipeline.run_dbt_gold manual__2026-08-15T18:34:32.030907+00:00 [queued]>
[2026-08-31T10:56:27.494+0000] {taskinstance.py:2306} INFO - Starting attempt 1 of 2
[2026-08-31T10:56:27.511+0000] {taskinstance.py:2330} INFO - Executing <Task(BashOperator): run_dbt_gold> on 2026-08-15 18:34:32.030907+00:00
[2026-08-31T10:56:27.521+0000] {standard_task_runner.py:90} INFO - Running: ['***', 'tasks', 'run', 'hybrid_lakehouse_daily_pipeline', 'run_dbt_gold', 'manual__2026-08-15T18:34:32.030907+00:00', '--job-id', '52', '--raw', '--subdir', 'DAGS_FOLDER/lakehouse_pipeline.py', '--cfg-path', '/tmp/tmpgimqi5h2']
[2026-08-31T10:56:27.525+0000] {standard_task_runner.py:91} INFO - Job 52: Subtask run_dbt_gold
[2026-08-31T10:56:27.525+0000] {logging_mixin.py:188} WARNING - /home/***/.local/lib/python3.12/site-packages/***/task/task_runner/standard_task_runner.py:62 DeprecationWarning: This process (pid=512) is multi-threaded, use of fork() may lead to deadlocks in the child.
[2026-08-31T10:56:27.527+0000] {standard_task_runner.py:64} INFO - Started process 513 to run task
[2026-08-31T10:56:27.602+0000] {task_command.py:426} INFO - Running <TaskInstance: hybrid_lakehouse_daily_pipeline.run_dbt_gold manual__2026-08-15T18:34:32.030907+00:00 [running]> on host 905eac4f6c1d
[2026-08-31T10:56:27.718+0000] {taskinstance.py:2648} INFO - Exporting env vars: AIRFLOW_CTX_DAG_OWNER='data_engineer' AIRFLOW_CTX_DAG_ID='hybrid_lakehouse_daily_pipeline' AIRFLOW_CTX_TASK_ID='run_dbt_gold' AIRFLOW_CTX_EXECUTION_DATE='2026-08-15T18:34:32.030907+00:00' AIRFLOW_CTX_TRY_NUMBER='1' AIRFLOW_CTX_DAG_RUN_ID='manual__2026-08-15T18:34:32.030907+00:00'
[2026-08-31T10:56:27.721+0000] {taskinstance.py:430} INFO - ::endgroup::
[2026-08-31T10:56:27.746+0000] {subprocess.py:63} INFO - Tmp dir root location: /tmp
[2026-08-31T10:56:27.748+0000] {subprocess.py:75} INFO - Running command: ['/usr/bin/bash', '-c', 'cd /opt/***/dbt_transform && dbt build --profiles-dir .']
[2026-08-31T10:56:27.768+0000] {subprocess.py:86} INFO - Output:
[2026-08-31T10:56:30.770+0000] {subprocess.py:93} INFO - [0m10:56:30  Running with dbt=1.12.2
[2026-08-31T10:56:32.565+0000] {subprocess.py:93} INFO - [0m10:56:32  Registered adapter: bigquery=1.12.0
[2026-08-31T10:56:33.509+0000] {subprocess.py:93} INFO - [0m10:56:33  Found 15 models, 27 data tests, 8 sources, 561 macros
[2026-08-31T10:56:33.519+0000] {subprocess.py:93} INFO - [0m10:56:33
[2026-08-31T10:56:33.522+0000] {subprocess.py:93} INFO - [0m10:56:33  Concurrency: 4 threads (target='dev')
[2026-08-31T10:56:33.524+0000] {subprocess.py:93} INFO - [0m10:56:33
[2026-08-31T10:56:35.401+0000] {subprocess.py:93} INFO - [0m10:56:35  1 of 42 START sql table model lakehouse_gold.dim_date .......................... [RUN]
[2026-08-31T10:56:35.403+0000] {subprocess.py:93} INFO - [0m10:56:35  2 of 42 START sql view model lakehouse_gold.stg_customers ...................... [RUN]
[2026-08-31T10:56:35.405+0000] {subprocess.py:93} INFO - [0m10:56:35  3 of 42 START sql view model lakehouse_gold.stg_order_items .................... [RUN]
[2026-08-31T10:56:35.407+0000] {subprocess.py:93} INFO - [0m10:56:35  4 of 42 START sql view model lakehouse_gold.stg_orders ......................... [RUN]
[2026-08-31T10:56:37.610+0000] {subprocess.py:93} INFO - [0m10:56:37  2 of 42 OK created sql view model lakehouse_gold.stg_customers ................. [[32mCREATE VIEW (0 processed)[0m in 2.20s]
[2026-08-31T10:56:37.614+0000] {subprocess.py:93} INFO - [0m10:56:37  5 of 42 START sql view model lakehouse_gold.stg_payments ....................... [RUN]
[2026-08-31T10:56:37.654+0000] {subprocess.py:93} INFO - [0m10:56:37  4 of 42 OK created sql view model lakehouse_gold.stg_orders .................... [[32mCREATE VIEW (0 processed)[0m in 2.24s]
[2026-08-31T10:56:37.658+0000] {subprocess.py:93} INFO - [0m10:56:37  6 of 42 START sql view model lakehouse_gold.stg_products ....................... [RUN]
[2026-08-31T10:56:37.865+0000] {subprocess.py:93} INFO - [0m10:56:37  3 of 42 OK created sql view model lakehouse_gold.stg_order_items ............... [[32mCREATE VIEW (0 processed)[0m in 2.45s]
[2026-08-31T10:56:37.874+0000] {subprocess.py:93} INFO - [0m10:56:37  7 of 42 START sql view model lakehouse_gold.stg_reviews ........................ [RUN]
[2026-08-31T10:56:38.340+0000] {subprocess.py:93} INFO - [0m10:56:38  1 of 42 OK created sql table model lakehouse_gold.dim_date ..................... [[32mCREATE TABLE (1.6k rows, 0 processed)[0m in 2.93s]
[2026-08-31T10:56:38.345+0000] {subprocess.py:93} INFO - [0m10:56:38  8 of 42 START sql view model lakehouse_gold.stg_sellers ........................ [RUN]
[2026-08-31T10:56:39.658+0000] {subprocess.py:93} INFO - [0m10:56:39  5 of 42 OK created sql view model lakehouse_gold.stg_payments .................. [[32mCREATE VIEW (0 processed)[0m in 2.04s]
[2026-08-31T10:56:39.661+0000] {subprocess.py:93} INFO - [0m10:56:39  9 of 42 START sql view model lakehouse_gold.stg_shipments ...................... [RUN]
[2026-08-31T10:56:39.755+0000] {subprocess.py:93} INFO - [0m10:56:39  6 of 42 OK created sql view model lakehouse_gold.stg_products .................. [[32mCREATE VIEW (0 processed)[0m in 2.09s]
[2026-08-31T10:56:39.758+0000] {subprocess.py:93} INFO - [0m10:56:39  10 of 42 START sql table model lakehouse_gold.dim_customers .................... [RUN]
[2026-08-31T10:56:39.783+0000] {subprocess.py:93} INFO - [0m10:56:39  7 of 42 OK created sql view model lakehouse_gold.stg_reviews ................... [[32mCREATE VIEW (0 processed)[0m in 1.91s]
[2026-08-31T10:56:39.791+0000] {subprocess.py:93} INFO - [0m10:56:39  11 of 42 START test not_null_dim_date_date_id .................................. [RUN]
[2026-08-31T10:56:40.381+0000] {subprocess.py:93} INFO - [0m10:56:40  8 of 42 OK created sql view model lakehouse_gold.stg_sellers ................... [[32mCREATE VIEW (0 processed)[0m in 2.03s]
[2026-08-31T10:56:40.385+0000] {subprocess.py:93} INFO - [0m10:56:40  12 of 42 START test not_null_dim_date_day_of_month ............................. [RUN]
[2026-08-31T10:56:41.963+0000] {subprocess.py:93} INFO - [0m10:56:41  11 of 42 PASS not_null_dim_date_date_id ........................................ [[32mPASS[0m in 2.17s]
[2026-08-31T10:56:41.967+0000] {subprocess.py:93} INFO - [0m10:56:41  13 of 42 START test not_null_dim_date_full_date ................................ [RUN]
[2026-08-31T10:56:41.992+0000] {subprocess.py:93} INFO - [0m10:56:41  9 of 42 OK created sql view model lakehouse_gold.stg_shipments ................. [[32mCREATE VIEW (0 processed)[0m in 2.33s]
[2026-08-31T10:56:41.997+0000] {subprocess.py:93} INFO - [0m10:56:41  14 of 42 START test not_null_dim_date_month_number ............................. [RUN]
[2026-08-31T10:56:42.062+0000] {subprocess.py:93} INFO - [0m10:56:42  12 of 42 PASS not_null_dim_date_day_of_month ................................... [[32mPASS[0m in 1.67s]
[2026-08-31T10:56:42.070+0000] {subprocess.py:93} INFO - [0m10:56:42  15 of 42 START test not_null_dim_date_year ..................................... [RUN]
[2026-08-31T10:56:43.644+0000] {subprocess.py:93} INFO - [0m10:56:43  15 of 42 PASS not_null_dim_date_year ........................................... [[32mPASS[0m in 1.57s]
[2026-08-31T10:56:43.648+0000] {subprocess.py:93} INFO - [0m10:56:43  16 of 42 START test unique_dim_date_date_id .................................... [RUN]
[2026-08-31T10:56:43.674+0000] {subprocess.py:93} INFO - [0m10:56:43  14 of 42 PASS not_null_dim_date_month_number ................................... [[32mPASS[0m in 1.68s]
[2026-08-31T10:56:43.681+0000] {subprocess.py:93} INFO - [0m10:56:43  17 of 42 START sql table model lakehouse_gold.fact_orders ...................... [RUN]
[2026-08-31T10:56:43.985+0000] {subprocess.py:93} INFO - [0m10:56:43  10 of 42 OK created sql table model lakehouse_gold.dim_customers ............... [[32mCREATE TABLE (20.5k rows, 1.1 MiB processed)[0m in 4.22s]
[2026-08-31T10:56:43.990+0000] {subprocess.py:93} INFO - [0m10:56:43  18 of 42 START sql incremental model lakehouse_gold.dim_products ............... [RUN]
[2026-08-31T10:56:44.025+0000] {subprocess.py:93} INFO - [0m10:56:44  13 of 42 PASS not_null_dim_date_full_date ...................................... [[32mPASS[0m in 2.06s]
[2026-08-31T10:56:44.064+0000] {subprocess.py:93} INFO - [0m10:56:44  19 of 42 START sql table model lakehouse_gold.fact_order_items ................. [RUN]
[2026-08-31T10:56:45.280+0000] {subprocess.py:93} INFO - [0m10:56:45  16 of 42 PASS unique_dim_date_date_id .......................................... [[32mPASS[0m in 1.63s]
[2026-08-31T10:56:45.286+0000] {subprocess.py:93} INFO - [0m10:56:45  20 of 42 START sql table model lakehouse_gold.dim_sellers ...................... [RUN]
[2026-08-31T10:56:49.081+0000] {subprocess.py:93} INFO - [0m10:56:49  20 of 42 OK created sql table model lakehouse_gold.dim_sellers ................. [[32mCREATE TABLE (6.7k rows, 582.2 KiB processed)[0m in 3.79s]
[2026-08-31T10:56:49.086+0000] {subprocess.py:93} INFO - [0m10:56:49  21 of 42 START sql incremental model lakehouse_gold.fact_shipments ............. [RUN]
[2026-08-31T10:56:49.102+0000] {subprocess.py:93} INFO - [0m10:56:49  17 of 42 OK created sql table model lakehouse_gold.fact_orders ................. [[32mCREATE TABLE (62.9k rows, 14.1 MiB processed)[0m in 5.41s]
[2026-08-31T10:56:49.104+0000] {subprocess.py:93} INFO - [0m10:56:49  18 of 42 OK created sql incremental model lakehouse_gold.dim_products .......... [[32mMERGE (17.1k rows, 8.2 MiB processed)[0m in 5.11s]
[2026-08-31T10:56:49.119+0000] {subprocess.py:93} INFO - [0m10:56:49  22 of 42 START test not_null_dim_customers_customer_id ......................... [RUN]
[2026-08-31T10:56:49.120+0000] {subprocess.py:93} INFO - [0m10:56:49  23 of 42 START test unique_dim_customers_customer_id ........................... [RUN]
[2026-08-31T10:56:49.647+0000] {subprocess.py:93} INFO - [0m10:56:49  19 of 42 OK created sql table model lakehouse_gold.fact_order_items ............ [[32mCREATE TABLE (91.4k rows, 13.1 MiB processed)[0m in 5.57s]
[2026-08-31T10:56:49.652+0000] {subprocess.py:93} INFO - [0m10:56:49  24 of 42 START test not_null_dim_sellers_seller_id ............................. [RUN]
[2026-08-31T10:56:50.555+0000] {subprocess.py:93} INFO - [0m10:56:50  22 of 42 PASS not_null_dim_customers_customer_id ............................... [[32mPASS[0m in 1.43s]
[2026-08-31T10:56:50.560+0000] {subprocess.py:93} INFO - [0m10:56:50  25 of 42 START test unique_dim_sellers_seller_id ............................... [RUN]
[2026-08-31T10:56:50.755+0000] {subprocess.py:93} INFO - [0m10:56:50  23 of 42 PASS unique_dim_customers_customer_id ................................. [[32mPASS[0m in 1.63s]
[2026-08-31T10:56:50.760+0000] {subprocess.py:93} INFO - [0m10:56:50  26 of 42 START test not_null_fact_orders_customer_id ........................... [RUN]
[2026-08-31T10:56:51.113+0000] {subprocess.py:93} INFO - [0m10:56:51  24 of 42 PASS not_null_dim_sellers_seller_id ................................... [[32mPASS[0m in 1.46s]
[2026-08-31T10:56:51.120+0000] {subprocess.py:93} INFO - [0m10:56:51  27 of 42 START test not_null_fact_orders_order_id .............................. [RUN]
[2026-08-31T10:56:51.932+0000] {subprocess.py:93} INFO - [0m10:56:51  25 of 42 PASS unique_dim_sellers_seller_id ..................................... [[32mPASS[0m in 1.37s]
[2026-08-31T10:56:51.936+0000] {subprocess.py:93} INFO - [0m10:56:51  28 of 42 START test relationships_fact_orders_customer_id__customer_id__ref_dim_customers_  [RUN]
[2026-08-31T10:56:52.115+0000] {subprocess.py:93} INFO - [0m10:56:52  26 of 42 PASS not_null_fact_orders_customer_id ................................. [[32mPASS[0m in 1.35s]
[2026-08-31T10:56:52.119+0000] {subprocess.py:93} INFO - [0m10:56:52  29 of 42 START test unique_fact_orders_order_id ................................ [RUN]
[2026-08-31T10:56:52.746+0000] {subprocess.py:93} INFO - [0m10:56:52  27 of 42 PASS not_null_fact_orders_order_id .................................... [[32mPASS[0m in 1.62s]
[2026-08-31T10:56:52.750+0000] {subprocess.py:93} INFO - [0m10:56:52  30 of 42 START test not_null_dim_products_product_id ........................... [RUN]
[2026-08-31T10:56:53.364+0000] {subprocess.py:93} INFO - [0m10:56:53  28 of 42 FAIL 9556 relationships_fact_orders_customer_id__customer_id__ref_dim_customers_  [[31mFAIL 9556[0m in 1.43s]
[2026-08-31T10:56:53.368+0000] {subprocess.py:93} INFO - [0m10:56:53  31 of 42 START test unique_dim_products_product_id ............................. [RUN]
[2026-08-31T10:56:53.582+0000] {subprocess.py:93} INFO - [0m10:56:53  21 of 42 OK created sql incremental model lakehouse_gold.fact_shipments ........ [[32mMERGE (0.0 rows, 2.4 MiB processed)[0m in 4.48s]
[2026-08-31T10:56:53.591+0000] {subprocess.py:93} INFO - [0m10:56:53  32 of 42 START test not_null_fact_order_items_order_id ......................... [RUN]
[2026-08-31T10:56:53.625+0000] {subprocess.py:93} INFO - [0m10:56:53  29 of 42 PASS unique_fact_orders_order_id ...................................... [[32mPASS[0m in 1.50s]
[2026-08-31T10:56:53.635+0000] {subprocess.py:93} INFO - [0m10:56:53  33 of 42 START test not_null_fact_order_items_order_item_sk .................... [RUN]
[2026-08-31T10:56:54.294+0000] {subprocess.py:93} INFO - [0m10:56:54  30 of 42 PASS not_null_dim_products_product_id ................................. [[32mPASS[0m in 1.54s]
[2026-08-31T10:56:54.300+0000] {subprocess.py:93} INFO - [0m10:56:54  34 of 42 START test not_null_fact_order_items_product_id ....................... [RUN]
[2026-08-31T10:56:54.890+0000] {subprocess.py:93} INFO - [0m10:56:54  31 of 42 PASS unique_dim_products_product_id ................................... [[32mPASS[0m in 1.52s]
[2026-08-31T10:56:54.899+0000] {subprocess.py:93} INFO - [0m10:56:54  35 of 42 START test not_null_fact_order_items_seller_id ........................ [RUN]
[2026-08-31T10:56:55.028+0000] {subprocess.py:93} INFO - [0m10:56:55  32 of 42 PASS not_null_fact_order_items_order_id ............................... [[32mPASS[0m in 1.43s]
[2026-08-31T10:56:55.032+0000] {subprocess.py:93} INFO - [0m10:56:55  36 of 42 START test relationships_fact_order_items_order_id__order_id__ref_fact_orders_  [RUN]
[2026-08-31T10:56:55.557+0000] {subprocess.py:93} INFO - [0m10:56:55  34 of 42 PASS not_null_fact_order_items_product_id ............................. [[32mPASS[0m in 1.26s]
[2026-08-31T10:56:55.561+0000] {subprocess.py:93} INFO - [0m10:56:55  37 of 42 START test relationships_fact_order_items_product_id__product_id__ref_dim_products_  [RUN]
[2026-08-31T10:56:55.842+0000] {subprocess.py:93} INFO - [0m10:56:55  33 of 42 PASS not_null_fact_order_items_order_item_sk .......................... [[32mPASS[0m in 2.20s]
[2026-08-31T10:56:55.846+0000] {subprocess.py:93} INFO - [0m10:56:55  38 of 42 START test relationships_fact_order_items_seller_id__seller_id__ref_dim_sellers_  [RUN]
[2026-08-31T10:56:56.143+0000] {subprocess.py:93} INFO - [0m10:56:56  35 of 42 PASS not_null_fact_order_items_seller_id .............................. [[32mPASS[0m in 1.24s]
[2026-08-31T10:56:56.147+0000] {subprocess.py:93} INFO - [0m10:56:56  39 of 42 START test unique_fact_order_items_order_item_sk ...................... [RUN]
[2026-08-31T10:56:56.393+0000] {subprocess.py:93} INFO - [0m10:56:56  36 of 42 FAIL 12860 relationships_fact_order_items_order_id__order_id__ref_fact_orders_  [[31mFAIL 12860[0m in 1.36s]
[2026-08-31T10:56:56.398+0000] {subprocess.py:93} INFO - [0m10:56:56  40 of 42 START test not_null_fact_shipments_shipment_id ........................ [RUN]
[2026-08-31T10:56:56.907+0000] {subprocess.py:93} INFO - [0m10:56:56  37 of 42 PASS relationships_fact_order_items_product_id__product_id__ref_dim_products_  [[32mPASS[0m in 1.34s]
[2026-08-31T10:56:56.911+0000] {subprocess.py:93} INFO - [0m10:56:56  41 of 42 START test relationships_fact_shipments_order_id__order_id__ref_fact_orders_  [RUN]
[2026-08-31T10:56:57.568+0000] {subprocess.py:93} INFO - [0m10:56:57  38 of 42 FAIL 13597 relationships_fact_order_items_seller_id__seller_id__ref_dim_sellers_  [[31mFAIL 13597[0m in 1.72s]
[2026-08-31T10:56:57.574+0000] {subprocess.py:93} INFO - [0m10:56:57  42 of 42 START test unique_fact_shipments_shipment_id .......................... [RUN]
[2026-08-31T10:56:57.673+0000] {subprocess.py:93} INFO - [0m10:56:57  40 of 42 PASS not_null_fact_shipments_shipment_id .............................. [[32mPASS[0m in 1.27s]
[2026-08-31T10:56:58.017+0000] {subprocess.py:93} INFO - [0m10:56:58  39 of 42 PASS unique_fact_order_items_order_item_sk ............................ [[32mPASS[0m in 1.87s]
[2026-08-31T10:56:58.672+0000] {subprocess.py:93} INFO - [0m10:56:58  41 of 42 FAIL 6388 relationships_fact_shipments_order_id__order_id__ref_fact_orders_  [[31mFAIL 6388[0m in 1.76s]
[2026-08-31T10:56:58.899+0000] {subprocess.py:93} INFO - [0m10:56:58  42 of 42 PASS unique_fact_shipments_shipment_id ................................ [[32mPASS[0m in 1.32s]
[2026-08-31T10:56:58.962+0000] {subprocess.py:93} INFO - [0m10:56:58
[2026-08-31T10:56:58.963+0000] {subprocess.py:93} INFO - [0m10:56:58  Finished running 2 incremental models, 5 table models, 27 data tests, 8 view models in 0 hours 0 minutes and 25.44 seconds (25.44s).
[2026-08-31T10:56:59.144+0000] {subprocess.py:93} INFO - [0m10:56:59
[2026-08-31T10:56:59.146+0000] {subprocess.py:93} INFO - [0m10:56:59  [31mCompleted with 4 errors, 0 partial successes, and 0 warnings:[0m
[2026-08-31T10:56:59.147+0000] {subprocess.py:93} INFO - [0m10:56:59
[2026-08-31T10:56:59.149+0000] {subprocess.py:93} INFO - [0m10:56:59  [[31mERROR[0m]: in test relationships_fact_orders_customer_id__customer_id__ref_dim_customers_ (models/marts/schema.yml)
[2026-08-31T10:56:59.150+0000] {subprocess.py:93} INFO - [0m10:56:59    Got 9556 results, configured to fail if != 0
[2026-08-31T10:56:59.152+0000] {subprocess.py:93} INFO - [0m10:56:59
[2026-08-31T10:56:59.153+0000] {subprocess.py:93} INFO - [0m10:56:59    compiled code at target/compiled/hybrid_elt_lakehouse/models/marts/schema.yml/relationships_fact_orders_3769f5b9747a78e2aa34f9e73aa270d6.sql
[2026-08-31T10:56:59.154+0000] {subprocess.py:93} INFO - [0m10:56:59
[2026-08-31T10:56:59.156+0000] {subprocess.py:93} INFO - [0m10:56:59  [[31mERROR[0m]: in test relationships_fact_order_items_order_id__order_id__ref_fact_orders_ (models/marts/schema.yml)
[2026-08-31T10:56:59.157+0000] {subprocess.py:93} INFO - [0m10:56:59    Got 12860 results, configured to fail if != 0
[2026-08-31T10:56:59.158+0000] {subprocess.py:93} INFO - [0m10:56:59
[2026-08-31T10:56:59.160+0000] {subprocess.py:93} INFO - [0m10:56:59    compiled code at target/compiled/hybrid_elt_lakehouse/models/marts/schema.yml/relationships_fact_order_items_40f3126aaf69b9319cf8a1bfc6dfca58.sql
[2026-08-31T10:56:59.161+0000] {subprocess.py:93} INFO - [0m10:56:59
[2026-08-31T10:56:59.163+0000] {subprocess.py:93} INFO - [0m10:56:59  [[31mERROR[0m]: in test relationships_fact_order_items_seller_id__seller_id__ref_dim_sellers_ (models/marts/schema.yml)
[2026-08-31T10:56:59.164+0000] {subprocess.py:93} INFO - [0m10:56:59    Got 13597 results, configured to fail if != 0
[2026-08-31T10:56:59.166+0000] {subprocess.py:93} INFO - [0m10:56:59
[2026-08-31T10:56:59.167+0000] {subprocess.py:93} INFO - [0m10:56:59    compiled code at target/compiled/hybrid_elt_lakehouse/models/marts/schema.yml/relationships_fact_order_items_9a9532dcf5fbd81824264dbef8eac61e.sql
[2026-08-31T10:56:59.168+0000] {subprocess.py:93} INFO - [0m10:56:59
[2026-08-31T10:56:59.169+0000] {subprocess.py:93} INFO - [0m10:56:59  [[31mERROR[0m]: in test relationships_fact_shipments_order_id__order_id__ref_fact_orders_ (models/marts/schema.yml)
[2026-08-31T10:56:59.171+0000] {subprocess.py:93} INFO - [0m10:56:59    Got 6388 results, configured to fail if != 0
[2026-08-31T10:56:59.173+0000] {subprocess.py:93} INFO - [0m10:56:59
[2026-08-31T10:56:59.174+0000] {subprocess.py:93} INFO - [0m10:56:59    compiled code at target/compiled/hybrid_elt_lakehouse/models/marts/schema.yml/relationships_fact_shipments_9bfa9c1e6f595731083d4a9fc430b22b.sql
[2026-08-31T10:56:59.175+0000] {subprocess.py:93} INFO - [0m10:56:59
[2026-08-31T10:56:59.177+0000] {subprocess.py:93} INFO - [0m10:56:59  Done. PASS=38 WARN=0 ERROR=4 SKIP=0 NO-OP=0 REUSED=0 TOTAL=42
[2026-08-31T10:57:02.772+0000] {subprocess.py:97} INFO - Command exited with return code 1
[2026-08-31T10:57:02.775+0000] {taskinstance.py:441} INFO - ::group::Post task execution logs
[2026-08-31T10:57:02.791+0000] {taskinstance.py:2905} ERROR - Task failed with exception
Traceback (most recent call last):
  File "/home/airflow/.local/lib/python3.12/site-packages/airflow/models/taskinstance.py", line 465, in _execute_task
    result = _execute_callable(context=context, **execute_callable_kwargs)
             ^^^^^^^^^^^^^^^^^^^^^^^^^^^^^^^^^^^^^^^^^^^^^^^^^^^^^^^^^^^^^
  File "/home/airflow/.local/lib/python3.12/site-packages/airflow/models/taskinstance.py", line 432, in _execute_callable
    return execute_callable(context=context, **execute_callable_kwargs)
           ^^^^^^^^^^^^^^^^^^^^^^^^^^^^^^^^^^^^^^^^^^^^^^^^^^^^^^^^^^^^
  File "/home/airflow/.local/lib/python3.12/site-packages/airflow/models/baseoperator.py", line 401, in wrapper
    return func(self, *args, **kwargs)
           ^^^^^^^^^^^^^^^^^^^^^^^^^^^
  File "/home/airflow/.local/lib/python3.12/site-packages/airflow/operators/bash.py", line 243, in execute
    raise AirflowException(
airflow.exceptions.AirflowException: Bash command failed. The command returned a non-zero exit code 1.
[2026-08-31T10:57:02.798+0000] {taskinstance.py:1206} INFO - Marking task as UP_FOR_RETRY. dag_id=hybrid_lakehouse_daily_pipeline, task_id=run_dbt_gold, run_id=manual__2026-08-15T18:34:32.030907+00:00, execution_date=20260815T183432, start_date=20260831T105627, end_date=20260831T105702
[2026-08-31T10:57:02.814+0000] {standard_task_runner.py:110} ERROR - Failed to execute job 52 for task run_dbt_gold (Bash command failed. The command returned a non-zero exit code 1.; 513)
[2026-08-31T10:57:02.858+0000] {local_task_job_runner.py:243} INFO - Task exited with return code 1
[2026-08-31T10:57:02.878+0000] {taskinstance.py:3503} INFO - 0 downstream tasks scheduled from follow-on schedule check
[2026-08-31T10:57:02.882+0000] {local_task_job_runner.py:222} INFO - ::endgroup::
