[2026-08-15T17:31:14.029+0000] {local_task_job_runner.py:120} INFO - ::group::Pre task execution logs
[2026-08-15T17:31:14.073+0000] {taskinstance.py:2076} INFO - Dependencies all met for dep_context=non-requeueable deps ti=<TaskInstance: hybrid_lakehouse_daily_pipeline.run_raw_to_bronze manual__2026-08-15T17:24:52.767181+00:00 [queued]>
[2026-08-15T17:31:14.092+0000] {taskinstance.py:2076} INFO - Dependencies all met for dep_context=requeueable deps ti=<TaskInstance: hybrid_lakehouse_daily_pipeline.run_raw_to_bronze manual__2026-08-15T17:24:52.767181+00:00 [queued]>
[2026-08-15T17:31:14.094+0000] {taskinstance.py:2306} INFO - Starting attempt 3 of 2
[2026-08-15T17:31:14.121+0000] {taskinstance.py:2330} INFO - Executing <Task(DataprocCreateBatchOperator): run_raw_to_bronze> on 2026-08-15 17:24:52.767181+00:00
[2026-08-15T17:31:14.143+0000] {standard_task_runner.py:90} INFO - Running: ['***', 'tasks', 'run', 'hybrid_lakehouse_daily_pipeline', 'run_raw_to_bronze', 'manual__2026-08-15T17:24:52.767181+00:00', '--job-id', '10', '--raw', '--subdir', 'DAGS_FOLDER/lakehouse_pipeline.py', '--cfg-path', '/tmp/tmpftjwzcex']
[2026-08-15T17:31:14.151+0000] {standard_task_runner.py:91} INFO - Job 10: Subtask run_raw_to_bronze
[2026-08-15T17:31:14.165+0000] {logging_mixin.py:188} WARNING - /home/***/.local/lib/python3.12/site-packages/***/task/task_runner/standard_task_runner.py:62 DeprecationWarning: This process (pid=172) is multi-threaded, use of fork() may lead to deadlocks in the child.
[2026-08-15T17:31:14.168+0000] {standard_task_runner.py:64} INFO - Started process 181 to run task
[2026-08-15T17:31:14.381+0000] {task_command.py:426} INFO - Running <TaskInstance: hybrid_lakehouse_daily_pipeline.run_raw_to_bronze manual__2026-08-15T17:24:52.767181+00:00 [running]> on host 905eac4f6c1d
[2026-08-15T17:31:14.618+0000] {taskinstance.py:2648} INFO - Exporting env vars: AIRFLOW_CTX_DAG_OWNER='data_engineer' AIRFLOW_CTX_DAG_ID='hybrid_lakehouse_daily_pipeline' AIRFLOW_CTX_TASK_ID='run_raw_to_bronze' AIRFLOW_CTX_EXECUTION_DATE='2026-08-15T17:24:52.767181+00:00' AIRFLOW_CTX_TRY_NUMBER='3' AIRFLOW_CTX_DAG_RUN_ID='manual__2026-08-15T17:24:52.767181+00:00'
[2026-08-15T17:31:14.624+0000] {taskinstance.py:430} INFO - ::endgroup::
[2026-08-15T17:31:14.702+0000] {crypto.py:82} WARNING - empty cryptography key - values will not be stored encrypted.
[2026-08-15T17:31:14.705+0000] {connection.py:274} WARNING - Connection schemes (type: google_cloud_platform) shall not contain '_' according to RFC3986.
[2026-08-15T17:31:14.707+0000] {base.py:84} INFO - Using connection ID 'google_cloud_default' for task execution.
[2026-08-15T17:31:14.709+0000] {dataproc.py:3030} INFO - Creating batch raw-to-bronze-cd21bfd2
[2026-08-15T17:31:14.710+0000] {dataproc.py:3031} INFO - Once started, the batch job will be available at https://console.cloud.google.com/dataproc/batches/asia-southeast1/raw-to-bronze-cd21bfd2/monitoring?project=hybrid-elt-lakehouse-pipeline
[2026-08-15T17:38:18.637+0000] {taskinstance.py:441} INFO - ::group::Post task execution logs
[2026-08-15T17:38:18.649+0000] {taskinstance.py:2905} ERROR - Task failed with exception
Traceback (most recent call last):
  File "/home/airflow/.local/lib/python3.12/site-packages/airflow/providers/google/cloud/hooks/dataproc.py", line 281, in wait_for_operation
    return operation.result(timeout=timeout, retry=result_retry)
           ^^^^^^^^^^^^^^^^^^^^^^^^^^^^^^^^^^^^^^^^^^^^^^^^^^^^^
  File "/home/airflow/.local/lib/python3.12/site-packages/google/api_core/future/polling.py", line 260, in result
    raise self._exception
google.api_core.exceptions.Aborted: 409 Google Cloud Dataproc Agent reports job failure. If logs are available, they can be found at:
https://console.cloud.google.com/dataproc/batches/asia-southeast1/raw-to-bronze-cd21bfd2?project=hybrid-elt-lakehouse-pipeline
gcloud dataproc batches wait 'raw-to-bronze-cd21bfd2' --region 'asia-southeast1' --project 'hybrid-elt-lakehouse-pipeline'
https://console.cloud.google.com/storage/browser/dataproc-staging-asia-southeast1-863536426474-i05mzuur/google-cloud-dataproc-metainfo/795a1366-d340-459a-87bf-d0053838c73c/jobs/srvls-batch-b84d455e-9b03-45ac-8c78-b8ffb7cc2206/
gs://dataproc-staging-asia-southeast1-863536426474-i05mzuur/google-cloud-dataproc-metainfo/795a1366-d340-459a-87bf-d0053838c73c/jobs/srvls-batch-b84d455e-9b03-45ac-8c78-b8ffb7cc2206/driveroutput.* 10: Google Cloud Dataproc Agent reports job failure. If logs are available, they can be found at:
https://console.cloud.google.com/dataproc/batches/asia-southeast1/raw-to-bronze-cd21bfd2?project=hybrid-elt-lakehouse-pipeline
gcloud dataproc batches wait 'raw-to-bronze-cd21bfd2' --region 'asia-southeast1' --project 'hybrid-elt-lakehouse-pipeline'
https://console.cloud.google.com/storage/browser/dataproc-staging-asia-southeast1-863536426474-i05mzuur/google-cloud-dataproc-metainfo/795a1366-d340-459a-87bf-d0053838c73c/jobs/srvls-batch-b84d455e-9b03-45ac-8c78-b8ffb7cc2206/
gs://dataproc-staging-asia-southeast1-863536426474-i05mzuur/google-cloud-dataproc-metainfo/795a1366-d340-459a-87bf-d0053838c73c/jobs/srvls-batch-b84d455e-9b03-45ac-8c78-b8ffb7cc2206/driveroutput.*

During handling of the above exception, another exception occurred:

Traceback (most recent call last):
  File "/home/airflow/.local/lib/python3.12/site-packages/airflow/models/taskinstance.py", line 465, in _execute_task
    result = _execute_callable(context=context, **execute_callable_kwargs)
             ^^^^^^^^^^^^^^^^^^^^^^^^^^^^^^^^^^^^^^^^^^^^^^^^^^^^^^^^^^^^^
  File "/home/airflow/.local/lib/python3.12/site-packages/airflow/models/taskinstance.py", line 432, in _execute_callable
    return execute_callable(context=context, **execute_callable_kwargs)
           ^^^^^^^^^^^^^^^^^^^^^^^^^^^^^^^^^^^^^^^^^^^^^^^^^^^^^^^^^^^^
  File "/home/airflow/.local/lib/python3.12/site-packages/airflow/models/baseoperator.py", line 401, in wrapper
    return func(self, *args, **kwargs)
           ^^^^^^^^^^^^^^^^^^^^^^^^^^^
  File "/home/airflow/.local/lib/python3.12/site-packages/airflow/providers/google/cloud/operators/dataproc.py", line 3052, in execute
    result = hook.wait_for_operation(
             ^^^^^^^^^^^^^^^^^^^^^^^^
  File "/home/airflow/.local/lib/python3.12/site-packages/airflow/providers/google/cloud/hooks/dataproc.py", line 284, in wait_for_operation
    raise AirflowException(error)
airflow.exceptions.AirflowException: 409 Google Cloud Dataproc Agent reports job failure. If logs are available, they can be found at:
https://console.cloud.google.com/dataproc/batches/asia-southeast1/raw-to-bronze-cd21bfd2?project=hybrid-elt-lakehouse-pipeline
gcloud dataproc batches wait 'raw-to-bronze-cd21bfd2' --region 'asia-southeast1' --project 'hybrid-elt-lakehouse-pipeline'
https://console.cloud.google.com/storage/browser/dataproc-staging-asia-southeast1-863536426474-i05mzuur/google-cloud-dataproc-metainfo/795a1366-d340-459a-87bf-d0053838c73c/jobs/srvls-batch-b84d455e-9b03-45ac-8c78-b8ffb7cc2206/
gs://dataproc-staging-asia-southeast1-863536426474-i05mzuur/google-cloud-dataproc-metainfo/795a1366-d340-459a-87bf-d0053838c73c/jobs/srvls-batch-b84d455e-9b03-45ac-8c78-b8ffb7cc2206/driveroutput.* 10: Google Cloud Dataproc Agent reports job failure. If logs are available, they can be found at:
https://console.cloud.google.com/dataproc/batches/asia-southeast1/raw-to-bronze-cd21bfd2?project=hybrid-elt-lakehouse-pipeline
gcloud dataproc batches wait 'raw-to-bronze-cd21bfd2' --region 'asia-southeast1' --project 'hybrid-elt-lakehouse-pipeline'
https://console.cloud.google.com/storage/browser/dataproc-staging-asia-southeast1-863536426474-i05mzuur/google-cloud-dataproc-metainfo/795a1366-d340-459a-87bf-d0053838c73c/jobs/srvls-batch-b84d455e-9b03-45ac-8c78-b8ffb7cc2206/
gs://dataproc-staging-asia-southeast1-863536426474-i05mzuur/google-cloud-dataproc-metainfo/795a1366-d340-459a-87bf-d0053838c73c/jobs/srvls-batch-b84d455e-9b03-45ac-8c78-b8ffb7cc2206/driveroutput.*
[2026-08-15T17:38:18.656+0000] {taskinstance.py:1206} INFO - Marking task as FAILED. dag_id=hybrid_lakehouse_daily_pipeline, task_id=run_raw_to_bronze, run_id=manual__2026-08-15T17:24:52.767181+00:00, execution_date=20260815T172452, start_date=20260815T173114, end_date=20260815T173818
[2026-08-15T17:38:18.674+0000] {standard_task_runner.py:110} ERROR - Failed to execute job 10 for task run_raw_to_bronze (409 Google Cloud Dataproc Agent reports job failure. If logs are available, they can be found at:
https://console.cloud.google.com/dataproc/batches/asia-southeast1/raw-to-bronze-cd21bfd2?project=hybrid-elt-lakehouse-pipeline
gcloud dataproc batches wait 'raw-to-bronze-cd21bfd2' --region 'asia-southeast1' --project 'hybrid-elt-lakehouse-pipeline'
https://console.cloud.google.com/storage/browser/dataproc-staging-asia-southeast1-863536426474-i05mzuur/google-cloud-dataproc-metainfo/795a1366-d340-459a-87bf-d0053838c73c/jobs/srvls-batch-b84d455e-9b03-45ac-8c78-b8ffb7cc2206/
gs://dataproc-staging-asia-southeast1-863536426474-i05mzuur/google-cloud-dataproc-metainfo/795a1366-d340-459a-87bf-d0053838c73c/jobs/srvls-batch-b84d455e-9b03-45ac-8c78-b8ffb7cc2206/driveroutput.* 10: Google Cloud Dataproc Agent reports job failure. If logs are available, they can be found at:
https://console.cloud.google.com/dataproc/batches/asia-southeast1/raw-to-bronze-cd21bfd2?project=hybrid-elt-lakehouse-pipeline
gcloud dataproc batches wait 'raw-to-bronze-cd21bfd2' --region 'asia-southeast1' --project 'hybrid-elt-lakehouse-pipeline'
https://console.cloud.google.com/storage/browser/dataproc-staging-asia-southeast1-863536426474-i05mzuur/google-cloud-dataproc-metainfo/795a1366-d340-459a-87bf-d0053838c73c/jobs/srvls-batch-b84d455e-9b03-45ac-8c78-b8ffb7cc2206/
gs://dataproc-staging-asia-southeast1-863536426474-i05mzuur/google-cloud-dataproc-metainfo/795a1366-d340-459a-87bf-d0053838c73c/jobs/srvls-batch-b84d455e-9b03-45ac-8c78-b8ffb7cc2206/driveroutput.*; 181)
[2026-08-15T17:38:18.715+0000] {local_task_job_runner.py:243} INFO - Task exited with return code 1
[2026-08-15T17:38:18.738+0000] {taskinstance.py:3503} INFO - 0 downstream tasks scheduled from follow-on schedule check
[2026-08-15T17:38:18.747+0000] {local_task_job_runner.py:222} INFO - ::endgroup::
