[2026-08-15T17:29:59.924+0000] {local_task_job_runner.py:120} INFO - ::group::Pre task execution logs
[2026-08-15T17:29:59.952+0000] {taskinstance.py:2076} INFO - Dependencies all met for dep_context=non-requeueable deps ti=<TaskInstance: hybrid_lakehouse_daily_pipeline.run_raw_to_bronze manual__2026-08-15T17:24:52.767181+00:00 [queued]>
[2026-08-15T17:29:59.965+0000] {taskinstance.py:2076} INFO - Dependencies all met for dep_context=requeueable deps ti=<TaskInstance: hybrid_lakehouse_daily_pipeline.run_raw_to_bronze manual__2026-08-15T17:24:52.767181+00:00 [queued]>
[2026-08-15T17:29:59.967+0000] {taskinstance.py:2306} INFO - Starting attempt 2 of 2
[2026-08-15T17:29:59.991+0000] {taskinstance.py:2330} INFO - Executing <Task(DataprocCreateBatchOperator): run_raw_to_bronze> on 2026-08-15 17:24:52.767181+00:00
[2026-08-15T17:30:00.009+0000] {standard_task_runner.py:90} INFO - Running: ['***', 'tasks', 'run', 'hybrid_lakehouse_daily_pipeline', 'run_raw_to_bronze', 'manual__2026-08-15T17:24:52.767181+00:00', '--job-id', '7', '--raw', '--subdir', 'DAGS_FOLDER/lakehouse_pipeline.py', '--cfg-path', '/tmp/tmpg2kyov4j']
[2026-08-15T17:30:00.015+0000] {standard_task_runner.py:91} INFO - Job 7: Subtask run_raw_to_bronze
[2026-08-15T17:30:00.019+0000] {logging_mixin.py:188} WARNING - /home/***/.local/lib/python3.12/site-packages/***/task/task_runner/standard_task_runner.py:62 DeprecationWarning: This process (pid=1333) is multi-threaded, use of fork() may lead to deadlocks in the child.
[2026-08-15T17:30:00.022+0000] {standard_task_runner.py:64} INFO - Started process 1334 to run task
[2026-08-15T17:30:00.147+0000] {task_command.py:426} INFO - Running <TaskInstance: hybrid_lakehouse_daily_pipeline.run_raw_to_bronze manual__2026-08-15T17:24:52.767181+00:00 [running]> on host e1a417500d43
[2026-08-15T17:30:00.299+0000] {taskinstance.py:2648} INFO - Exporting env vars: AIRFLOW_CTX_DAG_OWNER='data_engineer' AIRFLOW_CTX_DAG_ID='hybrid_lakehouse_daily_pipeline' AIRFLOW_CTX_TASK_ID='run_raw_to_bronze' AIRFLOW_CTX_EXECUTION_DATE='2026-08-15T17:24:52.767181+00:00' AIRFLOW_CTX_TRY_NUMBER='2' AIRFLOW_CTX_DAG_RUN_ID='manual__2026-08-15T17:24:52.767181+00:00'
[2026-08-15T17:30:00.302+0000] {taskinstance.py:430} INFO - ::endgroup::
[2026-08-15T17:30:00.343+0000] {connection.py:274} WARNING - Connection schemes (type: google_cloud_platform) shall not contain '_' according to RFC3986.
[2026-08-15T17:30:00.347+0000] {base.py:84} INFO - Using connection ID 'google_cloud_default' for task execution.
[2026-08-15T17:30:00.350+0000] {dataproc.py:3030} INFO - Creating batch raw-to-bronze-48aab7aa
[2026-08-15T17:30:00.352+0000] {dataproc.py:3031} INFO - Once started, the batch job will be available at https://console.cloud.google.com/dataproc/batches/asia-southeast1/raw-to-bronze-48aab7aa/monitoring?project=hybrid-elt-lakehouse-pipeline
[2026-08-15T17:30:18.994+0000] {local_task_job_runner.py:124} ERROR - Received SIGTERM. Terminating subprocesses
[2026-08-15T17:30:19.117+0000] {process_utils.py:132} INFO - Sending 15 to group 1334. PIDs of all processes in the group: [1334]
[2026-08-15T17:30:19.144+0000] {process_utils.py:87} INFO - Sending the signal 15 to group 1334
[2026-08-15T17:30:19.161+0000] {taskinstance.py:2611} ERROR - Received SIGTERM. Terminating subprocesses.
[2026-08-15T17:30:19.366+0000] {taskinstance.py:441} INFO - ::group::Post task execution logs
[2026-08-15T17:30:19.407+0000] {taskinstance.py:2905} ERROR - Task failed with exception
Traceback (most recent call last):
  File "/home/airflow/.local/lib/python3.12/site-packages/google/api_core/retry/retry_unary.py", line 148, in retry_target
    result = target()
             ^^^^^^^^
  File "/home/airflow/.local/lib/python3.12/site-packages/google/api_core/future/polling.py", line 119, in _done_or_raise
    raise _OperationNotComplete()
google.api_core.future.polling._OperationNotComplete

During handling of the above exception, another exception occurred:

Traceback (most recent call last):
  File "/home/airflow/.local/lib/python3.12/site-packages/airflow/models/taskinstance.py", line 465, in _execute_task
    result = _execute_callable(context=context, **execute_callable_kwargs)
             ^^^^^^^^^^^^^^^^^^^^^^^^^^^^^^^^^^^^^^^^^^^^^^^^^^^^^^^^^^^^^
  File "/home/airflow/.local/lib/python3.12/site-packages/airflow/models/taskinstance.py", line 432, in _execute_callable
    return execute_callable(context=context, **execute_callable_kwargs)
           ^^^^^^^^^^^^^^^^^^^^^^^^^^^^^^^^^^^^^^^^^^^^^^^^^^^^^^^^^^^^
  File "/home/airflow/.local/lib/python3.12/site-packages/airflow/models/baseoperator.py", line 401, in wrapper
    return func(self, *args, **kwargs)
           ^^^^^^^^^^^^^^^^^^^^^^^^^^^
  File "/home/airflow/.local/lib/python3.12/site-packages/airflow/providers/google/cloud/operators/dataproc.py", line 3052, in execute
    result = hook.wait_for_operation(
             ^^^^^^^^^^^^^^^^^^^^^^^^
  File "/home/airflow/.local/lib/python3.12/site-packages/airflow/providers/google/cloud/hooks/dataproc.py", line 281, in wait_for_operation
    return operation.result(timeout=timeout, retry=result_retry)
           ^^^^^^^^^^^^^^^^^^^^^^^^^^^^^^^^^^^^^^^^^^^^^^^^^^^^^
  File "/home/airflow/.local/lib/python3.12/site-packages/google/api_core/future/polling.py", line 255, in result
    self._blocking_poll(timeout=timeout, retry=retry, polling=polling)
  File "/home/airflow/.local/lib/python3.12/site-packages/google/api_core/future/polling.py", line 136, in _blocking_poll
    polling(self._done_or_raise)(retry=retry)
  File "/home/airflow/.local/lib/python3.12/site-packages/google/api_core/retry/retry_unary.py", line 295, in retry_wrapped_func
    return retry_target(
           ^^^^^^^^^^^^^
  File "/home/airflow/.local/lib/python3.12/site-packages/google/api_core/retry/retry_unary.py", line 168, in retry_target
    time.sleep(next_sleep)
  File "/home/airflow/.local/lib/python3.12/site-packages/airflow/models/taskinstance.py", line 2613, in signal_handler
    raise AirflowTaskTerminated("Task received SIGTERM signal")
airflow.exceptions.AirflowTaskTerminated: Task received SIGTERM signal
[2026-08-15T17:30:19.439+0000] {taskinstance.py:1206} INFO - Marking task as FAILED. dag_id=hybrid_lakehouse_daily_pipeline, task_id=run_raw_to_bronze, run_id=manual__2026-08-15T17:24:52.767181+00:00, execution_date=20260815T172452, start_date=20260815T172959, end_date=20260815T173019
