[2026-08-15T17:24:57.423+0000] {local_task_job_runner.py:120} INFO - ::group::Pre task execution logs
[2026-08-15T17:24:57.446+0000] {taskinstance.py:2076} INFO - Dependencies all met for dep_context=non-requeueable deps ti=<TaskInstance: hybrid_lakehouse_daily_pipeline.run_raw_to_bronze manual__2026-08-15T17:24:52.767181+00:00 [queued]>
[2026-08-15T17:24:57.458+0000] {taskinstance.py:2076} INFO - Dependencies all met for dep_context=requeueable deps ti=<TaskInstance: hybrid_lakehouse_daily_pipeline.run_raw_to_bronze manual__2026-08-15T17:24:52.767181+00:00 [queued]>
[2026-08-15T17:24:57.460+0000] {taskinstance.py:2306} INFO - Starting attempt 1 of 2
[2026-08-15T17:24:57.479+0000] {taskinstance.py:2330} INFO - Executing <Task(DataprocCreateBatchOperator): run_raw_to_bronze> on 2026-08-15 17:24:52.767181+00:00
[2026-08-15T17:24:57.492+0000] {standard_task_runner.py:90} INFO - Running: ['***', 'tasks', 'run', 'hybrid_lakehouse_daily_pipeline', 'run_raw_to_bronze', 'manual__2026-08-15T17:24:52.767181+00:00', '--job-id', '5', '--raw', '--subdir', 'DAGS_FOLDER/lakehouse_pipeline.py', '--cfg-path', '/tmp/tmpqhuc6nd_']
[2026-08-15T17:24:57.497+0000] {standard_task_runner.py:91} INFO - Job 5: Subtask run_raw_to_bronze
[2026-08-15T17:24:57.500+0000] {logging_mixin.py:188} WARNING - /home/***/.local/lib/python3.12/site-packages/***/task/task_runner/standard_task_runner.py:62 DeprecationWarning: This process (pid=1229) is multi-threaded, use of fork() may lead to deadlocks in the child.
[2026-08-15T17:24:57.502+0000] {standard_task_runner.py:64} INFO - Started process 1230 to run task
[2026-08-15T17:24:57.631+0000] {task_command.py:426} INFO - Running <TaskInstance: hybrid_lakehouse_daily_pipeline.run_raw_to_bronze manual__2026-08-15T17:24:52.767181+00:00 [running]> on host e1a417500d43
[2026-08-15T17:24:57.839+0000] {taskinstance.py:2648} INFO - Exporting env vars: AIRFLOW_CTX_DAG_OWNER='data_engineer' AIRFLOW_CTX_DAG_ID='hybrid_lakehouse_daily_pipeline' AIRFLOW_CTX_TASK_ID='run_raw_to_bronze' AIRFLOW_CTX_EXECUTION_DATE='2026-08-15T17:24:52.767181+00:00' AIRFLOW_CTX_TRY_NUMBER='1' AIRFLOW_CTX_DAG_RUN_ID='manual__2026-08-15T17:24:52.767181+00:00'
[2026-08-15T17:24:57.844+0000] {taskinstance.py:430} INFO - ::endgroup::
[2026-08-15T17:24:57.938+0000] {taskinstance.py:441} INFO - ::group::Post task execution logs
[2026-08-15T17:24:57.956+0000] {taskinstance.py:2905} ERROR - Task failed with exception
Traceback (most recent call last):
  File "/home/airflow/.local/lib/python3.12/site-packages/airflow/models/taskinstance.py", line 465, in _execute_task
    result = _execute_callable(context=context, **execute_callable_kwargs)
             ^^^^^^^^^^^^^^^^^^^^^^^^^^^^^^^^^^^^^^^^^^^^^^^^^^^^^^^^^^^^^
  File "/home/airflow/.local/lib/python3.12/site-packages/airflow/models/taskinstance.py", line 432, in _execute_callable
    return execute_callable(context=context, **execute_callable_kwargs)
           ^^^^^^^^^^^^^^^^^^^^^^^^^^^^^^^^^^^^^^^^^^^^^^^^^^^^^^^^^^^^
  File "/home/airflow/.local/lib/python3.12/site-packages/airflow/models/baseoperator.py", line 401, in wrapper
    return func(self, *args, **kwargs)
           ^^^^^^^^^^^^^^^^^^^^^^^^^^^
  File "/home/airflow/.local/lib/python3.12/site-packages/airflow/providers/google/cloud/operators/dataproc.py", line 3024, in execute
    hook = DataprocHook(gcp_conn_id=self.gcp_conn_id, impersonation_chain=self.impersonation_chain)
           ^^^^^^^^^^^^^^^^^^^^^^^^^^^^^^^^^^^^^^^^^^^^^^^^^^^^^^^^^^^^^^^^^^^^^^^^^^^^^^^^^^^^^^^^
  File "/home/airflow/.local/lib/python3.12/site-packages/airflow/providers/google/cloud/hooks/dataproc.py", line 227, in __init__
    super().__init__(gcp_conn_id=gcp_conn_id, impersonation_chain=impersonation_chain)
  File "/home/airflow/.local/lib/python3.12/site-packages/airflow/providers/google/common/hooks/base_google.py", line 288, in __init__
    self.extras: dict = self.get_connection(self.gcp_conn_id).extra_dejson
                        ^^^^^^^^^^^^^^^^^^^^^^^^^^^^^^^^^^^^^
  File "/home/airflow/.local/lib/python3.12/site-packages/airflow/hooks/base.py", line 83, in get_connection
    conn = Connection.get_connection_from_secrets(conn_id)
           ^^^^^^^^^^^^^^^^^^^^^^^^^^^^^^^^^^^^^^^^^^^^^^^
  File "/home/airflow/.local/lib/python3.12/site-packages/airflow/models/connection.py", line 519, in get_connection_from_secrets
    raise AirflowNotFoundException(f"The conn_id `{conn_id}` isn't defined")
airflow.exceptions.AirflowNotFoundException: The conn_id `google_cloud_default` isn't defined
[2026-08-15T17:24:57.972+0000] {taskinstance.py:1206} INFO - Marking task as UP_FOR_RETRY. dag_id=hybrid_lakehouse_daily_pipeline, task_id=run_raw_to_bronze, run_id=manual__2026-08-15T17:24:52.767181+00:00, execution_date=20260815T172452, start_date=20260815T172457, end_date=20260815T172457
[2026-08-15T17:24:58.005+0000] {standard_task_runner.py:110} ERROR - Failed to execute job 5 for task run_raw_to_bronze (The conn_id `google_cloud_default` isn't defined; 1230)
[2026-08-15T17:24:58.040+0000] {local_task_job_runner.py:243} INFO - Task exited with return code 1
[2026-08-15T17:24:58.084+0000] {taskinstance.py:3503} INFO - 0 downstream tasks scheduled from follow-on schedule check
[2026-08-15T17:24:58.089+0000] {local_task_job_runner.py:222} INFO - ::endgroup::
