[2026-08-31T11:17:18.249+0000] {local_task_job_runner.py:120} INFO - ::group::Pre task execution logs
[2026-08-31T11:17:18.264+0000] {taskinstance.py:2076} INFO - Dependencies all met for dep_context=non-requeueable deps ti=<TaskInstance: hybrid_lakehouse_daily_pipeline.run_raw_to_bronze scheduled__2026-08-30T02:00:00+00:00 [queued]>
[2026-08-31T11:17:18.272+0000] {taskinstance.py:2076} INFO - Dependencies all met for dep_context=requeueable deps ti=<TaskInstance: hybrid_lakehouse_daily_pipeline.run_raw_to_bronze scheduled__2026-08-30T02:00:00+00:00 [queued]>
[2026-08-31T11:17:18.273+0000] {taskinstance.py:2306} INFO - Starting attempt 1 of 2
[2026-08-31T11:17:18.285+0000] {taskinstance.py:2330} INFO - Executing <Task(DataprocCreateBatchOperator): run_raw_to_bronze> on 2026-08-30 02:00:00+00:00
[2026-08-31T11:17:18.299+0000] {standard_task_runner.py:90} INFO - Running: ['***', 'tasks', 'run', 'hybrid_lakehouse_daily_pipeline', 'run_raw_to_bronze', 'scheduled__2026-08-30T02:00:00+00:00', '--job-id', '58', '--raw', '--subdir', 'DAGS_FOLDER/lakehouse_pipeline.py', '--cfg-path', '/tmp/tmpj6er7dap']
[2026-08-31T11:17:18.303+0000] {standard_task_runner.py:91} INFO - Job 58: Subtask run_raw_to_bronze
[2026-08-31T11:17:18.304+0000] {logging_mixin.py:188} WARNING - /home/***/.local/lib/python3.12/site-packages/***/task/task_runner/standard_task_runner.py:62 DeprecationWarning: This process (pid=1581) is multi-threaded, use of fork() may lead to deadlocks in the child.
[2026-08-31T11:17:18.305+0000] {standard_task_runner.py:64} INFO - Started process 1582 to run task
[2026-08-31T11:17:18.369+0000] {task_command.py:426} INFO - Running <TaskInstance: hybrid_lakehouse_daily_pipeline.run_raw_to_bronze scheduled__2026-08-30T02:00:00+00:00 [running]> on host 905eac4f6c1d
[2026-08-31T11:17:18.521+0000] {taskinstance.py:2648} INFO - Exporting env vars: AIRFLOW_CTX_DAG_OWNER='data_engineer' AIRFLOW_CTX_DAG_ID='hybrid_lakehouse_daily_pipeline' AIRFLOW_CTX_TASK_ID='run_raw_to_bronze' AIRFLOW_CTX_EXECUTION_DATE='2026-08-30T02:00:00+00:00' AIRFLOW_CTX_TRY_NUMBER='1' AIRFLOW_CTX_DAG_RUN_ID='scheduled__2026-08-30T02:00:00+00:00'
[2026-08-31T11:17:18.522+0000] {taskinstance.py:430} INFO - ::endgroup::
[2026-08-31T11:17:18.536+0000] {crypto.py:82} WARNING - empty cryptography key - values will not be stored encrypted.
[2026-08-31T11:17:18.537+0000] {connection.py:274} WARNING - Connection schemes (type: google_cloud_platform) shall not contain '_' according to RFC3986.
[2026-08-31T11:17:18.538+0000] {base.py:84} INFO - Using connection ID 'google_cloud_default' for task execution.
[2026-08-31T11:17:18.539+0000] {dataproc.py:3030} INFO - Creating batch raw-to-bronze-4b728a6b
[2026-08-31T11:17:18.539+0000] {dataproc.py:3031} INFO - Once started, the batch job will be available at https://console.cloud.google.com/dataproc/batches/asia-southeast1/raw-to-bronze-4b728a6b/monitoring?project=hybrid-elt-lakehouse-pipeline
[2026-08-31T11:21:02.568+0000] {dataproc.py:3055} INFO - Batch raw-to-bronze-4b728a6b created
[2026-08-31T11:21:02.569+0000] {dataproc.py:3155} INFO - Batch job raw-to-bronze-4b728a6b completed. Driver logs: https://console.cloud.google.com/dataproc/batches/asia-southeast1/raw-to-bronze-4b728a6b/monitoring?project=hybrid-elt-lakehouse-pipeline
[2026-08-31T11:21:02.584+0000] {taskinstance.py:441} INFO - ::group::Post task execution logs
[2026-08-31T11:21:02.602+0000] {taskinstance.py:1206} INFO - Marking task as SUCCESS. dag_id=hybrid_lakehouse_daily_pipeline, task_id=run_raw_to_bronze, run_id=scheduled__2026-08-30T02:00:00+00:00, execution_date=20260830T020000, start_date=20260831T111718, end_date=20260831T112102
[2026-08-31T11:21:02.642+0000] {local_task_job_runner.py:243} INFO - Task exited with return code 0
[2026-08-31T11:21:02.662+0000] {taskinstance.py:3503} INFO - 1 downstream tasks scheduled from follow-on schedule check
[2026-08-31T11:21:02.665+0000] {local_task_job_runner.py:222} INFO - ::endgroup::
