[2026-08-15T13:40:23.582+0000] {local_task_job_runner.py:120} INFO - ::group::Pre task execution logs
[2026-08-15T13:40:23.602+0000] {taskinstance.py:2076} INFO - Dependencies all met for dep_context=non-requeueable deps ti=<TaskInstance: hybrid_lakehouse_daily_pipeline.run_bronze_ingestion scheduled__2026-08-14T02:00:00+00:00 [queued]>
[2026-08-15T13:40:23.612+0000] {taskinstance.py:2076} INFO - Dependencies all met for dep_context=requeueable deps ti=<TaskInstance: hybrid_lakehouse_daily_pipeline.run_bronze_ingestion scheduled__2026-08-14T02:00:00+00:00 [queued]>
[2026-08-15T13:40:23.613+0000] {taskinstance.py:2306} INFO - Starting attempt 1 of 2
[2026-08-15T13:40:23.629+0000] {taskinstance.py:2330} INFO - Executing <Task(DataprocSubmitJobOperator): run_bronze_ingestion> on 2026-08-14 02:00:00+00:00
[2026-08-15T13:40:23.639+0000] {standard_task_runner.py:90} INFO - Running: ['***', 'tasks', 'run', 'hybrid_lakehouse_daily_pipeline', 'run_bronze_ingestion', 'scheduled__2026-08-14T02:00:00+00:00', '--job-id', '3', '--raw', '--subdir', 'DAGS_FOLDER/lakehouse_pipeline.py', '--cfg-path', '/tmp/tmp2537i9_m']
[2026-08-15T13:40:23.643+0000] {logging_mixin.py:188} WARNING - /home/***/.local/lib/python3.12/site-packages/***/task/task_runner/standard_task_runner.py:62 DeprecationWarning: This process (pid=197) is multi-threaded, use of fork() may lead to deadlocks in the child.
[2026-08-15T13:40:23.644+0000] {standard_task_runner.py:91} INFO - Job 3: Subtask run_bronze_ingestion
[2026-08-15T13:40:23.645+0000] {standard_task_runner.py:64} INFO - Started process 200 to run task
[2026-08-15T13:40:23.725+0000] {task_command.py:426} INFO - Running <TaskInstance: hybrid_lakehouse_daily_pipeline.run_bronze_ingestion scheduled__2026-08-14T02:00:00+00:00 [running]> on host e54e31d14a83
[2026-08-15T13:40:23.816+0000] {taskinstance.py:2648} INFO - Exporting env vars: AIRFLOW_CTX_DAG_OWNER='data_engineer' AIRFLOW_CTX_DAG_ID='hybrid_lakehouse_daily_pipeline' AIRFLOW_CTX_TASK_ID='run_bronze_ingestion' AIRFLOW_CTX_EXECUTION_DATE='2026-08-14T02:00:00+00:00' AIRFLOW_CTX_TRY_NUMBER='1' AIRFLOW_CTX_DAG_RUN_ID='scheduled__2026-08-14T02:00:00+00:00'
[2026-08-15T13:40:23.818+0000] {taskinstance.py:430} INFO - ::endgroup::
[2026-08-15T13:40:23.839+0000] {dataproc.py:2577} INFO - Submitting job
[2026-08-15T13:40:23.851+0000] {taskinstance.py:441} INFO - ::group::Post task execution logs
[2026-08-15T13:40:23.862+0000] {taskinstance.py:2905} ERROR - Task failed with exception
Traceback (most recent call last):
  File "/home/airflow/.local/lib/python3.12/site-packages/airflow/models/taskinstance.py", line 465, in _execute_task
    result = _execute_callable(context=context, **execute_callable_kwargs)
             ^^^^^^^^^^^^^^^^^^^^^^^^^^^^^^^^^^^^^^^^^^^^^^^^^^^^^^^^^^^^^
  File "/home/airflow/.local/lib/python3.12/site-packages/airflow/models/taskinstance.py", line 432, in _execute_callable
    return execute_callable(context=context, **execute_callable_kwargs)
           ^^^^^^^^^^^^^^^^^^^^^^^^^^^^^^^^^^^^^^^^^^^^^^^^^^^^^^^^^^^^
  File "/home/airflow/.local/lib/python3.12/site-packages/airflow/models/baseoperator.py", line 401, in wrapper
    return func(self, *args, **kwargs)
           ^^^^^^^^^^^^^^^^^^^^^^^^^^^
  File "/home/airflow/.local/lib/python3.12/site-packages/airflow/providers/google/cloud/operators/dataproc.py", line 2578, in execute
    self.hook = DataprocHook(gcp_conn_id=self.gcp_conn_id, impersonation_chain=self.impersonation_chain)
                ^^^^^^^^^^^^^^^^^^^^^^^^^^^^^^^^^^^^^^^^^^^^^^^^^^^^^^^^^^^^^^^^^^^^^^^^^^^^^^^^^^^^^^^^
  File "/home/airflow/.local/lib/python3.12/site-packages/airflow/providers/google/cloud/hooks/dataproc.py", line 227, in __init__
    super().__init__(gcp_conn_id=gcp_conn_id, impersonation_chain=impersonation_chain)
  File "/home/airflow/.local/lib/python3.12/site-packages/airflow/providers/google/common/hooks/base_google.py", line 288, in __init__
    self.extras: dict = self.get_connection(self.gcp_conn_id).extra_dejson
                        ^^^^^^^^^^^^^^^^^^^^^^^^^^^^^^^^^^^^^
  File "/home/airflow/.local/lib/python3.12/site-packages/airflow/hooks/base.py", line 83, in get_connection
    conn = Connection.get_connection_from_secrets(conn_id)
           ^^^^^^^^^^^^^^^^^^^^^^^^^^^^^^^^^^^^^^^^^^^^^^^
  File "/home/airflow/.local/lib/python3.12/site-packages/airflow/models/connection.py", line 519, in get_connection_from_secrets
    raise AirflowNotFoundException(f"The conn_id `{conn_id}` isn't defined")
airflow.exceptions.AirflowNotFoundException: The conn_id `google_cloud_default` isn't defined
[2026-08-15T13:40:23.870+0000] {taskinstance.py:1206} INFO - Marking task as UP_FOR_RETRY. dag_id=hybrid_lakehouse_daily_pipeline, task_id=run_bronze_ingestion, run_id=scheduled__2026-08-14T02:00:00+00:00, execution_date=20260814T020000, start_date=20260815T134023, end_date=20260815T134023
[2026-08-15T13:40:23.880+0000] {standard_task_runner.py:110} ERROR - Failed to execute job 3 for task run_bronze_ingestion (The conn_id `google_cloud_default` isn't defined; 200)
[2026-08-15T13:40:23.900+0000] {local_task_job_runner.py:243} INFO - Task exited with return code 1
[2026-08-15T13:40:23.922+0000] {taskinstance.py:3503} INFO - 0 downstream tasks scheduled from follow-on schedule check
[2026-08-15T13:40:23.924+0000] {local_task_job_runner.py:222} INFO - ::endgroup::
