[2026-08-31T11:29:55.527+0000] {local_task_job_runner.py:120} INFO - ::group::Pre task execution logs
[2026-08-31T11:29:55.543+0000] {taskinstance.py:2076} INFO - Dependencies all met for dep_context=non-requeueable deps ti=<TaskInstance: hybrid_lakehouse_daily_pipeline.run_dbt_gold scheduled__2026-08-30T02:00:00+00:00 [queued]>
[2026-08-31T11:29:55.551+0000] {taskinstance.py:2076} INFO - Dependencies all met for dep_context=requeueable deps ti=<TaskInstance: hybrid_lakehouse_daily_pipeline.run_dbt_gold scheduled__2026-08-30T02:00:00+00:00 [queued]>
[2026-08-31T11:29:55.552+0000] {taskinstance.py:2306} INFO - Starting attempt 2 of 2
[2026-08-31T11:29:55.563+0000] {taskinstance.py:2330} INFO - Executing <Task(BashOperator): run_dbt_gold> on 2026-08-30 02:00:00+00:00
[2026-08-31T11:29:55.572+0000] {standard_task_runner.py:90} INFO - Running: ['***', 'tasks', 'run', 'hybrid_lakehouse_daily_pipeline', 'run_dbt_gold', 'scheduled__2026-08-30T02:00:00+00:00', '--job-id', '61', '--raw', '--subdir', 'DAGS_FOLDER/lakehouse_pipeline.py', '--cfg-path', '/tmp/tmp72l4n0o4']
[2026-08-31T11:29:55.575+0000] {standard_task_runner.py:91} INFO - Job 61: Subtask run_dbt_gold
[2026-08-31T11:29:55.575+0000] {logging_mixin.py:188} WARNING - /home/***/.local/lib/python3.12/site-packages/***/task/task_runner/standard_task_runner.py:62 DeprecationWarning: This process (pid=2118) is multi-threaded, use of fork() may lead to deadlocks in the child.
[2026-08-31T11:29:55.576+0000] {standard_task_runner.py:64} INFO - Started process 2119 to run task
[2026-08-31T11:29:55.635+0000] {task_command.py:426} INFO - Running <TaskInstance: hybrid_lakehouse_daily_pipeline.run_dbt_gold scheduled__2026-08-30T02:00:00+00:00 [running]> on host 905eac4f6c1d
[2026-08-31T11:29:55.708+0000] {taskinstance.py:2648} INFO - Exporting env vars: AIRFLOW_CTX_DAG_OWNER='data_engineer' AIRFLOW_CTX_DAG_ID='hybrid_lakehouse_daily_pipeline' AIRFLOW_CTX_TASK_ID='run_dbt_gold' AIRFLOW_CTX_EXECUTION_DATE='2026-08-30T02:00:00+00:00' AIRFLOW_CTX_TRY_NUMBER='2' AIRFLOW_CTX_DAG_RUN_ID='scheduled__2026-08-30T02:00:00+00:00'
[2026-08-31T11:29:55.710+0000] {taskinstance.py:430} INFO - ::endgroup::
[2026-08-31T11:29:55.724+0000] {subprocess.py:63} INFO - Tmp dir root location: /tmp
[2026-08-31T11:29:55.725+0000] {subprocess.py:75} INFO - Running command: ['/usr/bin/bash', '-c', 'cd /opt/***/dbt_transform && dbt build --profiles-dir .']
[2026-08-31T11:29:55.737+0000] {subprocess.py:86} INFO - Output:
[2026-08-31T11:29:57.761+0000] {subprocess.py:93} INFO - [0m11:29:57  Running with dbt=1.12.2
[2026-08-31T11:29:58.958+0000] {subprocess.py:93} INFO - [0m11:29:58  Registered adapter: bigquery=1.12.0
[2026-08-31T11:29:59.589+0000] {subprocess.py:93} INFO - [0m11:29:59  Found 15 models, 27 data tests, 8 sources, 561 macros
[2026-08-31T11:29:59.595+0000] {subprocess.py:93} INFO - [0m11:29:59
[2026-08-31T11:29:59.596+0000] {subprocess.py:93} INFO - [0m11:29:59  Concurrency: 4 threads (target='dev')
[2026-08-31T11:29:59.597+0000] {subprocess.py:93} INFO - [0m11:29:59
[2026-08-31T11:30:01.771+0000] {subprocess.py:93} INFO - [0m11:30:01  1 of 42 START sql table model lakehouse_gold.dim_date .......................... [RUN]
[2026-08-31T11:30:01.772+0000] {subprocess.py:93} INFO - [0m11:30:01  2 of 42 START sql view model lakehouse_gold_staging.stg_customers .............. [RUN]
[2026-08-31T11:30:01.773+0000] {subprocess.py:93} INFO - [0m11:30:01  3 of 42 START sql view model lakehouse_gold_staging.stg_order_items ............ [RUN]
[2026-08-31T11:30:01.775+0000] {subprocess.py:93} INFO - [0m11:30:01  4 of 42 START sql view model lakehouse_gold_staging.stg_orders ................. [RUN]
[2026-08-31T11:30:03.857+0000] {subprocess.py:93} INFO - [0m11:30:03  4 of 42 OK created sql view model lakehouse_gold_staging.stg_orders ............ [[32mCREATE VIEW (0 processed)[0m in 2.08s]
[2026-08-31T11:30:03.861+0000] {subprocess.py:93} INFO - [0m11:30:03  5 of 42 START sql view model lakehouse_gold_staging.stg_payments ............... [RUN]
[2026-08-31T11:30:04.017+0000] {subprocess.py:93} INFO - [0m11:30:04  3 of 42 OK created sql view model lakehouse_gold_staging.stg_order_items ....... [[32mCREATE VIEW (0 processed)[0m in 2.24s]
[2026-08-31T11:30:04.020+0000] {subprocess.py:93} INFO - [0m11:30:04  6 of 42 START sql view model lakehouse_gold_staging.stg_products ............... [RUN]
[2026-08-31T11:30:04.118+0000] {subprocess.py:93} INFO - [0m11:30:04  2 of 42 OK created sql view model lakehouse_gold_staging.stg_customers ......... [[32mCREATE VIEW (0 processed)[0m in 2.34s]
[2026-08-31T11:30:04.122+0000] {subprocess.py:93} INFO - [0m11:30:04  7 of 42 START sql view model lakehouse_gold_staging.stg_reviews ................ [RUN]
[2026-08-31T11:30:04.578+0000] {subprocess.py:93} INFO - [0m11:30:04  1 of 42 OK created sql table model lakehouse_gold.dim_date ..................... [[32mCREATE TABLE (1.6k rows, 0 processed)[0m in 2.80s]
[2026-08-31T11:30:04.582+0000] {subprocess.py:93} INFO - [0m11:30:04  8 of 42 START sql view model lakehouse_gold_staging.stg_sellers ................ [RUN]
[2026-08-31T11:30:05.744+0000] {subprocess.py:93} INFO - [0m11:30:05  5 of 42 OK created sql view model lakehouse_gold_staging.stg_payments .......... [[32mCREATE VIEW (0 processed)[0m in 1.88s]
[2026-08-31T11:30:05.748+0000] {subprocess.py:93} INFO - [0m11:30:05  9 of 42 START sql view model lakehouse_gold_staging.stg_shipments .............. [RUN]
[2026-08-31T11:30:05.770+0000] {subprocess.py:93} INFO - [0m11:30:05  6 of 42 OK created sql view model lakehouse_gold_staging.stg_products .......... [[32mCREATE VIEW (0 processed)[0m in 1.75s]
[2026-08-31T11:30:05.775+0000] {subprocess.py:93} INFO - [0m11:30:05  10 of 42 START sql table model lakehouse_gold.dim_customers .................... [RUN]
[2026-08-31T11:30:06.389+0000] {subprocess.py:93} INFO - [0m11:30:06  7 of 42 OK created sql view model lakehouse_gold_staging.stg_reviews ........... [[32mCREATE VIEW (0 processed)[0m in 2.26s]
[2026-08-31T11:30:06.396+0000] {subprocess.py:93} INFO - [0m11:30:06  8 of 42 OK created sql view model lakehouse_gold_staging.stg_sellers ........... [[32mCREATE VIEW (0 processed)[0m in 1.81s]
[2026-08-31T11:30:06.399+0000] {subprocess.py:93} INFO - [0m11:30:06  11 of 42 START test not_null_dim_date_date_id .................................. [RUN]
[2026-08-31T11:30:06.402+0000] {subprocess.py:93} INFO - [0m11:30:06  12 of 42 START test not_null_dim_date_day_of_month ............................. [RUN]
[2026-08-31T11:30:07.884+0000] {subprocess.py:93} INFO - [0m11:30:07  9 of 42 OK created sql view model lakehouse_gold_staging.stg_shipments ......... [[32mCREATE VIEW (0 processed)[0m in 2.13s]
[2026-08-31T11:30:07.888+0000] {subprocess.py:93} INFO - [0m11:30:07  13 of 42 START test not_null_dim_date_full_date ................................ [RUN]
[2026-08-31T11:30:07.906+0000] {subprocess.py:93} INFO - [0m11:30:07  12 of 42 PASS not_null_dim_date_day_of_month ................................... [[32mPASS[0m in 1.50s]
[2026-08-31T11:30:07.916+0000] {subprocess.py:93} INFO - [0m11:30:07  14 of 42 START test not_null_dim_date_month_number ............................. [RUN]
[2026-08-31T11:30:08.258+0000] {subprocess.py:93} INFO - [0m11:30:08  11 of 42 PASS not_null_dim_date_date_id ........................................ [[32mPASS[0m in 1.86s]
[2026-08-31T11:30:08.263+0000] {subprocess.py:93} INFO - [0m11:30:08  15 of 42 START test not_null_dim_date_year ..................................... [RUN]
[2026-08-31T11:30:09.465+0000] {subprocess.py:93} INFO - [0m11:30:09  13 of 42 PASS not_null_dim_date_full_date ...................................... [[32mPASS[0m in 1.58s]
[2026-08-31T11:30:09.468+0000] {subprocess.py:93} INFO - [0m11:30:09  16 of 42 START test unique_dim_date_date_id .................................... [RUN]
[2026-08-31T11:30:09.670+0000] {subprocess.py:93} INFO - [0m11:30:09  14 of 42 PASS not_null_dim_date_month_number ................................... [[32mPASS[0m in 1.75s]
[2026-08-31T11:30:09.673+0000] {subprocess.py:93} INFO - [0m11:30:09  17 of 42 START sql table model lakehouse_gold.fact_orders ...................... [RUN]
[2026-08-31T11:30:09.929+0000] {subprocess.py:93} INFO - [0m11:30:09  15 of 42 PASS not_null_dim_date_year ........................................... [[32mPASS[0m in 1.66s]
[2026-08-31T11:30:09.933+0000] {subprocess.py:93} INFO - [0m11:30:09  18 of 42 START sql incremental model lakehouse_gold.dim_products ............... [RUN]
[2026-08-31T11:30:10.110+0000] {subprocess.py:93} INFO - [0m11:30:10  10 of 42 OK created sql table model lakehouse_gold.dim_customers ............... [[32mCREATE TABLE (21.6k rows, 1.1 MiB processed)[0m in 4.33s]
[2026-08-31T11:30:10.113+0000] {subprocess.py:93} INFO - [0m11:30:10  19 of 42 START sql table model lakehouse_gold.fact_order_items ................. [RUN]
[2026-08-31T11:30:10.949+0000] {subprocess.py:93} INFO - [0m11:30:10  16 of 42 PASS unique_dim_date_date_id .......................................... [[32mPASS[0m in 1.48s]
[2026-08-31T11:30:10.953+0000] {subprocess.py:93} INFO - [0m11:30:10  20 of 42 START sql table model lakehouse_gold.dim_sellers ...................... [RUN]
[2026-08-31T11:30:14.826+0000] {subprocess.py:93} INFO - [0m11:30:14  20 of 42 OK created sql table model lakehouse_gold.dim_sellers ................. [[32mCREATE TABLE (7.1k rows, 613.2 KiB processed)[0m in 3.87s]
[2026-08-31T11:30:14.831+0000] {subprocess.py:93} INFO - [0m11:30:14  21 of 42 START sql incremental model lakehouse_gold.fact_shipments ............. [RUN]
[2026-08-31T11:30:15.016+0000] {subprocess.py:93} INFO - [0m11:30:15  18 of 42 OK created sql incremental model lakehouse_gold.dim_products .......... [[32mMERGE (17.9k rows, 8.6 MiB processed)[0m in 5.08s]
[2026-08-31T11:30:15.022+0000] {subprocess.py:93} INFO - [0m11:30:15  22 of 42 START test not_null_dim_customers_customer_id ......................... [RUN]
[2026-08-31T11:30:15.055+0000] {subprocess.py:93} INFO - [0m11:30:15  17 of 42 OK created sql table model lakehouse_gold.fact_orders ................. [[32mCREATE TABLE (65.0k rows, 14.6 MiB processed)[0m in 5.38s]
[2026-08-31T11:30:15.073+0000] {subprocess.py:93} INFO - [0m11:30:15  23 of 42 START test unique_dim_customers_customer_id ........................... [RUN]
[2026-08-31T11:30:15.480+0000] {subprocess.py:93} INFO - [0m11:30:15  19 of 42 OK created sql table model lakehouse_gold.fact_order_items ............ [[32mCREATE TABLE (94.5k rows, 13.5 MiB processed)[0m in 5.36s]
[2026-08-31T11:30:15.483+0000] {subprocess.py:93} INFO - [0m11:30:15  24 of 42 START test not_null_dim_sellers_seller_id ............................. [RUN]
[2026-08-31T11:30:16.475+0000] {subprocess.py:93} INFO - [0m11:30:16  22 of 42 PASS not_null_dim_customers_customer_id ............................... [[32mPASS[0m in 1.45s]
[2026-08-31T11:30:16.479+0000] {subprocess.py:93} INFO - [0m11:30:16  25 of 42 START test unique_dim_sellers_seller_id ............................... [RUN]
[2026-08-31T11:30:16.595+0000] {subprocess.py:93} INFO - [0m11:30:16  23 of 42 PASS unique_dim_customers_customer_id ................................. [[32mPASS[0m in 1.52s]
[2026-08-31T11:30:16.599+0000] {subprocess.py:93} INFO - [0m11:30:16  26 of 42 START test not_null_dim_products_product_id ........................... [RUN]
[2026-08-31T11:30:16.905+0000] {subprocess.py:93} INFO - [0m11:30:16  24 of 42 PASS not_null_dim_sellers_seller_id ................................... [[32mPASS[0m in 1.42s]
[2026-08-31T11:30:16.909+0000] {subprocess.py:93} INFO - [0m11:30:16  27 of 42 START test unique_dim_products_product_id ............................. [RUN]
[2026-08-31T11:30:17.892+0000] {subprocess.py:93} INFO - [0m11:30:17  25 of 42 PASS unique_dim_sellers_seller_id ..................................... [[32mPASS[0m in 1.41s]
[2026-08-31T11:30:17.896+0000] {subprocess.py:93} INFO - [0m11:30:17  28 of 42 START test not_null_fact_orders_customer_id ........................... [RUN]
[2026-08-31T11:30:17.976+0000] {subprocess.py:93} INFO - [0m11:30:17  26 of 42 PASS not_null_dim_products_product_id ................................. [[32mPASS[0m in 1.38s]
[2026-08-31T11:30:17.980+0000] {subprocess.py:93} INFO - [0m11:30:17  29 of 42 START test not_null_fact_orders_order_id .............................. [RUN]
[2026-08-31T11:30:18.558+0000] {subprocess.py:93} INFO - [0m11:30:18  27 of 42 PASS unique_dim_products_product_id ................................... [[32mPASS[0m in 1.65s]
[2026-08-31T11:30:18.561+0000] {subprocess.py:93} INFO - [0m11:30:18  30 of 42 START test relationships_fact_orders_customer_id__customer_id__ref_dim_customers_  [RUN]
[2026-08-31T11:30:19.079+0000] {subprocess.py:93} INFO - [0m11:30:19  21 of 42 OK created sql incremental model lakehouse_gold.fact_shipments ........ [[32mMERGE (0.0 rows, 2.4 MiB processed)[0m in 4.25s]
[2026-08-31T11:30:19.082+0000] {subprocess.py:93} INFO - [0m11:30:19  31 of 42 START test unique_fact_orders_order_id ................................ [RUN]
[2026-08-31T11:30:19.294+0000] {subprocess.py:93} INFO - [0m11:30:19  28 of 42 PASS not_null_fact_orders_customer_id ................................. [[32mPASS[0m in 1.40s]
[2026-08-31T11:30:19.298+0000] {subprocess.py:93} INFO - [0m11:30:19  32 of 42 START test not_null_fact_order_items_order_id ......................... [RUN]
[2026-08-31T11:30:19.849+0000] {subprocess.py:93} INFO - [0m11:30:19  30 of 42 FAIL 10485 relationships_fact_orders_customer_id__customer_id__ref_dim_customers_  [[31mFAIL 10485[0m in 1.29s]
[2026-08-31T11:30:19.855+0000] {subprocess.py:93} INFO - [0m11:30:19  33 of 42 START test not_null_fact_order_items_order_item_sk .................... [RUN]
[2026-08-31T11:30:21.224+0000] {subprocess.py:93} INFO - [0m11:30:21  31 of 42 PASS unique_fact_orders_order_id ...................................... [[32mPASS[0m in 2.14s]
[2026-08-31T11:30:21.227+0000] {subprocess.py:93} INFO - [0m11:30:21  34 of 42 START test not_null_fact_order_items_product_id ....................... [RUN]
[2026-08-31T11:30:21.297+0000] {subprocess.py:93} INFO - [0m11:30:21  32 of 42 PASS not_null_fact_order_items_order_id ............................... [[32mPASS[0m in 2.00s]
[2026-08-31T11:30:21.301+0000] {subprocess.py:93} INFO - [0m11:30:21  35 of 42 START test not_null_fact_order_items_seller_id ........................ [RUN]
[2026-08-31T11:30:21.408+0000] {subprocess.py:93} INFO - [0m11:30:21  29 of 42 PASS not_null_fact_orders_order_id .................................... [[32mPASS[0m in 3.43s]
[2026-08-31T11:30:21.412+0000] {subprocess.py:93} INFO - [0m11:30:21  36 of 42 START test relationships_fact_order_items_order_id__order_id__ref_fact_orders_  [RUN]
[2026-08-31T11:30:21.528+0000] {subprocess.py:93} INFO - [0m11:30:21  33 of 42 PASS not_null_fact_order_items_order_item_sk .......................... [[32mPASS[0m in 1.67s]
[2026-08-31T11:30:21.532+0000] {subprocess.py:93} INFO - [0m11:30:21  37 of 42 START test relationships_fact_order_items_product_id__product_id__ref_dim_products_  [RUN]
[2026-08-31T11:30:22.731+0000] {subprocess.py:93} INFO - [0m11:30:22  35 of 42 PASS not_null_fact_order_items_seller_id .............................. [[32mPASS[0m in 1.43s]
[2026-08-31T11:30:22.735+0000] {subprocess.py:93} INFO - [0m11:30:22  38 of 42 START test relationships_fact_order_items_seller_id__seller_id__ref_dim_sellers_  [RUN]
[2026-08-31T11:30:22.881+0000] {subprocess.py:93} INFO - [0m11:30:22  34 of 42 PASS not_null_fact_order_items_product_id ............................. [[32mPASS[0m in 1.65s]
[2026-08-31T11:30:22.886+0000] {subprocess.py:93} INFO - [0m11:30:22  39 of 42 START test unique_fact_order_items_order_item_sk ...................... [RUN]
[2026-08-31T11:30:23.037+0000] {subprocess.py:93} INFO - [0m11:30:23  37 of 42 PASS relationships_fact_order_items_product_id__product_id__ref_dim_products_  [[32mPASS[0m in 1.50s]
[2026-08-31T11:30:23.042+0000] {subprocess.py:93} INFO - [0m11:30:23  40 of 42 START test not_null_fact_shipments_shipment_id ........................ [RUN]
[2026-08-31T11:30:23.131+0000] {subprocess.py:93} INFO - [0m11:30:23  36 of 42 FAIL 14050 relationships_fact_order_items_order_id__order_id__ref_fact_orders_  [[31mFAIL 14050[0m in 1.72s]
[2026-08-31T11:30:23.143+0000] {subprocess.py:93} INFO - [0m11:30:23  41 of 42 START test relationships_fact_shipments_order_id__order_id__ref_fact_orders_  [RUN]
[2026-08-31T11:30:24.113+0000] {subprocess.py:93} INFO - [0m11:30:24  38 of 42 FAIL 14847 relationships_fact_order_items_seller_id__seller_id__ref_dim_sellers_  [[31mFAIL 14847[0m in 1.38s]
[2026-08-31T11:30:24.118+0000] {subprocess.py:93} INFO - [0m11:30:24  42 of 42 START test unique_fact_shipments_shipment_id .......................... [RUN]
[2026-08-31T11:30:24.139+0000] {subprocess.py:93} INFO - [0m11:30:24  39 of 42 PASS unique_fact_order_items_order_item_sk ............................ [[32mPASS[0m in 1.25s]
[2026-08-31T11:30:24.511+0000] {subprocess.py:93} INFO - [0m11:30:24  41 of 42 FAIL 6388 relationships_fact_shipments_order_id__order_id__ref_fact_orders_  [[31mFAIL 6388[0m in 1.37s]
[2026-08-31T11:30:24.516+0000] {subprocess.py:93} INFO - [0m11:30:24  40 of 42 PASS not_null_fact_shipments_shipment_id .............................. [[32mPASS[0m in 1.47s]
[2026-08-31T11:30:25.863+0000] {subprocess.py:93} INFO - [0m11:30:25  42 of 42 PASS unique_fact_shipments_shipment_id ................................ [[32mPASS[0m in 1.74s]
[2026-08-31T11:30:25.915+0000] {subprocess.py:93} INFO - [0m11:30:25
[2026-08-31T11:30:25.916+0000] {subprocess.py:93} INFO - [0m11:30:25  Finished running 2 incremental models, 5 table models, 27 data tests, 8 view models in 0 hours 0 minutes and 26.32 seconds (26.32s).
[2026-08-31T11:30:26.041+0000] {subprocess.py:93} INFO - [0m11:30:26
[2026-08-31T11:30:26.043+0000] {subprocess.py:93} INFO - [0m11:30:26  [31mCompleted with 4 errors, 0 partial successes, and 0 warnings:[0m
[2026-08-31T11:30:26.044+0000] {subprocess.py:93} INFO - [0m11:30:26
[2026-08-31T11:30:26.045+0000] {subprocess.py:93} INFO - [0m11:30:26  [[31mERROR[0m]: in test relationships_fact_orders_customer_id__customer_id__ref_dim_customers_ (models/marts/schema.yml)
[2026-08-31T11:30:26.046+0000] {subprocess.py:93} INFO - [0m11:30:26    Got 10485 results, configured to fail if != 0
[2026-08-31T11:30:26.048+0000] {subprocess.py:93} INFO - [0m11:30:26
[2026-08-31T11:30:26.049+0000] {subprocess.py:93} INFO - [0m11:30:26    compiled code at target/compiled/hybrid_elt_lakehouse/models/marts/schema.yml/relationships_fact_orders_3769f5b9747a78e2aa34f9e73aa270d6.sql
[2026-08-31T11:30:26.050+0000] {subprocess.py:93} INFO - [0m11:30:26
[2026-08-31T11:30:26.051+0000] {subprocess.py:93} INFO - [0m11:30:26  [[31mERROR[0m]: in test relationships_fact_order_items_order_id__order_id__ref_fact_orders_ (models/marts/schema.yml)
[2026-08-31T11:30:26.053+0000] {subprocess.py:93} INFO - [0m11:30:26    Got 14050 results, configured to fail if != 0
[2026-08-31T11:30:26.054+0000] {subprocess.py:93} INFO - [0m11:30:26
[2026-08-31T11:30:26.055+0000] {subprocess.py:93} INFO - [0m11:30:26    compiled code at target/compiled/hybrid_elt_lakehouse/models/marts/schema.yml/relationships_fact_order_items_40f3126aaf69b9319cf8a1bfc6dfca58.sql
[2026-08-31T11:30:26.056+0000] {subprocess.py:93} INFO - [0m11:30:26
[2026-08-31T11:30:26.057+0000] {subprocess.py:93} INFO - [0m11:30:26  [[31mERROR[0m]: in test relationships_fact_order_items_seller_id__seller_id__ref_dim_sellers_ (models/marts/schema.yml)
[2026-08-31T11:30:26.058+0000] {subprocess.py:93} INFO - [0m11:30:26    Got 14847 results, configured to fail if != 0
[2026-08-31T11:30:26.060+0000] {subprocess.py:93} INFO - [0m11:30:26
[2026-08-31T11:30:26.061+0000] {subprocess.py:93} INFO - [0m11:30:26    compiled code at target/compiled/hybrid_elt_lakehouse/models/marts/schema.yml/relationships_fact_order_items_9a9532dcf5fbd81824264dbef8eac61e.sql
[2026-08-31T11:30:26.062+0000] {subprocess.py:93} INFO - [0m11:30:26
[2026-08-31T11:30:26.063+0000] {subprocess.py:93} INFO - [0m11:30:26  [[31mERROR[0m]: in test relationships_fact_shipments_order_id__order_id__ref_fact_orders_ (models/marts/schema.yml)
[2026-08-31T11:30:26.064+0000] {subprocess.py:93} INFO - [0m11:30:26    Got 6388 results, configured to fail if != 0
[2026-08-31T11:30:26.065+0000] {subprocess.py:93} INFO - [0m11:30:26
[2026-08-31T11:30:26.066+0000] {subprocess.py:93} INFO - [0m11:30:26    compiled code at target/compiled/hybrid_elt_lakehouse/models/marts/schema.yml/relationships_fact_shipments_9bfa9c1e6f595731083d4a9fc430b22b.sql
[2026-08-31T11:30:26.068+0000] {subprocess.py:93} INFO - [0m11:30:26
[2026-08-31T11:30:26.069+0000] {subprocess.py:93} INFO - [0m11:30:26  Done. PASS=38 WARN=0 ERROR=4 SKIP=0 NO-OP=0 REUSED=0 TOTAL=42
[2026-08-31T11:30:28.925+0000] {subprocess.py:97} INFO - Command exited with return code 1
[2026-08-31T11:30:28.926+0000] {taskinstance.py:441} INFO - ::group::Post task execution logs
[2026-08-31T11:30:28.939+0000] {taskinstance.py:2905} ERROR - Task failed with exception
Traceback (most recent call last):
  File "/home/airflow/.local/lib/python3.12/site-packages/airflow/models/taskinstance.py", line 465, in _execute_task
    result = _execute_callable(context=context, **execute_callable_kwargs)
             ^^^^^^^^^^^^^^^^^^^^^^^^^^^^^^^^^^^^^^^^^^^^^^^^^^^^^^^^^^^^^
  File "/home/airflow/.local/lib/python3.12/site-packages/airflow/models/taskinstance.py", line 432, in _execute_callable
    return execute_callable(context=context, **execute_callable_kwargs)
           ^^^^^^^^^^^^^^^^^^^^^^^^^^^^^^^^^^^^^^^^^^^^^^^^^^^^^^^^^^^^
  File "/home/airflow/.local/lib/python3.12/site-packages/airflow/models/baseoperator.py", line 401, in wrapper
    return func(self, *args, **kwargs)
           ^^^^^^^^^^^^^^^^^^^^^^^^^^^
  File "/home/airflow/.local/lib/python3.12/site-packages/airflow/operators/bash.py", line 243, in execute
    raise AirflowException(
airflow.exceptions.AirflowException: Bash command failed. The command returned a non-zero exit code 1.
[2026-08-31T11:30:28.944+0000] {taskinstance.py:1206} INFO - Marking task as FAILED. dag_id=hybrid_lakehouse_daily_pipeline, task_id=run_dbt_gold, run_id=scheduled__2026-08-30T02:00:00+00:00, execution_date=20260830T020000, start_date=20260831T112955, end_date=20260831T113028
[2026-08-31T11:30:28.963+0000] {standard_task_runner.py:110} ERROR - Failed to execute job 61 for task run_dbt_gold (Bash command failed. The command returned a non-zero exit code 1.; 2119)
[2026-08-31T11:30:29.011+0000] {local_task_job_runner.py:243} INFO - Task exited with return code 1
[2026-08-31T11:30:29.027+0000] {taskinstance.py:3503} INFO - 0 downstream tasks scheduled from follow-on schedule check
[2026-08-31T11:30:29.031+0000] {local_task_job_runner.py:222} INFO - ::endgroup::
