[2026-08-31T11:24:22.532+0000] {local_task_job_runner.py:120} INFO - ::group::Pre task execution logs
[2026-08-31T11:24:22.546+0000] {taskinstance.py:2076} INFO - Dependencies all met for dep_context=non-requeueable deps ti=<TaskInstance: hybrid_lakehouse_daily_pipeline.run_dbt_gold scheduled__2026-08-30T02:00:00+00:00 [queued]>
[2026-08-31T11:24:22.552+0000] {taskinstance.py:2076} INFO - Dependencies all met for dep_context=requeueable deps ti=<TaskInstance: hybrid_lakehouse_daily_pipeline.run_dbt_gold scheduled__2026-08-30T02:00:00+00:00 [queued]>
[2026-08-31T11:24:22.553+0000] {taskinstance.py:2306} INFO - Starting attempt 1 of 2
[2026-08-31T11:24:22.563+0000] {taskinstance.py:2330} INFO - Executing <Task(BashOperator): run_dbt_gold> on 2026-08-30 02:00:00+00:00
[2026-08-31T11:24:22.571+0000] {standard_task_runner.py:90} INFO - Running: ['***', 'tasks', 'run', 'hybrid_lakehouse_daily_pipeline', 'run_dbt_gold', 'scheduled__2026-08-30T02:00:00+00:00', '--job-id', '60', '--raw', '--subdir', 'DAGS_FOLDER/lakehouse_pipeline.py', '--cfg-path', '/tmp/tmpgo7xepfl']
[2026-08-31T11:24:22.574+0000] {standard_task_runner.py:91} INFO - Job 60: Subtask run_dbt_gold
[2026-08-31T11:24:22.574+0000] {logging_mixin.py:188} WARNING - /home/***/.local/lib/python3.12/site-packages/***/task/task_runner/standard_task_runner.py:62 DeprecationWarning: This process (pid=1875) is multi-threaded, use of fork() may lead to deadlocks in the child.
[2026-08-31T11:24:22.575+0000] {standard_task_runner.py:64} INFO - Started process 1891 to run task
[2026-08-31T11:24:22.629+0000] {task_command.py:426} INFO - Running <TaskInstance: hybrid_lakehouse_daily_pipeline.run_dbt_gold scheduled__2026-08-30T02:00:00+00:00 [running]> on host 905eac4f6c1d
[2026-08-31T11:24:22.701+0000] {taskinstance.py:2648} INFO - Exporting env vars: AIRFLOW_CTX_DAG_OWNER='data_engineer' AIRFLOW_CTX_DAG_ID='hybrid_lakehouse_daily_pipeline' AIRFLOW_CTX_TASK_ID='run_dbt_gold' AIRFLOW_CTX_EXECUTION_DATE='2026-08-30T02:00:00+00:00' AIRFLOW_CTX_TRY_NUMBER='1' AIRFLOW_CTX_DAG_RUN_ID='scheduled__2026-08-30T02:00:00+00:00'
[2026-08-31T11:24:22.702+0000] {taskinstance.py:430} INFO - ::endgroup::
[2026-08-31T11:24:22.716+0000] {subprocess.py:63} INFO - Tmp dir root location: /tmp
[2026-08-31T11:24:22.718+0000] {subprocess.py:75} INFO - Running command: ['/usr/bin/bash', '-c', 'cd /opt/***/dbt_transform && dbt build --profiles-dir .']
[2026-08-31T11:24:22.729+0000] {subprocess.py:86} INFO - Output:
[2026-08-31T11:24:24.680+0000] {subprocess.py:93} INFO - [0m11:24:24  Running with dbt=1.12.2
[2026-08-31T11:24:25.798+0000] {subprocess.py:93} INFO - [0m11:24:25  Registered adapter: bigquery=1.12.0
[2026-08-31T11:24:26.373+0000] {subprocess.py:93} INFO - [0m11:24:26  Found 15 models, 27 data tests, 8 sources, 561 macros
[2026-08-31T11:24:26.378+0000] {subprocess.py:93} INFO - [0m11:24:26
[2026-08-31T11:24:26.379+0000] {subprocess.py:93} INFO - [0m11:24:26  Concurrency: 4 threads (target='dev')
[2026-08-31T11:24:26.380+0000] {subprocess.py:93} INFO - [0m11:24:26
[2026-08-31T11:24:28.329+0000] {subprocess.py:93} INFO - [0m11:24:28  1 of 42 START sql table model lakehouse_gold.dim_date .......................... [RUN]
[2026-08-31T11:24:28.330+0000] {subprocess.py:93} INFO - [0m11:24:28  2 of 42 START sql view model lakehouse_gold_staging.stg_customers .............. [RUN]
[2026-08-31T11:24:28.331+0000] {subprocess.py:93} INFO - [0m11:24:28  3 of 42 START sql view model lakehouse_gold_staging.stg_order_items ............ [RUN]
[2026-08-31T11:24:28.333+0000] {subprocess.py:93} INFO - [0m11:24:28  4 of 42 START sql view model lakehouse_gold_staging.stg_orders ................. [RUN]
[2026-08-31T11:24:30.357+0000] {subprocess.py:93} INFO - [0m11:24:30  2 of 42 OK created sql view model lakehouse_gold_staging.stg_customers ......... [[32mCREATE VIEW (0 processed)[0m in 2.01s]
[2026-08-31T11:24:30.358+0000] {subprocess.py:93} INFO - [0m11:24:30  4 of 42 OK created sql view model lakehouse_gold_staging.stg_orders ............ [[32mCREATE VIEW (0 processed)[0m in 2.02s]
[2026-08-31T11:24:30.364+0000] {subprocess.py:93} INFO - [0m11:24:30  5 of 42 START sql view model lakehouse_gold_staging.stg_payments ............... [RUN]
[2026-08-31T11:24:30.365+0000] {subprocess.py:93} INFO - [0m11:24:30  6 of 42 START sql view model lakehouse_gold_staging.stg_products ............... [RUN]
[2026-08-31T11:24:30.598+0000] {subprocess.py:93} INFO - [0m11:24:30  3 of 42 OK created sql view model lakehouse_gold_staging.stg_order_items ....... [[32mCREATE VIEW (0 processed)[0m in 2.26s]
[2026-08-31T11:24:30.601+0000] {subprocess.py:93} INFO - [0m11:24:30  7 of 42 START sql view model lakehouse_gold_staging.stg_reviews ................ [RUN]
[2026-08-31T11:24:31.339+0000] {subprocess.py:93} INFO - [0m11:24:31  1 of 42 OK created sql table model lakehouse_gold.dim_date ..................... [[32mCREATE TABLE (1.6k rows, 0 processed)[0m in 3.00s]
[2026-08-31T11:24:31.343+0000] {subprocess.py:93} INFO - [0m11:24:31  8 of 42 START sql view model lakehouse_gold_staging.stg_sellers ................ [RUN]
[2026-08-31T11:24:32.130+0000] {subprocess.py:93} INFO - [0m11:24:32  6 of 42 OK created sql view model lakehouse_gold_staging.stg_products .......... [[32mCREATE VIEW (0 processed)[0m in 1.76s]
[2026-08-31T11:24:32.131+0000] {subprocess.py:93} INFO - [0m11:24:32  5 of 42 OK created sql view model lakehouse_gold_staging.stg_payments .......... [[32mCREATE VIEW (0 processed)[0m in 1.76s]
[2026-08-31T11:24:32.137+0000] {subprocess.py:93} INFO - [0m11:24:32  9 of 42 START sql view model lakehouse_gold_staging.stg_shipments .............. [RUN]
[2026-08-31T11:24:32.138+0000] {subprocess.py:93} INFO - [0m11:24:32  10 of 42 START sql table model lakehouse_gold.dim_customers .................... [RUN]
[2026-08-31T11:24:32.625+0000] {subprocess.py:93} INFO - [0m11:24:32  7 of 42 OK created sql view model lakehouse_gold_staging.stg_reviews ........... [[32mCREATE VIEW (0 processed)[0m in 2.02s]
[2026-08-31T11:24:32.629+0000] {subprocess.py:93} INFO - [0m11:24:32  11 of 42 START test not_null_dim_date_date_id .................................. [RUN]
[2026-08-31T11:24:33.078+0000] {subprocess.py:93} INFO - [0m11:24:33  8 of 42 OK created sql view model lakehouse_gold_staging.stg_sellers ........... [[32mCREATE VIEW (0 processed)[0m in 1.73s]
[2026-08-31T11:24:33.081+0000] {subprocess.py:93} INFO - [0m11:24:33  12 of 42 START test not_null_dim_date_day_of_month ............................. [RUN]
[2026-08-31T11:24:33.640+0000] {subprocess.py:93} INFO - [0m11:24:33  9 of 42 OK created sql view model lakehouse_gold_staging.stg_shipments ......... [[32mCREATE VIEW (0 processed)[0m in 1.50s]
[2026-08-31T11:24:33.644+0000] {subprocess.py:93} INFO - [0m11:24:33  13 of 42 START test not_null_dim_date_full_date ................................ [RUN]
[2026-08-31T11:24:34.190+0000] {subprocess.py:93} INFO - [0m11:24:34  11 of 42 PASS not_null_dim_date_date_id ........................................ [[32mPASS[0m in 1.56s]
[2026-08-31T11:24:34.193+0000] {subprocess.py:93} INFO - [0m11:24:34  14 of 42 START test not_null_dim_date_month_number ............................. [RUN]
[2026-08-31T11:24:34.518+0000] {subprocess.py:93} INFO - [0m11:24:34  12 of 42 PASS not_null_dim_date_day_of_month ................................... [[32mPASS[0m in 1.44s]
[2026-08-31T11:24:34.522+0000] {subprocess.py:93} INFO - [0m11:24:34  15 of 42 START test not_null_dim_date_year ..................................... [RUN]
[2026-08-31T11:24:35.123+0000] {subprocess.py:93} INFO - [0m11:24:35  13 of 42 PASS not_null_dim_date_full_date ...................................... [[32mPASS[0m in 1.48s]
[2026-08-31T11:24:35.126+0000] {subprocess.py:93} INFO - [0m11:24:35  16 of 42 START test unique_dim_date_date_id .................................... [RUN]
[2026-08-31T11:24:35.631+0000] {subprocess.py:93} INFO - [0m11:24:35  14 of 42 PASS not_null_dim_date_month_number ................................... [[32mPASS[0m in 1.44s]
[2026-08-31T11:24:35.635+0000] {subprocess.py:93} INFO - [0m11:24:35  17 of 42 START sql incremental model lakehouse_gold.dim_products ............... [RUN]
[2026-08-31T11:24:35.860+0000] {subprocess.py:93} INFO - [0m11:24:35  15 of 42 PASS not_null_dim_date_year ........................................... [[32mPASS[0m in 1.34s]
[2026-08-31T11:24:35.864+0000] {subprocess.py:93} INFO - [0m11:24:35  18 of 42 START sql table model lakehouse_gold.fact_orders ...................... [RUN]
[2026-08-31T11:24:35.999+0000] {subprocess.py:93} INFO - [0m11:24:35  10 of 42 OK created sql table model lakehouse_gold.dim_customers ............... [[32mCREATE TABLE (21.6k rows, 1.1 MiB processed)[0m in 3.86s]
[2026-08-31T11:24:36.003+0000] {subprocess.py:93} INFO - [0m11:24:36  19 of 42 START sql table model lakehouse_gold.fact_order_items ................. [RUN]
[2026-08-31T11:24:36.763+0000] {subprocess.py:93} INFO - [0m11:24:36  16 of 42 PASS unique_dim_date_date_id .......................................... [[32mPASS[0m in 1.63s]
[2026-08-31T11:24:36.767+0000] {subprocess.py:93} INFO - [0m11:24:36  20 of 42 START sql table model lakehouse_gold.dim_sellers ...................... [RUN]
[2026-08-31T11:24:40.346+0000] {subprocess.py:93} INFO - [0m11:24:40  17 of 42 OK created sql incremental model lakehouse_gold.dim_products .......... [[32mMERGE (17.9k rows, 8.5 MiB processed)[0m in 4.71s]
[2026-08-31T11:24:40.349+0000] {subprocess.py:93} INFO - [0m11:24:40  21 of 42 START sql incremental model lakehouse_gold.fact_shipments ............. [RUN]
[2026-08-31T11:24:40.480+0000] {subprocess.py:93} INFO - [0m11:24:40  20 of 42 OK created sql table model lakehouse_gold.dim_sellers ................. [[32mCREATE TABLE (7.1k rows, 613.2 KiB processed)[0m in 3.71s]
[2026-08-31T11:24:40.484+0000] {subprocess.py:93} INFO - [0m11:24:40  22 of 42 START test not_null_dim_customers_customer_id ......................... [RUN]
[2026-08-31T11:24:41.427+0000] {subprocess.py:93} INFO - [0m11:24:41  18 of 42 OK created sql table model lakehouse_gold.fact_orders ................. [[32mCREATE TABLE (65.0k rows, 14.6 MiB processed)[0m in 5.56s]
[2026-08-31T11:24:41.431+0000] {subprocess.py:93} INFO - [0m11:24:41  23 of 42 START test unique_dim_customers_customer_id ........................... [RUN]
[2026-08-31T11:24:41.589+0000] {subprocess.py:93} INFO - [0m11:24:41  19 of 42 OK created sql table model lakehouse_gold.fact_order_items ............ [[32mCREATE TABLE (94.5k rows, 13.5 MiB processed)[0m in 5.58s]
[2026-08-31T11:24:41.593+0000] {subprocess.py:93} INFO - [0m11:24:41  24 of 42 START test not_null_dim_products_product_id ........................... [RUN]
[2026-08-31T11:24:41.817+0000] {subprocess.py:93} INFO - [0m11:24:41  22 of 42 PASS not_null_dim_customers_customer_id ............................... [[32mPASS[0m in 1.33s]
[2026-08-31T11:24:41.822+0000] {subprocess.py:93} INFO - [0m11:24:41  25 of 42 START test unique_dim_products_product_id ............................. [RUN]
[2026-08-31T11:24:42.905+0000] {subprocess.py:93} INFO - [0m11:24:42  23 of 42 PASS unique_dim_customers_customer_id ................................. [[32mPASS[0m in 1.47s]
[2026-08-31T11:24:42.909+0000] {subprocess.py:93} INFO - [0m11:24:42  26 of 42 START test not_null_dim_sellers_seller_id ............................. [RUN]
[2026-08-31T11:24:43.133+0000] {subprocess.py:93} INFO - [0m11:24:43  24 of 42 PASS not_null_dim_products_product_id ................................. [[32mPASS[0m in 1.54s]
[2026-08-31T11:24:43.136+0000] {subprocess.py:93} INFO - [0m11:24:43  27 of 42 START test unique_dim_sellers_seller_id ............................... [RUN]
[2026-08-31T11:24:43.245+0000] {subprocess.py:93} INFO - [0m11:24:43  25 of 42 PASS unique_dim_products_product_id ................................... [[32mPASS[0m in 1.42s]
[2026-08-31T11:24:43.249+0000] {subprocess.py:93} INFO - [0m11:24:43  28 of 42 START test not_null_fact_orders_customer_id ........................... [RUN]
[2026-08-31T11:24:43.809+0000] {subprocess.py:93} INFO - [0m11:24:43  21 of 42 OK created sql incremental model lakehouse_gold.fact_shipments ........ [[32mMERGE (0.0 rows, 2.4 MiB processed)[0m in 3.46s]
[2026-08-31T11:24:43.813+0000] {subprocess.py:93} INFO - [0m11:24:43  29 of 42 START test not_null_fact_orders_order_id .............................. [RUN]
[2026-08-31T11:24:44.538+0000] {subprocess.py:93} INFO - [0m11:24:44  28 of 42 PASS not_null_fact_orders_customer_id ................................. [[32mPASS[0m in 1.29s]
[2026-08-31T11:24:44.542+0000] {subprocess.py:93} INFO - [0m11:24:44  30 of 42 START test relationships_fact_orders_customer_id__customer_id__ref_dim_customers_  [RUN]
[2026-08-31T11:24:44.665+0000] {subprocess.py:93} INFO - [0m11:24:44  26 of 42 PASS not_null_dim_sellers_seller_id ................................... [[32mPASS[0m in 1.75s]
[2026-08-31T11:24:44.669+0000] {subprocess.py:93} INFO - [0m11:24:44  31 of 42 START test unique_fact_orders_order_id ................................ [RUN]
[2026-08-31T11:24:45.062+0000] {subprocess.py:93} INFO - [0m11:24:45  29 of 42 PASS not_null_fact_orders_order_id .................................... [[32mPASS[0m in 1.25s]
[2026-08-31T11:24:45.066+0000] {subprocess.py:93} INFO - [0m11:24:45  32 of 42 START test not_null_fact_order_items_order_id ......................... [RUN]
[2026-08-31T11:24:45.482+0000] {subprocess.py:93} INFO - [0m11:24:45  27 of 42 PASS unique_dim_sellers_seller_id ..................................... [[32mPASS[0m in 2.34s]
[2026-08-31T11:24:45.486+0000] {subprocess.py:93} INFO - [0m11:24:45  33 of 42 START test not_null_fact_order_items_order_item_sk .................... [RUN]
[2026-08-31T11:24:45.868+0000] {subprocess.py:93} INFO - [0m11:24:45  31 of 42 PASS unique_fact_orders_order_id ...................................... [[32mPASS[0m in 1.20s]
[2026-08-31T11:24:45.872+0000] {subprocess.py:93} INFO - [0m11:24:45  34 of 42 START test not_null_fact_order_items_product_id ....................... [RUN]
[2026-08-31T11:24:45.906+0000] {subprocess.py:93} INFO - [0m11:24:45  30 of 42 FAIL 10485 relationships_fact_orders_customer_id__customer_id__ref_dim_customers_  [[31mFAIL 10485[0m in 1.36s]
[2026-08-31T11:24:45.910+0000] {subprocess.py:93} INFO - [0m11:24:45  35 of 42 START test not_null_fact_order_items_seller_id ........................ [RUN]
[2026-08-31T11:24:46.784+0000] {subprocess.py:93} INFO - [0m11:24:46  32 of 42 PASS not_null_fact_order_items_order_id ............................... [[32mPASS[0m in 1.72s]
[2026-08-31T11:24:46.787+0000] {subprocess.py:93} INFO - [0m11:24:46  36 of 42 START test relationships_fact_order_items_order_id__order_id__ref_fact_orders_  [RUN]
[2026-08-31T11:24:46.807+0000] {subprocess.py:93} INFO - [0m11:24:46  33 of 42 PASS not_null_fact_order_items_order_item_sk .......................... [[32mPASS[0m in 1.32s]
[2026-08-31T11:24:46.810+0000] {subprocess.py:93} INFO - [0m11:24:46  37 of 42 START test relationships_fact_order_items_product_id__product_id__ref_dim_products_  [RUN]
[2026-08-31T11:24:47.270+0000] {subprocess.py:93} INFO - [0m11:24:47  34 of 42 PASS not_null_fact_order_items_product_id ............................. [[32mPASS[0m in 1.40s]
[2026-08-31T11:24:47.274+0000] {subprocess.py:93} INFO - [0m11:24:47  38 of 42 START test relationships_fact_order_items_seller_id__seller_id__ref_dim_sellers_  [RUN]
[2026-08-31T11:24:47.428+0000] {subprocess.py:93} INFO - [0m11:24:47  35 of 42 PASS not_null_fact_order_items_seller_id .............................. [[32mPASS[0m in 1.52s]
[2026-08-31T11:24:47.432+0000] {subprocess.py:93} INFO - [0m11:24:47  39 of 42 START test unique_fact_order_items_order_item_sk ...................... [RUN]
[2026-08-31T11:24:48.230+0000] {subprocess.py:93} INFO - [0m11:24:48  36 of 42 FAIL 14050 relationships_fact_order_items_order_id__order_id__ref_fact_orders_  [[31mFAIL 14050[0m in 1.44s]
[2026-08-31T11:24:48.234+0000] {subprocess.py:93} INFO - [0m11:24:48  40 of 42 START test not_null_fact_shipments_shipment_id ........................ [RUN]
[2026-08-31T11:24:48.649+0000] {subprocess.py:93} INFO - [0m11:24:48  37 of 42 PASS relationships_fact_order_items_product_id__product_id__ref_dim_products_  [[32mPASS[0m in 1.84s]
[2026-08-31T11:24:48.654+0000] {subprocess.py:93} INFO - [0m11:24:48  41 of 42 START test relationships_fact_shipments_order_id__order_id__ref_fact_orders_  [RUN]
[2026-08-31T11:24:48.684+0000] {subprocess.py:93} INFO - [0m11:24:48  39 of 42 PASS unique_fact_order_items_order_item_sk ............................ [[32mPASS[0m in 1.25s]
[2026-08-31T11:24:48.689+0000] {subprocess.py:93} INFO - [0m11:24:48  42 of 42 START test unique_fact_shipments_shipment_id .......................... [RUN]
[2026-08-31T11:24:48.730+0000] {subprocess.py:93} INFO - [0m11:24:48  38 of 42 FAIL 14847 relationships_fact_order_items_seller_id__seller_id__ref_dim_sellers_  [[31mFAIL 14847[0m in 1.45s]
[2026-08-31T11:24:49.545+0000] {subprocess.py:93} INFO - [0m11:24:49  40 of 42 PASS not_null_fact_shipments_shipment_id .............................. [[32mPASS[0m in 1.31s]
[2026-08-31T11:24:49.937+0000] {subprocess.py:93} INFO - [0m11:24:49  41 of 42 FAIL 6388 relationships_fact_shipments_order_id__order_id__ref_fact_orders_  [[31mFAIL 6388[0m in 1.28s]
[2026-08-31T11:24:50.205+0000] {subprocess.py:93} INFO - [0m11:24:50  42 of 42 PASS unique_fact_shipments_shipment_id ................................ [[32mPASS[0m in 1.51s]
[2026-08-31T11:24:50.255+0000] {subprocess.py:93} INFO - [0m11:24:50
[2026-08-31T11:24:50.256+0000] {subprocess.py:93} INFO - [0m11:24:50  Finished running 2 incremental models, 5 table models, 27 data tests, 8 view models in 0 hours 0 minutes and 23.87 seconds (23.87s).
[2026-08-31T11:24:50.369+0000] {subprocess.py:93} INFO - [0m11:24:50
[2026-08-31T11:24:50.370+0000] {subprocess.py:93} INFO - [0m11:24:50  [31mCompleted with 4 errors, 0 partial successes, and 0 warnings:[0m
[2026-08-31T11:24:50.371+0000] {subprocess.py:93} INFO - [0m11:24:50
[2026-08-31T11:24:50.372+0000] {subprocess.py:93} INFO - [0m11:24:50  [[31mERROR[0m]: in test relationships_fact_orders_customer_id__customer_id__ref_dim_customers_ (models/marts/schema.yml)
[2026-08-31T11:24:50.373+0000] {subprocess.py:93} INFO - [0m11:24:50    Got 10485 results, configured to fail if != 0
[2026-08-31T11:24:50.374+0000] {subprocess.py:93} INFO - [0m11:24:50
[2026-08-31T11:24:50.375+0000] {subprocess.py:93} INFO - [0m11:24:50    compiled code at target/compiled/hybrid_elt_lakehouse/models/marts/schema.yml/relationships_fact_orders_3769f5b9747a78e2aa34f9e73aa270d6.sql
[2026-08-31T11:24:50.375+0000] {subprocess.py:93} INFO - [0m11:24:50
[2026-08-31T11:24:50.376+0000] {subprocess.py:93} INFO - [0m11:24:50  [[31mERROR[0m]: in test relationships_fact_order_items_order_id__order_id__ref_fact_orders_ (models/marts/schema.yml)
[2026-08-31T11:24:50.377+0000] {subprocess.py:93} INFO - [0m11:24:50    Got 14050 results, configured to fail if != 0
[2026-08-31T11:24:50.379+0000] {subprocess.py:93} INFO - [0m11:24:50
[2026-08-31T11:24:50.380+0000] {subprocess.py:93} INFO - [0m11:24:50    compiled code at target/compiled/hybrid_elt_lakehouse/models/marts/schema.yml/relationships_fact_order_items_40f3126aaf69b9319cf8a1bfc6dfca58.sql
[2026-08-31T11:24:50.380+0000] {subprocess.py:93} INFO - [0m11:24:50
[2026-08-31T11:24:50.381+0000] {subprocess.py:93} INFO - [0m11:24:50  [[31mERROR[0m]: in test relationships_fact_order_items_seller_id__seller_id__ref_dim_sellers_ (models/marts/schema.yml)
[2026-08-31T11:24:50.382+0000] {subprocess.py:93} INFO - [0m11:24:50    Got 14847 results, configured to fail if != 0
[2026-08-31T11:24:50.383+0000] {subprocess.py:93} INFO - [0m11:24:50
[2026-08-31T11:24:50.384+0000] {subprocess.py:93} INFO - [0m11:24:50    compiled code at target/compiled/hybrid_elt_lakehouse/models/marts/schema.yml/relationships_fact_order_items_9a9532dcf5fbd81824264dbef8eac61e.sql
[2026-08-31T11:24:50.385+0000] {subprocess.py:93} INFO - [0m11:24:50
[2026-08-31T11:24:50.386+0000] {subprocess.py:93} INFO - [0m11:24:50  [[31mERROR[0m]: in test relationships_fact_shipments_order_id__order_id__ref_fact_orders_ (models/marts/schema.yml)
[2026-08-31T11:24:50.387+0000] {subprocess.py:93} INFO - [0m11:24:50    Got 6388 results, configured to fail if != 0
[2026-08-31T11:24:50.388+0000] {subprocess.py:93} INFO - [0m11:24:50
[2026-08-31T11:24:50.389+0000] {subprocess.py:93} INFO - [0m11:24:50    compiled code at target/compiled/hybrid_elt_lakehouse/models/marts/schema.yml/relationships_fact_shipments_9bfa9c1e6f595731083d4a9fc430b22b.sql
[2026-08-31T11:24:50.390+0000] {subprocess.py:93} INFO - [0m11:24:50
[2026-08-31T11:24:50.391+0000] {subprocess.py:93} INFO - [0m11:24:50  Done. PASS=38 WARN=0 ERROR=4 SKIP=0 NO-OP=0 REUSED=0 TOTAL=42
[2026-08-31T11:24:53.687+0000] {subprocess.py:97} INFO - Command exited with return code 1
[2026-08-31T11:24:53.688+0000] {taskinstance.py:441} INFO - ::group::Post task execution logs
[2026-08-31T11:24:53.699+0000] {taskinstance.py:2905} ERROR - Task failed with exception
Traceback (most recent call last):
  File "/home/airflow/.local/lib/python3.12/site-packages/airflow/models/taskinstance.py", line 465, in _execute_task
    result = _execute_callable(context=context, **execute_callable_kwargs)
             ^^^^^^^^^^^^^^^^^^^^^^^^^^^^^^^^^^^^^^^^^^^^^^^^^^^^^^^^^^^^^
  File "/home/airflow/.local/lib/python3.12/site-packages/airflow/models/taskinstance.py", line 432, in _execute_callable
    return execute_callable(context=context, **execute_callable_kwargs)
           ^^^^^^^^^^^^^^^^^^^^^^^^^^^^^^^^^^^^^^^^^^^^^^^^^^^^^^^^^^^^
  File "/home/airflow/.local/lib/python3.12/site-packages/airflow/models/baseoperator.py", line 401, in wrapper
    return func(self, *args, **kwargs)
           ^^^^^^^^^^^^^^^^^^^^^^^^^^^
  File "/home/airflow/.local/lib/python3.12/site-packages/airflow/operators/bash.py", line 243, in execute
    raise AirflowException(
airflow.exceptions.AirflowException: Bash command failed. The command returned a non-zero exit code 1.
[2026-08-31T11:24:53.703+0000] {taskinstance.py:1206} INFO - Marking task as UP_FOR_RETRY. dag_id=hybrid_lakehouse_daily_pipeline, task_id=run_dbt_gold, run_id=scheduled__2026-08-30T02:00:00+00:00, execution_date=20260830T020000, start_date=20260831T112422, end_date=20260831T112453
[2026-08-31T11:24:53.715+0000] {standard_task_runner.py:110} ERROR - Failed to execute job 60 for task run_dbt_gold (Bash command failed. The command returned a non-zero exit code 1.; 1891)
[2026-08-31T11:24:53.755+0000] {local_task_job_runner.py:243} INFO - Task exited with return code 1
[2026-08-31T11:24:53.768+0000] {taskinstance.py:3503} INFO - 0 downstream tasks scheduled from follow-on schedule check
[2026-08-31T11:24:53.771+0000] {local_task_job_runner.py:222} INFO - ::endgroup::
