[2026-08-31T11:21:04.001+0000] {local_task_job_runner.py:120} INFO - ::group::Pre task execution logs
[2026-08-31T11:21:04.015+0000] {taskinstance.py:2076} INFO - Dependencies all met for dep_context=non-requeueable deps ti=<TaskInstance: hybrid_lakehouse_daily_pipeline.run_bronze_to_silver scheduled__2026-08-30T02:00:00+00:00 [queued]>
[2026-08-31T11:21:04.021+0000] {taskinstance.py:2076} INFO - Dependencies all met for dep_context=requeueable deps ti=<TaskInstance: hybrid_lakehouse_daily_pipeline.run_bronze_to_silver scheduled__2026-08-30T02:00:00+00:00 [queued]>
[2026-08-31T11:21:04.022+0000] {taskinstance.py:2306} INFO - Starting attempt 1 of 2
[2026-08-31T11:21:04.033+0000] {taskinstance.py:2330} INFO - Executing <Task(DataprocCreateBatchOperator): run_bronze_to_silver> on 2026-08-30 02:00:00+00:00
[2026-08-31T11:21:04.042+0000] {standard_task_runner.py:90} INFO - Running: ['***', 'tasks', 'run', 'hybrid_lakehouse_daily_pipeline', 'run_bronze_to_silver', 'scheduled__2026-08-30T02:00:00+00:00', '--job-id', '59', '--raw', '--subdir', 'DAGS_FOLDER/lakehouse_pipeline.py', '--cfg-path', '/tmp/tmplx05u1re']
[2026-08-31T11:21:04.044+0000] {logging_mixin.py:188} WARNING - /home/***/.local/lib/python3.12/site-packages/***/task/task_runner/standard_task_runner.py:62 DeprecationWarning: This process (pid=1735) is multi-threaded, use of fork() may lead to deadlocks in the child.
[2026-08-31T11:21:04.045+0000] {standard_task_runner.py:91} INFO - Job 59: Subtask run_bronze_to_silver
[2026-08-31T11:21:04.045+0000] {standard_task_runner.py:64} INFO - Started process 1736 to run task
[2026-08-31T11:21:04.100+0000] {task_command.py:426} INFO - Running <TaskInstance: hybrid_lakehouse_daily_pipeline.run_bronze_to_silver scheduled__2026-08-30T02:00:00+00:00 [running]> on host 905eac4f6c1d
[2026-08-31T11:21:04.176+0000] {taskinstance.py:2648} INFO - Exporting env vars: AIRFLOW_CTX_DAG_OWNER='data_engineer' AIRFLOW_CTX_DAG_ID='hybrid_lakehouse_daily_pipeline' AIRFLOW_CTX_TASK_ID='run_bronze_to_silver' AIRFLOW_CTX_EXECUTION_DATE='2026-08-30T02:00:00+00:00' AIRFLOW_CTX_TRY_NUMBER='1' AIRFLOW_CTX_DAG_RUN_ID='scheduled__2026-08-30T02:00:00+00:00'
[2026-08-31T11:21:04.178+0000] {taskinstance.py:430} INFO - ::endgroup::
[2026-08-31T11:21:04.193+0000] {crypto.py:82} WARNING - empty cryptography key - values will not be stored encrypted.
[2026-08-31T11:21:04.194+0000] {connection.py:274} WARNING - Connection schemes (type: google_cloud_platform) shall not contain '_' according to RFC3986.
[2026-08-31T11:21:04.196+0000] {base.py:84} INFO - Using connection ID 'google_cloud_default' for task execution.
[2026-08-31T11:21:04.197+0000] {dataproc.py:3030} INFO - Creating batch bronze-to-silver-d3d140da
[2026-08-31T11:21:04.197+0000] {dataproc.py:3031} INFO - Once started, the batch job will be available at https://console.cloud.google.com/dataproc/batches/asia-southeast1/bronze-to-silver-d3d140da/monitoring?project=hybrid-elt-lakehouse-pipeline
[2026-08-31T11:24:21.423+0000] {dataproc.py:3055} INFO - Batch bronze-to-silver-d3d140da created
[2026-08-31T11:24:21.425+0000] {dataproc.py:3155} INFO - Batch job bronze-to-silver-d3d140da completed. Driver logs: https://console.cloud.google.com/dataproc/batches/asia-southeast1/bronze-to-silver-d3d140da/monitoring?project=hybrid-elt-lakehouse-pipeline
[2026-08-31T11:24:21.440+0000] {taskinstance.py:441} INFO - ::group::Post task execution logs
[2026-08-31T11:24:21.458+0000] {taskinstance.py:1206} INFO - Marking task as SUCCESS. dag_id=hybrid_lakehouse_daily_pipeline, task_id=run_bronze_to_silver, run_id=scheduled__2026-08-30T02:00:00+00:00, execution_date=20260830T020000, start_date=20260831T112104, end_date=20260831T112421
[2026-08-31T11:24:21.475+0000] {local_task_job_runner.py:243} INFO - Task exited with return code 0
[2026-08-31T11:24:21.492+0000] {taskinstance.py:3503} INFO - 1 downstream tasks scheduled from follow-on schedule check
[2026-08-31T11:24:21.498+0000] {local_task_job_runner.py:222} INFO - ::endgroup::
