[2026-08-15T17:54:07.724+0000] {local_task_job_runner.py:120} INFO - ::group::Pre task execution logs
[2026-08-15T17:54:07.755+0000] {taskinstance.py:2076} INFO - Dependencies all met for dep_context=non-requeueable deps ti=<TaskInstance: hybrid_lakehouse_daily_pipeline.run_dbt_gold manual__2026-08-15T17:44:39.761816+00:00 [queued]>
[2026-08-15T17:54:07.772+0000] {taskinstance.py:2076} INFO - Dependencies all met for dep_context=requeueable deps ti=<TaskInstance: hybrid_lakehouse_daily_pipeline.run_dbt_gold manual__2026-08-15T17:44:39.761816+00:00 [queued]>
[2026-08-15T17:54:07.774+0000] {taskinstance.py:2306} INFO - Starting attempt 1 of 2
[2026-08-15T17:54:07.794+0000] {taskinstance.py:2330} INFO - Executing <Task(BashOperator): run_dbt_gold> on 2026-08-15 17:44:39.761816+00:00
[2026-08-15T17:54:07.808+0000] {standard_task_runner.py:90} INFO - Running: ['***', 'tasks', 'run', 'hybrid_lakehouse_daily_pipeline', 'run_dbt_gold', 'manual__2026-08-15T17:44:39.761816+00:00', '--job-id', '14', '--raw', '--subdir', 'DAGS_FOLDER/lakehouse_pipeline.py', '--cfg-path', '/tmp/tmpfr5x4ze_']
[2026-08-15T17:54:07.814+0000] {standard_task_runner.py:91} INFO - Job 14: Subtask run_dbt_gold
[2026-08-15T17:54:07.816+0000] {logging_mixin.py:188} WARNING - /home/***/.local/lib/python3.12/site-packages/***/task/task_runner/standard_task_runner.py:62 DeprecationWarning: This process (pid=873) is multi-threaded, use of fork() may lead to deadlocks in the child.
[2026-08-15T17:54:07.819+0000] {standard_task_runner.py:64} INFO - Started process 877 to run task
[2026-08-15T17:54:07.934+0000] {task_command.py:426} INFO - Running <TaskInstance: hybrid_lakehouse_daily_pipeline.run_dbt_gold manual__2026-08-15T17:44:39.761816+00:00 [running]> on host 905eac4f6c1d
[2026-08-15T17:54:08.202+0000] {taskinstance.py:2648} INFO - Exporting env vars: AIRFLOW_CTX_DAG_OWNER='data_engineer' AIRFLOW_CTX_DAG_ID='hybrid_lakehouse_daily_pipeline' AIRFLOW_CTX_TASK_ID='run_dbt_gold' AIRFLOW_CTX_EXECUTION_DATE='2026-08-15T17:44:39.761816+00:00' AIRFLOW_CTX_TRY_NUMBER='1' AIRFLOW_CTX_DAG_RUN_ID='manual__2026-08-15T17:44:39.761816+00:00'
[2026-08-15T17:54:08.205+0000] {taskinstance.py:430} INFO - ::endgroup::
[2026-08-15T17:54:08.229+0000] {subprocess.py:63} INFO - Tmp dir root location: /tmp
[2026-08-15T17:54:08.232+0000] {subprocess.py:75} INFO - Running command: ['/usr/bin/bash', '-c', 'cd /opt/***/dbt_transform && dbt build --profiles-dir .']
[2026-08-15T17:54:08.255+0000] {subprocess.py:86} INFO - Output:
[2026-08-15T17:54:12.729+0000] {subprocess.py:93} INFO - [0m17:54:12  Running with dbt=1.12.2
[2026-08-15T17:54:16.615+0000] {subprocess.py:93} INFO - [0m17:54:16  Registered adapter: bigquery=1.12.0
[2026-08-15T17:54:17.153+0000] {subprocess.py:93} INFO - [0m17:54:17  Unable to do partial parsing because of a version mismatch
[2026-08-15T17:54:22.331+0000] {subprocess.py:93} INFO - [0m17:54:22  Found 15 models, 27 data tests, 8 sources, 561 macros
[2026-08-15T17:54:22.344+0000] {subprocess.py:93} INFO - [0m17:54:22
[2026-08-15T17:54:22.348+0000] {subprocess.py:93} INFO - [0m17:54:22  Concurrency: 4 threads (target='dev')
[2026-08-15T17:54:22.352+0000] {subprocess.py:93} INFO - [0m17:54:22
[2026-08-15T17:54:24.222+0000] {subprocess.py:93} INFO - [0m17:54:24  1 of 42 START sql table model lakehouse_gold.dim_date .......................... [RUN]
[2026-08-15T17:54:24.224+0000] {subprocess.py:93} INFO - [0m17:54:24  2 of 42 START sql view model lakehouse_gold.stg_customers ...................... [RUN]
[2026-08-15T17:54:24.228+0000] {subprocess.py:93} INFO - [0m17:54:24  3 of 42 START sql view model lakehouse_gold.stg_order_items .................... [RUN]
[2026-08-15T17:54:24.231+0000] {subprocess.py:93} INFO - [0m17:54:24  4 of 42 START sql view model lakehouse_gold.stg_orders ......................... [RUN]
[2026-08-15T17:54:26.732+0000] {subprocess.py:93} INFO - [0m17:54:26  3 of 42 OK created sql view model lakehouse_gold.stg_order_items ............... [[32mCREATE VIEW (0 processed)[0m in 2.48s]
[2026-08-15T17:54:26.735+0000] {subprocess.py:93} INFO - [0m17:54:26  4 of 42 OK created sql view model lakehouse_gold.stg_orders .................... [[32mCREATE VIEW (0 processed)[0m in 2.48s]
[2026-08-15T17:54:26.752+0000] {subprocess.py:93} INFO - [0m17:54:26  5 of 42 START sql view model lakehouse_gold.stg_payments ....................... [RUN]
[2026-08-15T17:54:26.755+0000] {subprocess.py:93} INFO - [0m17:54:26  6 of 42 START sql view model lakehouse_gold.stg_products ....................... [RUN]
[2026-08-15T17:54:26.949+0000] {subprocess.py:93} INFO - [0m17:54:26  2 of 42 OK created sql view model lakehouse_gold.stg_customers ................. [[32mCREATE VIEW (0 processed)[0m in 2.71s]
[2026-08-15T17:54:26.959+0000] {subprocess.py:93} INFO - [0m17:54:26  7 of 42 START sql view model lakehouse_gold.stg_reviews ........................ [RUN]
[2026-08-15T17:54:27.077+0000] {subprocess.py:93} INFO - [0m17:54:27  1 of 42 OK created sql table model lakehouse_gold.dim_date ..................... [[32mCREATE TABLE (1.6k rows, 0 processed)[0m in 2.84s]
[2026-08-15T17:54:27.098+0000] {subprocess.py:93} INFO - [0m17:54:27  8 of 42 START sql view model lakehouse_gold.stg_sellers ........................ [RUN]
[2026-08-15T17:54:28.691+0000] {subprocess.py:93} INFO - [0m17:54:28  5 of 42 OK created sql view model lakehouse_gold.stg_payments .................. [[32mCREATE VIEW (0 processed)[0m in 1.92s]
[2026-08-15T17:54:28.714+0000] {subprocess.py:93} INFO - [0m17:54:28  9 of 42 START sql view model lakehouse_gold.stg_shipments ...................... [RUN]
[2026-08-15T17:54:28.845+0000] {subprocess.py:93} INFO - [0m17:54:28  8 of 42 OK created sql view model lakehouse_gold.stg_sellers ................... [[32mCREATE VIEW (0 processed)[0m in 1.74s]
[2026-08-15T17:54:28.857+0000] {subprocess.py:93} INFO - [0m17:54:28  10 of 42 START sql table model lakehouse_gold.dim_customers .................... [RUN]
[2026-08-15T17:54:28.909+0000] {subprocess.py:93} INFO - [0m17:54:28  7 of 42 OK created sql view model lakehouse_gold.stg_reviews ................... [[32mCREATE VIEW (0 processed)[0m in 1.94s]
[2026-08-15T17:54:28.921+0000] {subprocess.py:93} INFO - [0m17:54:28  11 of 42 START test not_null_dim_date_date_id .................................. [RUN]
[2026-08-15T17:54:28.995+0000] {subprocess.py:93} INFO - [0m17:54:28  6 of 42 OK created sql view model lakehouse_gold.stg_products .................. [[32mCREATE VIEW (0 processed)[0m in 2.23s]
[2026-08-15T17:54:29.040+0000] {subprocess.py:93} INFO - [0m17:54:29  12 of 42 START test not_null_dim_date_day_of_month ............................. [RUN]
[2026-08-15T17:54:30.854+0000] {subprocess.py:93} INFO - [0m17:54:30  11 of 42 PASS not_null_dim_date_date_id ........................................ [[32mPASS[0m in 1.93s]
[2026-08-15T17:54:30.864+0000] {subprocess.py:93} INFO - [0m17:54:30  13 of 42 START test not_null_dim_date_full_date ................................ [RUN]
[2026-08-15T17:54:30.877+0000] {subprocess.py:93} INFO - [0m17:54:30  12 of 42 PASS not_null_dim_date_day_of_month ................................... [[32mPASS[0m in 1.83s]
[2026-08-15T17:54:30.895+0000] {subprocess.py:93} INFO - [0m17:54:30  14 of 42 START test not_null_dim_date_month_number ............................. [RUN]
[2026-08-15T17:54:31.040+0000] {subprocess.py:93} INFO - [0m17:54:31  9 of 42 OK created sql view model lakehouse_gold.stg_shipments ................. [[32mCREATE VIEW (0 processed)[0m in 2.32s]
[2026-08-15T17:54:31.051+0000] {subprocess.py:93} INFO - [0m17:54:31  15 of 42 START test not_null_dim_date_year ..................................... [RUN]
[2026-08-15T17:54:32.484+0000] {subprocess.py:93} INFO - [0m17:54:32  14 of 42 PASS not_null_dim_date_month_number ................................... [[32mPASS[0m in 1.59s]
[2026-08-15T17:54:32.493+0000] {subprocess.py:93} INFO - [0m17:54:32  16 of 42 START test unique_dim_date_date_id .................................... [RUN]
[2026-08-15T17:54:32.562+0000] {subprocess.py:93} INFO - [0m17:54:32  13 of 42 PASS not_null_dim_date_full_date ...................................... [[32mPASS[0m in 1.69s]
[2026-08-15T17:54:32.576+0000] {subprocess.py:93} INFO - [0m17:54:32  17 of 42 START sql table model lakehouse_gold.fact_orders ...................... [RUN]
[2026-08-15T17:54:32.752+0000] {subprocess.py:93} INFO - [0m17:54:32  15 of 42 PASS not_null_dim_date_year ........................................... [[32mPASS[0m in 1.70s]
[2026-08-15T17:54:32.764+0000] {subprocess.py:93} INFO - [0m17:54:32  18 of 42 START sql table model lakehouse_gold.dim_sellers ...................... [RUN]
[2026-08-15T17:54:32.785+0000] {subprocess.py:93} INFO - [0m17:54:32  10 of 42 OK created sql table model lakehouse_gold.dim_customers ............... [[32mCREATE TABLE (20.5k rows, 1.1 MiB processed)[0m in 3.91s]
[2026-08-15T17:54:32.803+0000] {subprocess.py:93} INFO - [0m17:54:32  19 of 42 START sql table model lakehouse_gold.fact_order_items ................. [RUN]
[2026-08-15T17:54:33.996+0000] {subprocess.py:93} INFO - [0m17:54:33  16 of 42 PASS unique_dim_date_date_id .......................................... [[32mPASS[0m in 1.50s]
[2026-08-15T17:54:34.006+0000] {subprocess.py:93} INFO - [0m17:54:34  20 of 42 START sql incremental model lakehouse_gold.dim_products ............... [RUN]
[2026-08-15T17:54:36.621+0000] {subprocess.py:93} INFO - [0m17:54:36  18 of 42 OK created sql table model lakehouse_gold.dim_sellers ................. [[32mCREATE TABLE (6.7k rows, 582.2 KiB processed)[0m in 3.85s]
[2026-08-15T17:54:36.631+0000] {subprocess.py:93} INFO - [0m17:54:36  21 of 42 START sql incremental model lakehouse_gold.fact_shipments ............. [RUN]
[2026-08-15T17:54:37.373+0000] {subprocess.py:93} INFO - [0m17:54:37  17 of 42 OK created sql table model lakehouse_gold.fact_orders ................. [[32mCREATE TABLE (62.9k rows, 14.1 MiB processed)[0m in 4.79s]
[2026-08-15T17:54:37.385+0000] {subprocess.py:93} INFO - [0m17:54:37  22 of 42 START test not_null_dim_customers_customer_id ......................... [RUN]
[2026-08-15T17:54:37.641+0000] {subprocess.py:93} INFO - [0m17:54:37  19 of 42 OK created sql table model lakehouse_gold.fact_order_items ............ [[32mCREATE TABLE (91.4k rows, 13.1 MiB processed)[0m in 4.83s]
[2026-08-15T17:54:37.656+0000] {subprocess.py:93} INFO - [0m17:54:37  23 of 42 START test unique_dim_customers_customer_id ........................... [RUN]
[2026-08-15T17:54:38.405+0000] {subprocess.py:93} INFO - [0m17:54:38  20 of 42 OK created sql incremental model lakehouse_gold.dim_products .......... [[32mMERGE (17.1k rows, 7.4 MiB processed)[0m in 4.39s]
[2026-08-15T17:54:38.425+0000] {subprocess.py:93} INFO - [0m17:54:38  24 of 42 START test not_null_dim_sellers_seller_id ............................. [RUN]
[2026-08-15T17:54:38.984+0000] {subprocess.py:93} INFO - [0m17:54:38  22 of 42 PASS not_null_dim_customers_customer_id ............................... [[32mPASS[0m in 1.59s]
[2026-08-15T17:54:38.993+0000] {subprocess.py:93} INFO - [0m17:54:38  25 of 42 START test unique_dim_sellers_seller_id ............................... [RUN]
[2026-08-15T17:54:39.326+0000] {subprocess.py:93} INFO - [0m17:54:39  23 of 42 PASS unique_dim_customers_customer_id ................................. [[32mPASS[0m in 1.66s]
[2026-08-15T17:54:39.339+0000] {subprocess.py:93} INFO - [0m17:54:39  26 of 42 START test not_null_fact_orders_customer_id ........................... [RUN]
[2026-08-15T17:54:40.154+0000] {subprocess.py:93} INFO - [0m17:54:40  24 of 42 PASS not_null_dim_sellers_seller_id ................................... [[32mPASS[0m in 1.73s]
[2026-08-15T17:54:40.163+0000] {subprocess.py:93} INFO - [0m17:54:40  27 of 42 START test not_null_fact_orders_order_id .............................. [RUN]
[2026-08-15T17:54:40.531+0000] {subprocess.py:93} INFO - [0m17:54:40  25 of 42 PASS unique_dim_sellers_seller_id ..................................... [[32mPASS[0m in 1.53s]
[2026-08-15T17:54:40.545+0000] {subprocess.py:93} INFO - [0m17:54:40  28 of 42 START test relationships_fact_orders_customer_id__customer_id__ref_dim_customers_  [RUN]
[2026-08-15T17:54:40.935+0000] {subprocess.py:93} INFO - [0m17:54:40  21 of 42 OK created sql incremental model lakehouse_gold.fact_shipments ........ [[32mMERGE (0.0 rows, 2.4 MiB processed)[0m in 4.30s]
[2026-08-15T17:54:40.943+0000] {subprocess.py:93} INFO - [0m17:54:40  29 of 42 START test unique_fact_orders_order_id ................................ [RUN]
[2026-08-15T17:54:40.988+0000] {subprocess.py:93} INFO - [0m17:54:40  26 of 42 PASS not_null_fact_orders_customer_id ................................. [[32mPASS[0m in 1.65s]
[2026-08-15T17:54:40.997+0000] {subprocess.py:93} INFO - [0m17:54:40  30 of 42 START test not_null_fact_order_items_order_id ......................... [RUN]
[2026-08-15T17:54:41.847+0000] {subprocess.py:93} INFO - [0m17:54:41  27 of 42 PASS not_null_fact_orders_order_id .................................... [[32mPASS[0m in 1.68s]
[2026-08-15T17:54:41.855+0000] {subprocess.py:93} INFO - [0m17:54:41  31 of 42 START test not_null_fact_order_items_order_item_sk .................... [RUN]
[2026-08-15T17:54:41.999+0000] {subprocess.py:93} INFO - [0m17:54:41  28 of 42 FAIL 9556 relationships_fact_orders_customer_id__customer_id__ref_dim_customers_  [[31mFAIL 9556[0m in 1.45s]
[2026-08-15T17:54:42.008+0000] {subprocess.py:93} INFO - [0m17:54:42  32 of 42 START test not_null_fact_order_items_product_id ....................... [RUN]
[2026-08-15T17:54:42.497+0000] {subprocess.py:93} INFO - [0m17:54:42  29 of 42 PASS unique_fact_orders_order_id ...................................... [[32mPASS[0m in 1.55s]
[2026-08-15T17:54:42.509+0000] {subprocess.py:93} INFO - [0m17:54:42  33 of 42 START test not_null_fact_order_items_seller_id ........................ [RUN]
[2026-08-15T17:54:42.520+0000] {subprocess.py:93} INFO - [0m17:54:42  30 of 42 PASS not_null_fact_order_items_order_id ............................... [[32mPASS[0m in 1.52s]
[2026-08-15T17:54:42.551+0000] {subprocess.py:93} INFO - [0m17:54:42  34 of 42 START test relationships_fact_order_items_order_id__order_id__ref_fact_orders_  [RUN]
[2026-08-15T17:54:43.317+0000] {subprocess.py:93} INFO - [0m17:54:43  31 of 42 PASS not_null_fact_order_items_order_item_sk .......................... [[32mPASS[0m in 1.46s]
[2026-08-15T17:54:43.327+0000] {subprocess.py:93} INFO - [0m17:54:43  35 of 42 START test relationships_fact_order_items_seller_id__seller_id__ref_dim_sellers_  [RUN]
[2026-08-15T17:54:43.504+0000] {subprocess.py:93} INFO - [0m17:54:43  32 of 42 PASS not_null_fact_order_items_product_id ............................. [[32mPASS[0m in 1.48s]
[2026-08-15T17:54:43.527+0000] {subprocess.py:93} INFO - [0m17:54:43  36 of 42 START test unique_fact_order_items_order_item_sk ...................... [RUN]
[2026-08-15T17:54:43.917+0000] {subprocess.py:93} INFO - [0m17:54:43  33 of 42 PASS not_null_fact_order_items_seller_id .............................. [[32mPASS[0m in 1.40s]
[2026-08-15T17:54:43.924+0000] {subprocess.py:93} INFO - [0m17:54:43  37 of 42 START test not_null_dim_products_product_id ........................... [RUN]
[2026-08-15T17:54:44.119+0000] {subprocess.py:93} INFO - [0m17:54:44  34 of 42 FAIL 12860 relationships_fact_order_items_order_id__order_id__ref_fact_orders_  [[31mFAIL 12860[0m in 1.56s]
[2026-08-15T17:54:44.131+0000] {subprocess.py:93} INFO - [0m17:54:44  38 of 42 START test relationships_fact_order_items_product_id__product_id__ref_dim_products_  [RUN]
[2026-08-15T17:54:44.935+0000] {subprocess.py:93} INFO - [0m17:54:44  35 of 42 FAIL 13597 relationships_fact_order_items_seller_id__seller_id__ref_dim_sellers_  [[31mFAIL 13597[0m in 1.60s]
[2026-08-15T17:54:44.946+0000] {subprocess.py:93} INFO - [0m17:54:44  36 of 42 PASS unique_fact_order_items_order_item_sk ............................ [[32mPASS[0m in 1.42s]
[2026-08-15T17:54:44.953+0000] {subprocess.py:93} INFO - [0m17:54:44  39 of 42 START test unique_dim_products_product_id ............................. [RUN]
[2026-08-15T17:54:44.969+0000] {subprocess.py:93} INFO - [0m17:54:44  40 of 42 START test not_null_fact_shipments_shipment_id ........................ [RUN]
[2026-08-15T17:54:45.507+0000] {subprocess.py:93} INFO - [0m17:54:45  37 of 42 PASS not_null_dim_products_product_id ................................. [[32mPASS[0m in 1.58s]
[2026-08-15T17:54:45.522+0000] {subprocess.py:93} INFO - [0m17:54:45  38 of 42 PASS relationships_fact_order_items_product_id__product_id__ref_dim_products_  [[32mPASS[0m in 1.38s]
[2026-08-15T17:54:45.542+0000] {subprocess.py:93} INFO - [0m17:54:45  41 of 42 START test relationships_fact_shipments_order_id__order_id__ref_fact_orders_  [RUN]
[2026-08-15T17:54:45.556+0000] {subprocess.py:93} INFO - [0m17:54:45  42 of 42 START test unique_fact_shipments_shipment_id .......................... [RUN]
[2026-08-15T17:54:46.512+0000] {subprocess.py:93} INFO - [0m17:54:46  40 of 42 PASS not_null_fact_shipments_shipment_id .............................. [[32mPASS[0m in 1.53s]
[2026-08-15T17:54:46.905+0000] {subprocess.py:93} INFO - [0m17:54:46  39 of 42 PASS unique_dim_products_product_id ................................... [[32mPASS[0m in 1.94s]
[2026-08-15T17:54:47.027+0000] {subprocess.py:93} INFO - [0m17:54:47  42 of 42 PASS unique_fact_shipments_shipment_id ................................ [[32mPASS[0m in 1.46s]
[2026-08-15T17:54:47.201+0000] {subprocess.py:93} INFO - [0m17:54:47  41 of 42 FAIL 6388 relationships_fact_shipments_order_id__order_id__ref_fact_orders_  [[31mFAIL 6388[0m in 1.65s]
[2026-08-15T17:54:47.333+0000] {subprocess.py:93} INFO - [0m17:54:47
[2026-08-15T17:54:47.336+0000] {subprocess.py:93} INFO - [0m17:54:47  Finished running 2 incremental models, 5 table models, 27 data tests, 8 view models in 0 hours 0 minutes and 24.98 seconds (24.98s).
[2026-08-15T17:54:47.815+0000] {subprocess.py:93} INFO - [0m17:54:47
[2026-08-15T17:54:47.820+0000] {subprocess.py:93} INFO - [0m17:54:47  [31mCompleted with 4 errors, 0 partial successes, and 0 warnings:[0m
[2026-08-15T17:54:47.825+0000] {subprocess.py:93} INFO - [0m17:54:47
[2026-08-15T17:54:47.828+0000] {subprocess.py:93} INFO - [0m17:54:47  [[31mERROR[0m]: in test relationships_fact_orders_customer_id__customer_id__ref_dim_customers_ (models/marts/schema.yml)
[2026-08-15T17:54:47.831+0000] {subprocess.py:93} INFO - [0m17:54:47    Got 9556 results, configured to fail if != 0
[2026-08-15T17:54:47.833+0000] {subprocess.py:93} INFO - [0m17:54:47
[2026-08-15T17:54:47.835+0000] {subprocess.py:93} INFO - [0m17:54:47    compiled code at target/compiled/hybrid_elt_lakehouse/models/marts/schema.yml/relationships_fact_orders_3769f5b9747a78e2aa34f9e73aa270d6.sql
[2026-08-15T17:54:47.838+0000] {subprocess.py:93} INFO - [0m17:54:47
[2026-08-15T17:54:47.840+0000] {subprocess.py:93} INFO - [0m17:54:47  [[31mERROR[0m]: in test relationships_fact_order_items_order_id__order_id__ref_fact_orders_ (models/marts/schema.yml)
[2026-08-15T17:54:47.843+0000] {subprocess.py:93} INFO - [0m17:54:47    Got 12860 results, configured to fail if != 0
[2026-08-15T17:54:47.846+0000] {subprocess.py:93} INFO - [0m17:54:47
[2026-08-15T17:54:47.849+0000] {subprocess.py:93} INFO - [0m17:54:47    compiled code at target/compiled/hybrid_elt_lakehouse/models/marts/schema.yml/relationships_fact_order_items_40f3126aaf69b9319cf8a1bfc6dfca58.sql
[2026-08-15T17:54:47.852+0000] {subprocess.py:93} INFO - [0m17:54:47
[2026-08-15T17:54:47.856+0000] {subprocess.py:93} INFO - [0m17:54:47  [[31mERROR[0m]: in test relationships_fact_order_items_seller_id__seller_id__ref_dim_sellers_ (models/marts/schema.yml)
[2026-08-15T17:54:47.859+0000] {subprocess.py:93} INFO - [0m17:54:47    Got 13597 results, configured to fail if != 0
[2026-08-15T17:54:47.862+0000] {subprocess.py:93} INFO - [0m17:54:47
[2026-08-15T17:54:47.865+0000] {subprocess.py:93} INFO - [0m17:54:47    compiled code at target/compiled/hybrid_elt_lakehouse/models/marts/schema.yml/relationships_fact_order_items_9a9532dcf5fbd81824264dbef8eac61e.sql
[2026-08-15T17:54:47.866+0000] {subprocess.py:93} INFO - [0m17:54:47
[2026-08-15T17:54:47.868+0000] {subprocess.py:93} INFO - [0m17:54:47  [[31mERROR[0m]: in test relationships_fact_shipments_order_id__order_id__ref_fact_orders_ (models/marts/schema.yml)
[2026-08-15T17:54:47.871+0000] {subprocess.py:93} INFO - [0m17:54:47    Got 6388 results, configured to fail if != 0
[2026-08-15T17:54:47.875+0000] {subprocess.py:93} INFO - [0m17:54:47
[2026-08-15T17:54:47.878+0000] {subprocess.py:93} INFO - [0m17:54:47    compiled code at target/compiled/hybrid_elt_lakehouse/models/marts/schema.yml/relationships_fact_shipments_9bfa9c1e6f595731083d4a9fc430b22b.sql
[2026-08-15T17:54:47.881+0000] {subprocess.py:93} INFO - [0m17:54:47
[2026-08-15T17:54:47.885+0000] {subprocess.py:93} INFO - [0m17:54:47  Done. PASS=38 WARN=0 ERROR=4 SKIP=0 NO-OP=0 REUSED=0 TOTAL=42
[2026-08-15T17:54:50.414+0000] {subprocess.py:97} INFO - Command exited with return code 1
[2026-08-15T17:54:50.417+0000] {taskinstance.py:441} INFO - ::group::Post task execution logs
[2026-08-15T17:54:50.436+0000] {taskinstance.py:2905} ERROR - Task failed with exception
Traceback (most recent call last):
  File "/home/airflow/.local/lib/python3.12/site-packages/airflow/models/taskinstance.py", line 465, in _execute_task
    result = _execute_callable(context=context, **execute_callable_kwargs)
             ^^^^^^^^^^^^^^^^^^^^^^^^^^^^^^^^^^^^^^^^^^^^^^^^^^^^^^^^^^^^^
  File "/home/airflow/.local/lib/python3.12/site-packages/airflow/models/taskinstance.py", line 432, in _execute_callable
    return execute_callable(context=context, **execute_callable_kwargs)
           ^^^^^^^^^^^^^^^^^^^^^^^^^^^^^^^^^^^^^^^^^^^^^^^^^^^^^^^^^^^^
  File "/home/airflow/.local/lib/python3.12/site-packages/airflow/models/baseoperator.py", line 401, in wrapper
    return func(self, *args, **kwargs)
           ^^^^^^^^^^^^^^^^^^^^^^^^^^^
  File "/home/airflow/.local/lib/python3.12/site-packages/airflow/operators/bash.py", line 243, in execute
    raise AirflowException(
airflow.exceptions.AirflowException: Bash command failed. The command returned a non-zero exit code 1.
[2026-08-15T17:54:50.444+0000] {taskinstance.py:1206} INFO - Marking task as UP_FOR_RETRY. dag_id=hybrid_lakehouse_daily_pipeline, task_id=run_dbt_gold, run_id=manual__2026-08-15T17:44:39.761816+00:00, execution_date=20260815T174439, start_date=20260815T175407, end_date=20260815T175450
[2026-08-15T17:54:50.465+0000] {standard_task_runner.py:110} ERROR - Failed to execute job 14 for task run_dbt_gold (Bash command failed. The command returned a non-zero exit code 1.; 877)
[2026-08-15T17:54:50.498+0000] {local_task_job_runner.py:243} INFO - Task exited with return code 1
[2026-08-15T17:54:50.524+0000] {taskinstance.py:3503} INFO - 0 downstream tasks scheduled from follow-on schedule check
[2026-08-15T17:54:50.529+0000] {local_task_job_runner.py:222} INFO - ::endgroup::
