[2026-08-31T11:11:08.494+0000] {local_task_job_runner.py:120} INFO - ::group::Pre task execution logs
[2026-08-31T11:11:08.512+0000] {taskinstance.py:2076} INFO - Dependencies all met for dep_context=non-requeueable deps ti=<TaskInstance: hybrid_lakehouse_daily_pipeline.run_dbt_gold manual__2026-08-31T10:52:48+00:00 [queued]>
[2026-08-31T11:11:08.521+0000] {taskinstance.py:2076} INFO - Dependencies all met for dep_context=requeueable deps ti=<TaskInstance: hybrid_lakehouse_daily_pipeline.run_dbt_gold manual__2026-08-31T10:52:48+00:00 [queued]>
[2026-08-31T11:11:08.521+0000] {taskinstance.py:2306} INFO - Starting attempt 1 of 2
[2026-08-31T11:11:08.534+0000] {taskinstance.py:2330} INFO - Executing <Task(BashOperator): run_dbt_gold> on 2026-08-31 10:52:48+00:00
[2026-08-31T11:11:08.543+0000] {standard_task_runner.py:90} INFO - Running: ['***', 'tasks', 'run', 'hybrid_lakehouse_daily_pipeline', 'run_dbt_gold', 'manual__2026-08-31T10:52:48+00:00', '--job-id', '56', '--raw', '--subdir', 'DAGS_FOLDER/lakehouse_pipeline.py', '--cfg-path', '/tmp/tmpxmtbl9v9']
[2026-08-31T11:11:08.545+0000] {standard_task_runner.py:91} INFO - Job 56: Subtask run_dbt_gold
[2026-08-31T11:11:08.545+0000] {logging_mixin.py:188} WARNING - /home/***/.local/lib/python3.12/site-packages/***/task/task_runner/standard_task_runner.py:62 DeprecationWarning: This process (pid=1213) is multi-threaded, use of fork() may lead to deadlocks in the child.
[2026-08-31T11:11:08.546+0000] {standard_task_runner.py:64} INFO - Started process 1214 to run task
[2026-08-31T11:11:08.600+0000] {task_command.py:426} INFO - Running <TaskInstance: hybrid_lakehouse_daily_pipeline.run_dbt_gold manual__2026-08-31T10:52:48+00:00 [running]> on host 905eac4f6c1d
[2026-08-31T11:11:08.676+0000] {taskinstance.py:2648} INFO - Exporting env vars: AIRFLOW_CTX_DAG_OWNER='data_engineer' AIRFLOW_CTX_DAG_ID='hybrid_lakehouse_daily_pipeline' AIRFLOW_CTX_TASK_ID='run_dbt_gold' AIRFLOW_CTX_EXECUTION_DATE='2026-08-31T10:52:48+00:00' AIRFLOW_CTX_TRY_NUMBER='1' AIRFLOW_CTX_DAG_RUN_ID='manual__2026-08-31T10:52:48+00:00'
[2026-08-31T11:11:08.677+0000] {taskinstance.py:430} INFO - ::endgroup::
[2026-08-31T11:11:08.691+0000] {subprocess.py:63} INFO - Tmp dir root location: /tmp
[2026-08-31T11:11:08.693+0000] {subprocess.py:75} INFO - Running command: ['/usr/bin/bash', '-c', 'cd /opt/***/dbt_transform && dbt build --profiles-dir .']
[2026-08-31T11:11:08.704+0000] {subprocess.py:86} INFO - Output:
[2026-08-31T11:11:10.585+0000] {subprocess.py:93} INFO - [0m11:11:10  Running with dbt=1.12.2
[2026-08-31T11:11:11.659+0000] {subprocess.py:93} INFO - [0m11:11:11  Registered adapter: bigquery=1.12.0
[2026-08-31T11:11:11.894+0000] {subprocess.py:93} INFO - [0m11:11:11  Unable to do partial parsing because a project config has changed
[2026-08-31T11:11:13.743+0000] {subprocess.py:93} INFO - [0m11:11:13  Found 15 models, 27 data tests, 8 sources, 561 macros
[2026-08-31T11:11:13.748+0000] {subprocess.py:93} INFO - [0m11:11:13
[2026-08-31T11:11:13.748+0000] {subprocess.py:93} INFO - [0m11:11:13  Concurrency: 4 threads (target='dev')
[2026-08-31T11:11:13.749+0000] {subprocess.py:93} INFO - [0m11:11:13
[2026-08-31T11:11:18.934+0000] {subprocess.py:93} INFO - [0m11:11:18  1 of 42 START sql table model lakehouse_gold.dim_date .......................... [RUN]
[2026-08-31T11:11:18.935+0000] {subprocess.py:93} INFO - [0m11:11:18  2 of 42 START sql view model lakehouse_gold_staging.stg_customers .............. [RUN]
[2026-08-31T11:11:18.936+0000] {subprocess.py:93} INFO - [0m11:11:18  3 of 42 START sql view model lakehouse_gold_staging.stg_order_items ............ [RUN]
[2026-08-31T11:11:18.937+0000] {subprocess.py:93} INFO - [0m11:11:18  4 of 42 START sql view model lakehouse_gold_staging.stg_orders ................. [RUN]
[2026-08-31T11:11:20.822+0000] {subprocess.py:93} INFO - [0m11:11:20  2 of 42 OK created sql view model lakehouse_gold_staging.stg_customers ......... [[32mCREATE VIEW (0 processed)[0m in 1.88s]
[2026-08-31T11:11:20.826+0000] {subprocess.py:93} INFO - [0m11:11:20  5 of 42 START sql view model lakehouse_gold_staging.stg_payments ............... [RUN]
[2026-08-31T11:11:20.908+0000] {subprocess.py:93} INFO - [0m11:11:20  4 of 42 OK created sql view model lakehouse_gold_staging.stg_orders ............ [[32mCREATE VIEW (0 processed)[0m in 1.96s]
[2026-08-31T11:11:20.912+0000] {subprocess.py:93} INFO - [0m11:11:20  6 of 42 START sql view model lakehouse_gold_staging.stg_products ............... [RUN]
[2026-08-31T11:11:20.950+0000] {subprocess.py:93} INFO - [0m11:11:20  3 of 42 OK created sql view model lakehouse_gold_staging.stg_order_items ....... [[32mCREATE VIEW (0 processed)[0m in 2.01s]
[2026-08-31T11:11:20.953+0000] {subprocess.py:93} INFO - [0m11:11:20  7 of 42 START sql view model lakehouse_gold_staging.stg_reviews ................ [RUN]
[2026-08-31T11:11:21.811+0000] {subprocess.py:93} INFO - [0m11:11:21  1 of 42 OK created sql table model lakehouse_gold.dim_date ..................... [[32mCREATE TABLE (1.6k rows, 0 processed)[0m in 2.87s]
[2026-08-31T11:11:21.815+0000] {subprocess.py:93} INFO - [0m11:11:21  8 of 42 START sql view model lakehouse_gold_staging.stg_sellers ................ [RUN]
[2026-08-31T11:11:22.517+0000] {subprocess.py:93} INFO - [0m11:11:22  5 of 42 OK created sql view model lakehouse_gold_staging.stg_payments .......... [[32mCREATE VIEW (0 processed)[0m in 1.69s]
[2026-08-31T11:11:22.521+0000] {subprocess.py:93} INFO - [0m11:11:22  9 of 42 START sql view model lakehouse_gold_staging.stg_shipments .............. [RUN]
[2026-08-31T11:11:22.591+0000] {subprocess.py:93} INFO - [0m11:11:22  7 of 42 OK created sql view model lakehouse_gold_staging.stg_reviews ........... [[32mCREATE VIEW (0 processed)[0m in 1.63s]
[2026-08-31T11:11:22.598+0000] {subprocess.py:93} INFO - [0m11:11:22  10 of 42 START sql table model lakehouse_gold.dim_customers .................... [RUN]
[2026-08-31T11:11:22.867+0000] {subprocess.py:93} INFO - [0m11:11:22  6 of 42 OK created sql view model lakehouse_gold_staging.stg_products .......... [[32mCREATE VIEW (0 processed)[0m in 1.95s]
[2026-08-31T11:11:22.870+0000] {subprocess.py:93} INFO - [0m11:11:22  11 of 42 START test not_null_dim_date_date_id .................................. [RUN]
[2026-08-31T11:11:23.553+0000] {subprocess.py:93} INFO - [0m11:11:23  8 of 42 OK created sql view model lakehouse_gold_staging.stg_sellers ........... [[32mCREATE VIEW (0 processed)[0m in 1.73s]
[2026-08-31T11:11:23.556+0000] {subprocess.py:93} INFO - [0m11:11:23  12 of 42 START test not_null_dim_date_day_of_month ............................. [RUN]
[2026-08-31T11:11:24.478+0000] {subprocess.py:93} INFO - [0m11:11:24  9 of 42 OK created sql view model lakehouse_gold_staging.stg_shipments ......... [[32mCREATE VIEW (0 processed)[0m in 1.95s]
[2026-08-31T11:11:24.482+0000] {subprocess.py:93} INFO - [0m11:11:24  13 of 42 START test not_null_dim_date_full_date ................................ [RUN]
[2026-08-31T11:11:24.508+0000] {subprocess.py:93} INFO - [0m11:11:24  11 of 42 PASS not_null_dim_date_date_id ........................................ [[32mPASS[0m in 1.64s]
[2026-08-31T11:11:24.516+0000] {subprocess.py:93} INFO - [0m11:11:24  14 of 42 START test not_null_dim_date_month_number ............................. [RUN]
[2026-08-31T11:11:25.126+0000] {subprocess.py:93} INFO - [0m11:11:25  12 of 42 PASS not_null_dim_date_day_of_month ................................... [[32mPASS[0m in 1.57s]
[2026-08-31T11:11:25.130+0000] {subprocess.py:93} INFO - [0m11:11:25  15 of 42 START test not_null_dim_date_year ..................................... [RUN]
[2026-08-31T11:11:25.941+0000] {subprocess.py:93} INFO - [0m11:11:25  13 of 42 PASS not_null_dim_date_full_date ...................................... [[32mPASS[0m in 1.46s]
[2026-08-31T11:11:25.945+0000] {subprocess.py:93} INFO - [0m11:11:25  16 of 42 START test unique_dim_date_date_id .................................... [RUN]
[2026-08-31T11:11:25.974+0000] {subprocess.py:93} INFO - [0m11:11:25  14 of 42 PASS not_null_dim_date_month_number ................................... [[32mPASS[0m in 1.46s]
[2026-08-31T11:11:25.983+0000] {subprocess.py:93} INFO - [0m11:11:25  17 of 42 START sql table model lakehouse_gold.fact_orders ...................... [RUN]
[2026-08-31T11:11:26.367+0000] {subprocess.py:93} INFO - [0m11:11:26  10 of 42 OK created sql table model lakehouse_gold.dim_customers ............... [[32mCREATE TABLE (20.9k rows, 1.1 MiB processed)[0m in 3.76s]
[2026-08-31T11:11:26.371+0000] {subprocess.py:93} INFO - [0m11:11:26  18 of 42 START sql table model lakehouse_gold.fact_order_items ................. [RUN]
[2026-08-31T11:11:26.517+0000] {subprocess.py:93} INFO - [0m11:11:26  15 of 42 PASS not_null_dim_date_year ........................................... [[32mPASS[0m in 1.38s]
[2026-08-31T11:11:26.521+0000] {subprocess.py:93} INFO - [0m11:11:26  19 of 42 START sql incremental model lakehouse_gold.dim_products ............... [RUN]
[2026-08-31T11:11:27.378+0000] {subprocess.py:93} INFO - [0m11:11:27  16 of 42 PASS unique_dim_date_date_id .......................................... [[32mPASS[0m in 1.43s]
[2026-08-31T11:11:27.383+0000] {subprocess.py:93} INFO - [0m11:11:27  20 of 42 START sql table model lakehouse_gold.dim_sellers ...................... [RUN]
[2026-08-31T11:11:31.028+0000] {subprocess.py:93} INFO - [0m11:11:31  20 of 42 OK created sql table model lakehouse_gold.dim_sellers ................. [[32mCREATE TABLE (6.8k rows, 592.6 KiB processed)[0m in 3.64s]
[2026-08-31T11:11:31.033+0000] {subprocess.py:93} INFO - [0m11:11:31  21 of 42 START sql incremental model lakehouse_gold.fact_shipments ............. [RUN]
[2026-08-31T11:11:31.090+0000] {subprocess.py:93} INFO - [0m11:11:31  19 of 42 OK created sql incremental model lakehouse_gold.dim_products .......... [[32mMERGE (17.4k rows, 8.3 MiB processed)[0m in 4.56s]
[2026-08-31T11:11:31.095+0000] {subprocess.py:93} INFO - [0m11:11:31  22 of 42 START test not_null_dim_customers_customer_id ......................... [RUN]
[2026-08-31T11:11:31.146+0000] {subprocess.py:93} INFO - [0m11:11:31  17 of 42 OK created sql table model lakehouse_gold.fact_orders ................. [[32mCREATE TABLE (63.9k rows, 14.3 MiB processed)[0m in 5.16s]
[2026-08-31T11:11:31.153+0000] {subprocess.py:93} INFO - [0m11:11:31  23 of 42 START test unique_dim_customers_customer_id ........................... [RUN]
[2026-08-31T11:11:32.465+0000] {subprocess.py:93} INFO - [0m11:11:32  18 of 42 OK created sql table model lakehouse_gold.fact_order_items ............ [[32mCREATE TABLE (92.9k rows, 13.3 MiB processed)[0m in 6.09s]
[2026-08-31T11:11:32.469+0000] {subprocess.py:93} INFO - [0m11:11:32  24 of 42 START test not_null_dim_sellers_seller_id ............................. [RUN]
[2026-08-31T11:11:32.539+0000] {subprocess.py:93} INFO - [0m11:11:32  22 of 42 PASS not_null_dim_customers_customer_id ............................... [[32mPASS[0m in 1.44s]
[2026-08-31T11:11:32.543+0000] {subprocess.py:93} INFO - [0m11:11:32  25 of 42 START test unique_dim_sellers_seller_id ............................... [RUN]
[2026-08-31T11:11:32.669+0000] {subprocess.py:93} INFO - [0m11:11:32  23 of 42 PASS unique_dim_customers_customer_id ................................. [[32mPASS[0m in 1.52s]
[2026-08-31T11:11:32.673+0000] {subprocess.py:93} INFO - [0m11:11:32  26 of 42 START test not_null_dim_products_product_id ........................... [RUN]
[2026-08-31T11:11:33.704+0000] {subprocess.py:93} INFO - [0m11:11:33  24 of 42 PASS not_null_dim_sellers_seller_id ................................... [[32mPASS[0m in 1.23s]
[2026-08-31T11:11:33.708+0000] {subprocess.py:93} INFO - [0m11:11:33  27 of 42 START test unique_dim_products_product_id ............................. [RUN]
[2026-08-31T11:11:33.948+0000] {subprocess.py:93} INFO - [0m11:11:33  26 of 42 PASS not_null_dim_products_product_id ................................. [[32mPASS[0m in 1.27s]
[2026-08-31T11:11:33.953+0000] {subprocess.py:93} INFO - [0m11:11:33  28 of 42 START test not_null_fact_orders_customer_id ........................... [RUN]
[2026-08-31T11:11:33.977+0000] {subprocess.py:93} INFO - [0m11:11:33  25 of 42 PASS unique_dim_sellers_seller_id ..................................... [[32mPASS[0m in 1.43s]
[2026-08-31T11:11:33.982+0000] {subprocess.py:93} INFO - [0m11:11:33  29 of 42 START test not_null_fact_orders_order_id .............................. [RUN]
[2026-08-31T11:11:34.767+0000] {subprocess.py:93} INFO - [0m11:11:34  21 of 42 OK created sql incremental model lakehouse_gold.fact_shipments ........ [[32mMERGE (0.0 rows, 2.4 MiB processed)[0m in 3.73s]
[2026-08-31T11:11:34.771+0000] {subprocess.py:93} INFO - [0m11:11:34  30 of 42 START test relationships_fact_orders_customer_id__customer_id__ref_dim_customers_  [RUN]
[2026-08-31T11:11:35.346+0000] {subprocess.py:93} INFO - [0m11:11:35  27 of 42 PASS unique_dim_products_product_id ................................... [[32mPASS[0m in 1.64s]
[2026-08-31T11:11:35.350+0000] {subprocess.py:93} INFO - [0m11:11:35  31 of 42 START test unique_fact_orders_order_id ................................ [RUN]
[2026-08-31T11:11:35.371+0000] {subprocess.py:93} INFO - [0m11:11:35  29 of 42 PASS not_null_fact_orders_order_id .................................... [[32mPASS[0m in 1.39s]
[2026-08-31T11:11:35.377+0000] {subprocess.py:93} INFO - [0m11:11:35  32 of 42 START test not_null_fact_order_items_order_id ......................... [RUN]
[2026-08-31T11:11:35.793+0000] {subprocess.py:93} INFO - [0m11:11:35  28 of 42 PASS not_null_fact_orders_customer_id ................................. [[32mPASS[0m in 1.84s]
[2026-08-31T11:11:35.796+0000] {subprocess.py:93} INFO - [0m11:11:35  33 of 42 START test not_null_fact_order_items_order_item_sk .................... [RUN]
[2026-08-31T11:11:36.030+0000] {subprocess.py:93} INFO - [0m11:11:36  30 of 42 FAIL 10161 relationships_fact_orders_customer_id__customer_id__ref_dim_customers_  [[31mFAIL 10161[0m in 1.26s]
[2026-08-31T11:11:36.037+0000] {subprocess.py:93} INFO - [0m11:11:36  34 of 42 START test not_null_fact_order_items_product_id ....................... [RUN]
[2026-08-31T11:11:36.593+0000] {subprocess.py:93} INFO - [0m11:11:36  32 of 42 PASS not_null_fact_order_items_order_id ............................... [[32mPASS[0m in 1.21s]
[2026-08-31T11:11:36.598+0000] {subprocess.py:93} INFO - [0m11:11:36  35 of 42 START test not_null_fact_order_items_seller_id ........................ [RUN]
[2026-08-31T11:11:36.685+0000] {subprocess.py:93} INFO - [0m11:11:36  31 of 42 PASS unique_fact_orders_order_id ...................................... [[32mPASS[0m in 1.33s]
[2026-08-31T11:11:36.689+0000] {subprocess.py:93} INFO - [0m11:11:36  36 of 42 START test relationships_fact_order_items_order_id__order_id__ref_fact_orders_  [RUN]
[2026-08-31T11:11:37.153+0000] {subprocess.py:93} INFO - [0m11:11:37  33 of 42 PASS not_null_fact_order_items_order_item_sk .......................... [[32mPASS[0m in 1.36s]
[2026-08-31T11:11:37.157+0000] {subprocess.py:93} INFO - [0m11:11:37  37 of 42 START test relationships_fact_order_items_product_id__product_id__ref_dim_products_  [RUN]
[2026-08-31T11:11:37.307+0000] {subprocess.py:93} INFO - [0m11:11:37  34 of 42 PASS not_null_fact_order_items_product_id ............................. [[32mPASS[0m in 1.27s]
[2026-08-31T11:11:37.310+0000] {subprocess.py:93} INFO - [0m11:11:37  38 of 42 START test relationships_fact_order_items_seller_id__seller_id__ref_dim_sellers_  [RUN]
[2026-08-31T11:11:37.923+0000] {subprocess.py:93} INFO - [0m11:11:37  36 of 42 FAIL 13643 relationships_fact_order_items_order_id__order_id__ref_fact_orders_  [[31mFAIL 13643[0m in 1.23s]
[2026-08-31T11:11:37.927+0000] {subprocess.py:93} INFO - [0m11:11:37  39 of 42 START test unique_fact_order_items_order_item_sk ...................... [RUN]
[2026-08-31T11:11:38.339+0000] {subprocess.py:93} INFO - [0m11:11:38  35 of 42 PASS not_null_fact_order_items_seller_id .............................. [[32mPASS[0m in 1.74s]
[2026-08-31T11:11:38.342+0000] {subprocess.py:93} INFO - [0m11:11:38  40 of 42 START test not_null_fact_shipments_shipment_id ........................ [RUN]
[2026-08-31T11:11:38.440+0000] {subprocess.py:93} INFO - [0m11:11:38  37 of 42 PASS relationships_fact_order_items_product_id__product_id__ref_dim_products_  [[32mPASS[0m in 1.28s]
[2026-08-31T11:11:38.445+0000] {subprocess.py:93} INFO - [0m11:11:38  41 of 42 START test relationships_fact_shipments_order_id__order_id__ref_fact_orders_  [RUN]
[2026-08-31T11:11:38.496+0000] {subprocess.py:93} INFO - [0m11:11:38  38 of 42 FAIL 14421 relationships_fact_order_items_seller_id__seller_id__ref_dim_sellers_  [[31mFAIL 14421[0m in 1.18s]
[2026-08-31T11:11:38.500+0000] {subprocess.py:93} INFO - [0m11:11:38  42 of 42 START test unique_fact_shipments_shipment_id .......................... [RUN]
[2026-08-31T11:11:39.269+0000] {subprocess.py:93} INFO - [0m11:11:39  39 of 42 PASS unique_fact_order_items_order_item_sk ............................ [[32mPASS[0m in 1.34s]
[2026-08-31T11:11:39.748+0000] {subprocess.py:93} INFO - [0m11:11:39  41 of 42 FAIL 6388 relationships_fact_shipments_order_id__order_id__ref_fact_orders_  [[31mFAIL 6388[0m in 1.30s]
[2026-08-31T11:11:39.809+0000] {subprocess.py:93} INFO - [0m11:11:39  42 of 42 PASS unique_fact_shipments_shipment_id ................................ [[32mPASS[0m in 1.31s]
[2026-08-31T11:11:40.507+0000] {subprocess.py:93} INFO - [0m11:11:40  40 of 42 PASS not_null_fact_shipments_shipment_id .............................. [[32mPASS[0m in 2.16s]
[2026-08-31T11:11:40.554+0000] {subprocess.py:93} INFO - [0m11:11:40
[2026-08-31T11:11:40.555+0000] {subprocess.py:93} INFO - [0m11:11:40  Finished running 2 incremental models, 5 table models, 27 data tests, 8 view models in 0 hours 0 minutes and 26.80 seconds (26.80s).
[2026-08-31T11:11:40.685+0000] {subprocess.py:93} INFO - [0m11:11:40
[2026-08-31T11:11:40.687+0000] {subprocess.py:93} INFO - [0m11:11:40  [31mCompleted with 4 errors, 0 partial successes, and 0 warnings:[0m
[2026-08-31T11:11:40.689+0000] {subprocess.py:93} INFO - [0m11:11:40
[2026-08-31T11:11:40.690+0000] {subprocess.py:93} INFO - [0m11:11:40  [[31mERROR[0m]: in test relationships_fact_orders_customer_id__customer_id__ref_dim_customers_ (models/marts/schema.yml)
[2026-08-31T11:11:40.691+0000] {subprocess.py:93} INFO - [0m11:11:40    Got 10161 results, configured to fail if != 0
[2026-08-31T11:11:40.693+0000] {subprocess.py:93} INFO - [0m11:11:40
[2026-08-31T11:11:40.694+0000] {subprocess.py:93} INFO - [0m11:11:40    compiled code at target/compiled/hybrid_elt_lakehouse/models/marts/schema.yml/relationships_fact_orders_3769f5b9747a78e2aa34f9e73aa270d6.sql
[2026-08-31T11:11:40.695+0000] {subprocess.py:93} INFO - [0m11:11:40
[2026-08-31T11:11:40.696+0000] {subprocess.py:93} INFO - [0m11:11:40  [[31mERROR[0m]: in test relationships_fact_order_items_order_id__order_id__ref_fact_orders_ (models/marts/schema.yml)
[2026-08-31T11:11:40.700+0000] {subprocess.py:93} INFO - [0m11:11:40    Got 13643 results, configured to fail if != 0
[2026-08-31T11:11:40.704+0000] {subprocess.py:93} INFO - [0m11:11:40
[2026-08-31T11:11:40.707+0000] {subprocess.py:93} INFO - [0m11:11:40    compiled code at target/compiled/hybrid_elt_lakehouse/models/marts/schema.yml/relationships_fact_order_items_40f3126aaf69b9319cf8a1bfc6dfca58.sql
[2026-08-31T11:11:40.708+0000] {subprocess.py:93} INFO - [0m11:11:40
[2026-08-31T11:11:40.710+0000] {subprocess.py:93} INFO - [0m11:11:40  [[31mERROR[0m]: in test relationships_fact_order_items_seller_id__seller_id__ref_dim_sellers_ (models/marts/schema.yml)
[2026-08-31T11:11:40.713+0000] {subprocess.py:93} INFO - [0m11:11:40    Got 14421 results, configured to fail if != 0
[2026-08-31T11:11:40.715+0000] {subprocess.py:93} INFO - [0m11:11:40
[2026-08-31T11:11:40.717+0000] {subprocess.py:93} INFO - [0m11:11:40    compiled code at target/compiled/hybrid_elt_lakehouse/models/marts/schema.yml/relationships_fact_order_items_9a9532dcf5fbd81824264dbef8eac61e.sql
[2026-08-31T11:11:40.719+0000] {subprocess.py:93} INFO - [0m11:11:40
[2026-08-31T11:11:40.721+0000] {subprocess.py:93} INFO - [0m11:11:40  [[31mERROR[0m]: in test relationships_fact_shipments_order_id__order_id__ref_fact_orders_ (models/marts/schema.yml)
[2026-08-31T11:11:40.722+0000] {subprocess.py:93} INFO - [0m11:11:40    Got 6388 results, configured to fail if != 0
[2026-08-31T11:11:40.724+0000] {subprocess.py:93} INFO - [0m11:11:40
[2026-08-31T11:11:40.726+0000] {subprocess.py:93} INFO - [0m11:11:40    compiled code at target/compiled/hybrid_elt_lakehouse/models/marts/schema.yml/relationships_fact_shipments_9bfa9c1e6f595731083d4a9fc430b22b.sql
[2026-08-31T11:11:40.727+0000] {subprocess.py:93} INFO - [0m11:11:40
[2026-08-31T11:11:40.729+0000] {subprocess.py:93} INFO - [0m11:11:40  Done. PASS=38 WARN=0 ERROR=4 SKIP=0 NO-OP=0 REUSED=0 TOTAL=42
[2026-08-31T11:11:44.223+0000] {subprocess.py:97} INFO - Command exited with return code 1
[2026-08-31T11:11:44.225+0000] {taskinstance.py:441} INFO - ::group::Post task execution logs
[2026-08-31T11:11:44.245+0000] {taskinstance.py:2905} ERROR - Task failed with exception
Traceback (most recent call last):
  File "/home/airflow/.local/lib/python3.12/site-packages/airflow/models/taskinstance.py", line 465, in _execute_task
    result = _execute_callable(context=context, **execute_callable_kwargs)
             ^^^^^^^^^^^^^^^^^^^^^^^^^^^^^^^^^^^^^^^^^^^^^^^^^^^^^^^^^^^^^
  File "/home/airflow/.local/lib/python3.12/site-packages/airflow/models/taskinstance.py", line 432, in _execute_callable
    return execute_callable(context=context, **execute_callable_kwargs)
           ^^^^^^^^^^^^^^^^^^^^^^^^^^^^^^^^^^^^^^^^^^^^^^^^^^^^^^^^^^^^
  File "/home/airflow/.local/lib/python3.12/site-packages/airflow/models/baseoperator.py", line 401, in wrapper
    return func(self, *args, **kwargs)
           ^^^^^^^^^^^^^^^^^^^^^^^^^^^
  File "/home/airflow/.local/lib/python3.12/site-packages/airflow/operators/bash.py", line 243, in execute
    raise AirflowException(
airflow.exceptions.AirflowException: Bash command failed. The command returned a non-zero exit code 1.
[2026-08-31T11:11:44.253+0000] {taskinstance.py:1206} INFO - Marking task as UP_FOR_RETRY. dag_id=hybrid_lakehouse_daily_pipeline, task_id=run_dbt_gold, run_id=manual__2026-08-31T10:52:48+00:00, execution_date=20260831T105248, start_date=20260831T111108, end_date=20260831T111144
[2026-08-31T11:11:44.289+0000] {standard_task_runner.py:110} ERROR - Failed to execute job 56 for task run_dbt_gold (Bash command failed. The command returned a non-zero exit code 1.; 1214)
[2026-08-31T11:11:44.318+0000] {local_task_job_runner.py:243} INFO - Task exited with return code 1
[2026-08-31T11:11:44.346+0000] {taskinstance.py:3503} INFO - 0 downstream tasks scheduled from follow-on schedule check
[2026-08-31T11:11:44.349+0000] {local_task_job_runner.py:222} INFO - ::endgroup::
