[2026-08-31T11:16:45.877+0000] {local_task_job_runner.py:120} INFO - ::group::Pre task execution logs
[2026-08-31T11:16:45.892+0000] {taskinstance.py:2076} INFO - Dependencies all met for dep_context=non-requeueable deps ti=<TaskInstance: hybrid_lakehouse_daily_pipeline.run_dbt_gold manual__2026-08-31T10:52:48+00:00 [queued]>
[2026-08-31T11:16:45.899+0000] {taskinstance.py:2076} INFO - Dependencies all met for dep_context=requeueable deps ti=<TaskInstance: hybrid_lakehouse_daily_pipeline.run_dbt_gold manual__2026-08-31T10:52:48+00:00 [queued]>
[2026-08-31T11:16:45.900+0000] {taskinstance.py:2306} INFO - Starting attempt 2 of 2
[2026-08-31T11:16:45.911+0000] {taskinstance.py:2330} INFO - Executing <Task(BashOperator): run_dbt_gold> on 2026-08-31 10:52:48+00:00
[2026-08-31T11:16:45.921+0000] {standard_task_runner.py:90} INFO - Running: ['***', 'tasks', 'run', 'hybrid_lakehouse_daily_pipeline', 'run_dbt_gold', 'manual__2026-08-31T10:52:48+00:00', '--job-id', '57', '--raw', '--subdir', 'DAGS_FOLDER/lakehouse_pipeline.py', '--cfg-path', '/tmp/tmpg3kqd69_']
[2026-08-31T11:16:45.923+0000] {logging_mixin.py:188} WARNING - /home/***/.local/lib/python3.12/site-packages/***/task/task_runner/standard_task_runner.py:62 DeprecationWarning: This process (pid=1473) is multi-threaded, use of fork() may lead to deadlocks in the child.
[2026-08-31T11:16:45.923+0000] {standard_task_runner.py:91} INFO - Job 57: Subtask run_dbt_gold
[2026-08-31T11:16:45.924+0000] {standard_task_runner.py:64} INFO - Started process 1474 to run task
[2026-08-31T11:16:45.985+0000] {task_command.py:426} INFO - Running <TaskInstance: hybrid_lakehouse_daily_pipeline.run_dbt_gold manual__2026-08-31T10:52:48+00:00 [running]> on host 905eac4f6c1d
[2026-08-31T11:16:46.071+0000] {taskinstance.py:2648} INFO - Exporting env vars: AIRFLOW_CTX_DAG_OWNER='data_engineer' AIRFLOW_CTX_DAG_ID='hybrid_lakehouse_daily_pipeline' AIRFLOW_CTX_TASK_ID='run_dbt_gold' AIRFLOW_CTX_EXECUTION_DATE='2026-08-31T10:52:48+00:00' AIRFLOW_CTX_TRY_NUMBER='2' AIRFLOW_CTX_DAG_RUN_ID='manual__2026-08-31T10:52:48+00:00'
[2026-08-31T11:16:46.073+0000] {taskinstance.py:430} INFO - ::endgroup::
[2026-08-31T11:16:46.090+0000] {subprocess.py:63} INFO - Tmp dir root location: /tmp
[2026-08-31T11:16:46.091+0000] {subprocess.py:75} INFO - Running command: ['/usr/bin/bash', '-c', 'cd /opt/***/dbt_transform && dbt build --profiles-dir .']
[2026-08-31T11:16:46.104+0000] {subprocess.py:86} INFO - Output:
[2026-08-31T11:16:48.134+0000] {subprocess.py:93} INFO - [0m11:16:48  Running with dbt=1.12.2
[2026-08-31T11:16:49.093+0000] {subprocess.py:93} INFO - [0m11:16:49  Registered adapter: bigquery=1.12.0
[2026-08-31T11:16:49.631+0000] {subprocess.py:93} INFO - [0m11:16:49  Found 15 models, 27 data tests, 8 sources, 561 macros
[2026-08-31T11:16:49.635+0000] {subprocess.py:93} INFO - [0m11:16:49
[2026-08-31T11:16:49.636+0000] {subprocess.py:93} INFO - [0m11:16:49  Concurrency: 4 threads (target='dev')
[2026-08-31T11:16:49.637+0000] {subprocess.py:93} INFO - [0m11:16:49
[2026-08-31T11:16:51.932+0000] {subprocess.py:93} INFO - [0m11:16:51  1 of 42 START sql table model lakehouse_gold.dim_date .......................... [RUN]
[2026-08-31T11:16:51.933+0000] {subprocess.py:93} INFO - [0m11:16:51  2 of 42 START sql view model lakehouse_gold_staging.stg_customers .............. [RUN]
[2026-08-31T11:16:51.934+0000] {subprocess.py:93} INFO - [0m11:16:51  3 of 42 START sql view model lakehouse_gold_staging.stg_order_items ............ [RUN]
[2026-08-31T11:16:51.935+0000] {subprocess.py:93} INFO - [0m11:16:51  4 of 42 START sql view model lakehouse_gold_staging.stg_orders ................. [RUN]
[2026-08-31T11:16:53.952+0000] {subprocess.py:93} INFO - [0m11:16:53  4 of 42 OK created sql view model lakehouse_gold_staging.stg_orders ............ [[32mCREATE VIEW (0 processed)[0m in 2.00s]
[2026-08-31T11:16:53.953+0000] {subprocess.py:93} INFO - [0m11:16:53  3 of 42 OK created sql view model lakehouse_gold_staging.stg_order_items ....... [[32mCREATE VIEW (0 processed)[0m in 2.01s]
[2026-08-31T11:16:53.960+0000] {subprocess.py:93} INFO - [0m11:16:53  5 of 42 START sql view model lakehouse_gold_staging.stg_payments ............... [RUN]
[2026-08-31T11:16:53.962+0000] {subprocess.py:93} INFO - [0m11:16:53  6 of 42 START sql view model lakehouse_gold_staging.stg_products ............... [RUN]
[2026-08-31T11:16:54.237+0000] {subprocess.py:93} INFO - [0m11:16:54  2 of 42 OK created sql view model lakehouse_gold_staging.stg_customers ......... [[32mCREATE VIEW (0 processed)[0m in 2.30s]
[2026-08-31T11:16:54.242+0000] {subprocess.py:93} INFO - [0m11:16:54  7 of 42 START sql view model lakehouse_gold_staging.stg_reviews ................ [RUN]
[2026-08-31T11:16:54.787+0000] {subprocess.py:93} INFO - [0m11:16:54  1 of 42 OK created sql table model lakehouse_gold.dim_date ..................... [[32mCREATE TABLE (1.6k rows, 0 processed)[0m in 2.85s]
[2026-08-31T11:16:54.791+0000] {subprocess.py:93} INFO - [0m11:16:54  8 of 42 START sql view model lakehouse_gold_staging.stg_sellers ................ [RUN]
[2026-08-31T11:16:55.756+0000] {subprocess.py:93} INFO - [0m11:16:55  6 of 42 OK created sql view model lakehouse_gold_staging.stg_products .......... [[32mCREATE VIEW (0 processed)[0m in 1.79s]
[2026-08-31T11:16:55.760+0000] {subprocess.py:93} INFO - [0m11:16:55  9 of 42 START sql view model lakehouse_gold_staging.stg_shipments .............. [RUN]
[2026-08-31T11:16:56.002+0000] {subprocess.py:93} INFO - [0m11:16:56  5 of 42 OK created sql view model lakehouse_gold_staging.stg_payments .......... [[32mCREATE VIEW (0 processed)[0m in 2.04s]
[2026-08-31T11:16:56.007+0000] {subprocess.py:93} INFO - [0m11:16:56  10 of 42 START sql table model lakehouse_gold.dim_customers .................... [RUN]
[2026-08-31T11:16:56.150+0000] {subprocess.py:93} INFO - [0m11:16:56  7 of 42 OK created sql view model lakehouse_gold_staging.stg_reviews ........... [[32mCREATE VIEW (0 processed)[0m in 1.90s]
[2026-08-31T11:16:56.154+0000] {subprocess.py:93} INFO - [0m11:16:56  11 of 42 START test not_null_dim_date_date_id .................................. [RUN]
[2026-08-31T11:16:56.838+0000] {subprocess.py:93} INFO - [0m11:16:56  8 of 42 OK created sql view model lakehouse_gold_staging.stg_sellers ........... [[32mCREATE VIEW (0 processed)[0m in 2.04s]
[2026-08-31T11:16:56.841+0000] {subprocess.py:93} INFO - [0m11:16:56  12 of 42 START test not_null_dim_date_day_of_month ............................. [RUN]
[2026-08-31T11:16:57.303+0000] {subprocess.py:93} INFO - [0m11:16:57  9 of 42 OK created sql view model lakehouse_gold_staging.stg_shipments ......... [[32mCREATE VIEW (0 processed)[0m in 1.54s]
[2026-08-31T11:16:57.307+0000] {subprocess.py:93} INFO - [0m11:16:57  13 of 42 START test not_null_dim_date_full_date ................................ [RUN]
[2026-08-31T11:16:58.093+0000] {subprocess.py:93} INFO - [0m11:16:58  11 of 42 PASS not_null_dim_date_date_id ........................................ [[32mPASS[0m in 1.94s]
[2026-08-31T11:16:58.098+0000] {subprocess.py:93} INFO - [0m11:16:58  14 of 42 START test not_null_dim_date_month_number ............................. [RUN]
[2026-08-31T11:16:58.318+0000] {subprocess.py:93} INFO - [0m11:16:58  12 of 42 PASS not_null_dim_date_day_of_month ................................... [[32mPASS[0m in 1.47s]
[2026-08-31T11:16:58.322+0000] {subprocess.py:93} INFO - [0m11:16:58  15 of 42 START test not_null_dim_date_year ..................................... [RUN]
[2026-08-31T11:16:58.789+0000] {subprocess.py:93} INFO - [0m11:16:58  13 of 42 PASS not_null_dim_date_full_date ...................................... [[32mPASS[0m in 1.48s]
[2026-08-31T11:16:58.792+0000] {subprocess.py:93} INFO - [0m11:16:58  16 of 42 START test unique_dim_date_date_id .................................... [RUN]
[2026-08-31T11:16:59.601+0000] {subprocess.py:93} INFO - [0m11:16:59  14 of 42 PASS not_null_dim_date_month_number ................................... [[32mPASS[0m in 1.50s]
[2026-08-31T11:16:59.604+0000] {subprocess.py:93} INFO - [0m11:16:59  17 of 42 START sql incremental model lakehouse_gold.dim_products ............... [RUN]
[2026-08-31T11:16:59.828+0000] {subprocess.py:93} INFO - [0m11:16:59  10 of 42 OK created sql table model lakehouse_gold.dim_customers ............... [[32mCREATE TABLE (20.9k rows, 1.1 MiB processed)[0m in 3.82s]
[2026-08-31T11:16:59.832+0000] {subprocess.py:93} INFO - [0m11:16:59  18 of 42 START sql table model lakehouse_gold.fact_orders ...................... [RUN]
[2026-08-31T11:16:59.841+0000] {subprocess.py:93} INFO - [0m11:16:59  15 of 42 PASS not_null_dim_date_year ........................................... [[32mPASS[0m in 1.52s]
[2026-08-31T11:16:59.844+0000] {subprocess.py:93} INFO - [0m11:16:59  19 of 42 START sql table model lakehouse_gold.fact_order_items ................. [RUN]
[2026-08-31T11:17:00.290+0000] {subprocess.py:93} INFO - [0m11:17:00  16 of 42 PASS unique_dim_date_date_id .......................................... [[32mPASS[0m in 1.50s]
[2026-08-31T11:17:00.293+0000] {subprocess.py:93} INFO - [0m11:17:00  20 of 42 START sql table model lakehouse_gold.dim_sellers ...................... [RUN]
[2026-08-31T11:17:04.305+0000] {subprocess.py:93} INFO - [0m11:17:04  20 of 42 OK created sql table model lakehouse_gold.dim_sellers ................. [[32mCREATE TABLE (6.8k rows, 592.6 KiB processed)[0m in 4.01s]
[2026-08-31T11:17:04.310+0000] {subprocess.py:93} INFO - [0m11:17:04  21 of 42 START sql incremental model lakehouse_gold.fact_shipments ............. [RUN]
[2026-08-31T11:17:04.605+0000] {subprocess.py:93} INFO - [0m11:17:04  17 of 42 OK created sql incremental model lakehouse_gold.dim_products .......... [[32mMERGE (17.4k rows, 8.4 MiB processed)[0m in 5.00s]
[2026-08-31T11:17:04.613+0000] {subprocess.py:93} INFO - [0m11:17:04  18 of 42 OK created sql table model lakehouse_gold.fact_orders ................. [[32mCREATE TABLE (63.9k rows, 14.3 MiB processed)[0m in 4.78s]
[2026-08-31T11:17:04.614+0000] {subprocess.py:93} INFO - [0m11:17:04  22 of 42 START test not_null_dim_customers_customer_id ......................... [RUN]
[2026-08-31T11:17:04.620+0000] {subprocess.py:93} INFO - [0m11:17:04  23 of 42 START test unique_dim_customers_customer_id ........................... [RUN]
[2026-08-31T11:17:05.326+0000] {subprocess.py:93} INFO - [0m11:17:05  19 of 42 OK created sql table model lakehouse_gold.fact_order_items ............ [[32mCREATE TABLE (92.9k rows, 13.3 MiB processed)[0m in 5.48s]
[2026-08-31T11:17:05.330+0000] {subprocess.py:93} INFO - [0m11:17:05  24 of 42 START test not_null_dim_sellers_seller_id ............................. [RUN]
[2026-08-31T11:17:06.092+0000] {subprocess.py:93} INFO - [0m11:17:06  23 of 42 PASS unique_dim_customers_customer_id ................................. [[32mPASS[0m in 1.46s]
[2026-08-31T11:17:06.097+0000] {subprocess.py:93} INFO - [0m11:17:06  25 of 42 START test unique_dim_sellers_seller_id ............................... [RUN]
[2026-08-31T11:17:06.258+0000] {subprocess.py:93} INFO - [0m11:17:06  22 of 42 PASS not_null_dim_customers_customer_id ............................... [[32mPASS[0m in 1.64s]
[2026-08-31T11:17:06.261+0000] {subprocess.py:93} INFO - [0m11:17:06  26 of 42 START test not_null_dim_products_product_id ........................... [RUN]
[2026-08-31T11:17:07.162+0000] {subprocess.py:93} INFO - [0m11:17:07  24 of 42 PASS not_null_dim_sellers_seller_id ................................... [[32mPASS[0m in 1.83s]
[2026-08-31T11:17:07.166+0000] {subprocess.py:93} INFO - [0m11:17:07  27 of 42 START test unique_dim_products_product_id ............................. [RUN]
[2026-08-31T11:17:07.559+0000] {subprocess.py:93} INFO - [0m11:17:07  25 of 42 PASS unique_dim_sellers_seller_id ..................................... [[32mPASS[0m in 1.46s]
[2026-08-31T11:17:07.564+0000] {subprocess.py:93} INFO - [0m11:17:07  28 of 42 START test not_null_fact_orders_customer_id ........................... [RUN]
[2026-08-31T11:17:07.691+0000] {subprocess.py:93} INFO - [0m11:17:07  26 of 42 PASS not_null_dim_products_product_id ................................. [[32mPASS[0m in 1.43s]
[2026-08-31T11:17:07.696+0000] {subprocess.py:93} INFO - [0m11:17:07  29 of 42 START test not_null_fact_orders_order_id .............................. [RUN]
[2026-08-31T11:17:08.102+0000] {subprocess.py:93} INFO - [0m11:17:08  21 of 42 OK created sql incremental model lakehouse_gold.fact_shipments ........ [[32mMERGE (0.0 rows, 2.4 MiB processed)[0m in 3.79s]
[2026-08-31T11:17:08.105+0000] {subprocess.py:93} INFO - [0m11:17:08  30 of 42 START test relationships_fact_orders_customer_id__customer_id__ref_dim_customers_  [RUN]
[2026-08-31T11:17:08.670+0000] {subprocess.py:93} INFO - [0m11:17:08  27 of 42 PASS unique_dim_products_product_id ................................... [[32mPASS[0m in 1.50s]
[2026-08-31T11:17:08.674+0000] {subprocess.py:93} INFO - [0m11:17:08  31 of 42 START test unique_fact_orders_order_id ................................ [RUN]
[2026-08-31T11:17:08.852+0000] {subprocess.py:93} INFO - [0m11:17:08  28 of 42 PASS not_null_fact_orders_customer_id ................................. [[32mPASS[0m in 1.29s]
[2026-08-31T11:17:08.856+0000] {subprocess.py:93} INFO - [0m11:17:08  32 of 42 START test not_null_fact_order_items_order_id ......................... [RUN]
[2026-08-31T11:17:09.044+0000] {subprocess.py:93} INFO - [0m11:17:09  29 of 42 PASS not_null_fact_orders_order_id .................................... [[32mPASS[0m in 1.35s]
[2026-08-31T11:17:09.048+0000] {subprocess.py:93} INFO - [0m11:17:09  33 of 42 START test not_null_fact_order_items_order_item_sk .................... [RUN]
[2026-08-31T11:17:09.475+0000] {subprocess.py:93} INFO - [0m11:17:09  30 of 42 FAIL 10161 relationships_fact_orders_customer_id__customer_id__ref_dim_customers_  [[31mFAIL 10161[0m in 1.37s]
[2026-08-31T11:17:09.479+0000] {subprocess.py:93} INFO - [0m11:17:09  34 of 42 START test not_null_fact_order_items_product_id ....................... [RUN]
[2026-08-31T11:17:10.123+0000] {subprocess.py:93} INFO - [0m11:17:10  31 of 42 PASS unique_fact_orders_order_id ...................................... [[32mPASS[0m in 1.45s]
[2026-08-31T11:17:10.126+0000] {subprocess.py:93} INFO - [0m11:17:10  35 of 42 START test not_null_fact_order_items_seller_id ........................ [RUN]
[2026-08-31T11:17:10.173+0000] {subprocess.py:93} INFO - [0m11:17:10  32 of 42 PASS not_null_fact_order_items_order_id ............................... [[32mPASS[0m in 1.31s]
[2026-08-31T11:17:10.177+0000] {subprocess.py:93} INFO - [0m11:17:10  36 of 42 START test relationships_fact_order_items_order_id__order_id__ref_fact_orders_  [RUN]
[2026-08-31T11:17:10.407+0000] {subprocess.py:93} INFO - [0m11:17:10  33 of 42 PASS not_null_fact_order_items_order_item_sk .......................... [[32mPASS[0m in 1.36s]
[2026-08-31T11:17:10.411+0000] {subprocess.py:93} INFO - [0m11:17:10  37 of 42 START test relationships_fact_order_items_product_id__product_id__ref_dim_products_  [RUN]
[2026-08-31T11:17:10.774+0000] {subprocess.py:93} INFO - [0m11:17:10  34 of 42 PASS not_null_fact_order_items_product_id ............................. [[32mPASS[0m in 1.29s]
[2026-08-31T11:17:10.778+0000] {subprocess.py:93} INFO - [0m11:17:10  38 of 42 START test relationships_fact_order_items_seller_id__seller_id__ref_dim_sellers_  [RUN]
[2026-08-31T11:17:11.410+0000] {subprocess.py:93} INFO - [0m11:17:11  35 of 42 PASS not_null_fact_order_items_seller_id .............................. [[32mPASS[0m in 1.28s]
[2026-08-31T11:17:11.415+0000] {subprocess.py:93} INFO - [0m11:17:11  39 of 42 START test unique_fact_order_items_order_item_sk ...................... [RUN]
[2026-08-31T11:17:11.449+0000] {subprocess.py:93} INFO - [0m11:17:11  36 of 42 FAIL 13643 relationships_fact_order_items_order_id__order_id__ref_fact_orders_  [[31mFAIL 13643[0m in 1.27s]
[2026-08-31T11:17:11.458+0000] {subprocess.py:93} INFO - [0m11:17:11  40 of 42 START test not_null_fact_shipments_shipment_id ........................ [RUN]
[2026-08-31T11:17:11.792+0000] {subprocess.py:93} INFO - [0m11:17:11  37 of 42 PASS relationships_fact_order_items_product_id__product_id__ref_dim_products_  [[32mPASS[0m in 1.38s]
[2026-08-31T11:17:11.796+0000] {subprocess.py:93} INFO - [0m11:17:11  41 of 42 START test relationships_fact_shipments_order_id__order_id__ref_fact_orders_  [RUN]
[2026-08-31T11:17:12.383+0000] {subprocess.py:93} INFO - [0m11:17:12  38 of 42 FAIL 14421 relationships_fact_order_items_seller_id__seller_id__ref_dim_sellers_  [[31mFAIL 14421[0m in 1.60s]
[2026-08-31T11:17:12.387+0000] {subprocess.py:93} INFO - [0m11:17:12  42 of 42 START test unique_fact_shipments_shipment_id .......................... [RUN]
[2026-08-31T11:17:12.769+0000] {subprocess.py:93} INFO - [0m11:17:12  40 of 42 PASS not_null_fact_shipments_shipment_id .............................. [[32mPASS[0m in 1.31s]
[2026-08-31T11:17:12.818+0000] {subprocess.py:93} INFO - [0m11:17:12  39 of 42 PASS unique_fact_order_items_order_item_sk ............................ [[32mPASS[0m in 1.40s]
[2026-08-31T11:17:13.128+0000] {subprocess.py:93} INFO - [0m11:17:13  41 of 42 FAIL 6388 relationships_fact_shipments_order_id__order_id__ref_fact_orders_  [[31mFAIL 6388[0m in 1.33s]
[2026-08-31T11:17:13.826+0000] {subprocess.py:93} INFO - [0m11:17:13  42 of 42 PASS unique_fact_shipments_shipment_id ................................ [[32mPASS[0m in 1.44s]
[2026-08-31T11:17:13.871+0000] {subprocess.py:93} INFO - [0m11:17:13
[2026-08-31T11:17:13.872+0000] {subprocess.py:93} INFO - [0m11:17:13  Finished running 2 incremental models, 5 table models, 27 data tests, 8 view models in 0 hours 0 minutes and 24.23 seconds (24.23s).
[2026-08-31T11:17:13.978+0000] {subprocess.py:93} INFO - [0m11:17:13
[2026-08-31T11:17:13.979+0000] {subprocess.py:93} INFO - [0m11:17:13  [31mCompleted with 4 errors, 0 partial successes, and 0 warnings:[0m
[2026-08-31T11:17:13.980+0000] {subprocess.py:93} INFO - [0m11:17:13
[2026-08-31T11:17:13.982+0000] {subprocess.py:93} INFO - [0m11:17:13  [[31mERROR[0m]: in test relationships_fact_orders_customer_id__customer_id__ref_dim_customers_ (models/marts/schema.yml)
[2026-08-31T11:17:13.983+0000] {subprocess.py:93} INFO - [0m11:17:13    Got 10161 results, configured to fail if != 0
[2026-08-31T11:17:13.983+0000] {subprocess.py:93} INFO - [0m11:17:13
[2026-08-31T11:17:13.984+0000] {subprocess.py:93} INFO - [0m11:17:13    compiled code at target/compiled/hybrid_elt_lakehouse/models/marts/schema.yml/relationships_fact_orders_3769f5b9747a78e2aa34f9e73aa270d6.sql
[2026-08-31T11:17:13.985+0000] {subprocess.py:93} INFO - [0m11:17:13
[2026-08-31T11:17:13.987+0000] {subprocess.py:93} INFO - [0m11:17:13  [[31mERROR[0m]: in test relationships_fact_order_items_order_id__order_id__ref_fact_orders_ (models/marts/schema.yml)
[2026-08-31T11:17:13.988+0000] {subprocess.py:93} INFO - [0m11:17:13    Got 13643 results, configured to fail if != 0
[2026-08-31T11:17:13.989+0000] {subprocess.py:93} INFO - [0m11:17:13
[2026-08-31T11:17:13.990+0000] {subprocess.py:93} INFO - [0m11:17:13    compiled code at target/compiled/hybrid_elt_lakehouse/models/marts/schema.yml/relationships_fact_order_items_40f3126aaf69b9319cf8a1bfc6dfca58.sql
[2026-08-31T11:17:13.991+0000] {subprocess.py:93} INFO - [0m11:17:13
[2026-08-31T11:17:13.992+0000] {subprocess.py:93} INFO - [0m11:17:13  [[31mERROR[0m]: in test relationships_fact_order_items_seller_id__seller_id__ref_dim_sellers_ (models/marts/schema.yml)
[2026-08-31T11:17:13.993+0000] {subprocess.py:93} INFO - [0m11:17:13    Got 14421 results, configured to fail if != 0
[2026-08-31T11:17:13.994+0000] {subprocess.py:93} INFO - [0m11:17:13
[2026-08-31T11:17:13.995+0000] {subprocess.py:93} INFO - [0m11:17:13    compiled code at target/compiled/hybrid_elt_lakehouse/models/marts/schema.yml/relationships_fact_order_items_9a9532dcf5fbd81824264dbef8eac61e.sql
[2026-08-31T11:17:13.995+0000] {subprocess.py:93} INFO - [0m11:17:13
[2026-08-31T11:17:13.996+0000] {subprocess.py:93} INFO - [0m11:17:13  [[31mERROR[0m]: in test relationships_fact_shipments_order_id__order_id__ref_fact_orders_ (models/marts/schema.yml)
[2026-08-31T11:17:13.997+0000] {subprocess.py:93} INFO - [0m11:17:13    Got 6388 results, configured to fail if != 0
[2026-08-31T11:17:13.998+0000] {subprocess.py:93} INFO - [0m11:17:13
[2026-08-31T11:17:13.999+0000] {subprocess.py:93} INFO - [0m11:17:13    compiled code at target/compiled/hybrid_elt_lakehouse/models/marts/schema.yml/relationships_fact_shipments_9bfa9c1e6f595731083d4a9fc430b22b.sql
[2026-08-31T11:17:14.000+0000] {subprocess.py:93} INFO - [0m11:17:14
[2026-08-31T11:17:14.001+0000] {subprocess.py:93} INFO - [0m11:17:14  Done. PASS=38 WARN=0 ERROR=4 SKIP=0 NO-OP=0 REUSED=0 TOTAL=42
[2026-08-31T11:17:16.420+0000] {subprocess.py:97} INFO - Command exited with return code 1
[2026-08-31T11:17:16.421+0000] {taskinstance.py:441} INFO - ::group::Post task execution logs
[2026-08-31T11:17:16.432+0000] {taskinstance.py:2905} ERROR - Task failed with exception
Traceback (most recent call last):
  File "/home/airflow/.local/lib/python3.12/site-packages/airflow/models/taskinstance.py", line 465, in _execute_task
    result = _execute_callable(context=context, **execute_callable_kwargs)
             ^^^^^^^^^^^^^^^^^^^^^^^^^^^^^^^^^^^^^^^^^^^^^^^^^^^^^^^^^^^^^
  File "/home/airflow/.local/lib/python3.12/site-packages/airflow/models/taskinstance.py", line 432, in _execute_callable
    return execute_callable(context=context, **execute_callable_kwargs)
           ^^^^^^^^^^^^^^^^^^^^^^^^^^^^^^^^^^^^^^^^^^^^^^^^^^^^^^^^^^^^
  File "/home/airflow/.local/lib/python3.12/site-packages/airflow/models/baseoperator.py", line 401, in wrapper
    return func(self, *args, **kwargs)
           ^^^^^^^^^^^^^^^^^^^^^^^^^^^
  File "/home/airflow/.local/lib/python3.12/site-packages/airflow/operators/bash.py", line 243, in execute
    raise AirflowException(
airflow.exceptions.AirflowException: Bash command failed. The command returned a non-zero exit code 1.
[2026-08-31T11:17:16.436+0000] {taskinstance.py:1206} INFO - Marking task as FAILED. dag_id=hybrid_lakehouse_daily_pipeline, task_id=run_dbt_gold, run_id=manual__2026-08-31T10:52:48+00:00, execution_date=20260831T105248, start_date=20260831T111645, end_date=20260831T111716
[2026-08-31T11:17:16.448+0000] {standard_task_runner.py:110} ERROR - Failed to execute job 57 for task run_dbt_gold (Bash command failed. The command returned a non-zero exit code 1.; 1474)
[2026-08-31T11:17:16.495+0000] {local_task_job_runner.py:243} INFO - Task exited with return code 1
[2026-08-31T11:17:16.509+0000] {taskinstance.py:3503} INFO - 0 downstream tasks scheduled from follow-on schedule check
[2026-08-31T11:17:16.512+0000] {local_task_job_runner.py:222} INFO - ::endgroup::
