[2026-08-15T17:49:37.273+0000] {local_task_job_runner.py:120} INFO - ::group::Pre task execution logs
[2026-08-15T17:49:37.290+0000] {taskinstance.py:2076} INFO - Dependencies all met for dep_context=non-requeueable deps ti=<TaskInstance: hybrid_lakehouse_daily_pipeline.run_bronze_to_silver manual__2026-08-15T17:44:39.761816+00:00 [queued]>
[2026-08-15T17:49:37.299+0000] {taskinstance.py:2076} INFO - Dependencies all met for dep_context=requeueable deps ti=<TaskInstance: hybrid_lakehouse_daily_pipeline.run_bronze_to_silver manual__2026-08-15T17:44:39.761816+00:00 [queued]>
[2026-08-15T17:49:37.300+0000] {taskinstance.py:2306} INFO - Starting attempt 1 of 2
[2026-08-15T17:49:37.312+0000] {taskinstance.py:2330} INFO - Executing <Task(DataprocCreateBatchOperator): run_bronze_to_silver> on 2026-08-15 17:44:39.761816+00:00
[2026-08-15T17:49:37.322+0000] {standard_task_runner.py:90} INFO - Running: ['***', 'tasks', 'run', 'hybrid_lakehouse_daily_pipeline', 'run_bronze_to_silver', 'manual__2026-08-15T17:44:39.761816+00:00', '--job-id', '13', '--raw', '--subdir', 'DAGS_FOLDER/lakehouse_pipeline.py', '--cfg-path', '/tmp/tmp3hsfhtu8']
[2026-08-15T17:49:37.325+0000] {standard_task_runner.py:91} INFO - Job 13: Subtask run_bronze_to_silver
[2026-08-15T17:49:37.325+0000] {logging_mixin.py:188} WARNING - /home/***/.local/lib/python3.12/site-packages/***/task/task_runner/standard_task_runner.py:62 DeprecationWarning: This process (pid=728) is multi-threaded, use of fork() may lead to deadlocks in the child.
[2026-08-15T17:49:37.326+0000] {standard_task_runner.py:64} INFO - Started process 729 to run task
[2026-08-15T17:49:37.384+0000] {task_command.py:426} INFO - Running <TaskInstance: hybrid_lakehouse_daily_pipeline.run_bronze_to_silver manual__2026-08-15T17:44:39.761816+00:00 [running]> on host 905eac4f6c1d
[2026-08-15T17:49:37.463+0000] {taskinstance.py:2648} INFO - Exporting env vars: AIRFLOW_CTX_DAG_OWNER='data_engineer' AIRFLOW_CTX_DAG_ID='hybrid_lakehouse_daily_pipeline' AIRFLOW_CTX_TASK_ID='run_bronze_to_silver' AIRFLOW_CTX_EXECUTION_DATE='2026-08-15T17:44:39.761816+00:00' AIRFLOW_CTX_TRY_NUMBER='1' AIRFLOW_CTX_DAG_RUN_ID='manual__2026-08-15T17:44:39.761816+00:00'
[2026-08-15T17:49:37.465+0000] {taskinstance.py:430} INFO - ::endgroup::
[2026-08-15T17:49:37.477+0000] {crypto.py:82} WARNING - empty cryptography key - values will not be stored encrypted.
[2026-08-15T17:49:37.478+0000] {connection.py:274} WARNING - Connection schemes (type: google_cloud_platform) shall not contain '_' according to RFC3986.
[2026-08-15T17:49:37.479+0000] {base.py:84} INFO - Using connection ID 'google_cloud_default' for task execution.
[2026-08-15T17:49:37.480+0000] {dataproc.py:3030} INFO - Creating batch bronze-to-silver-1e334326
[2026-08-15T17:49:37.481+0000] {dataproc.py:3031} INFO - Once started, the batch job will be available at https://console.cloud.google.com/dataproc/batches/asia-southeast1/bronze-to-silver-1e334326/monitoring?project=hybrid-elt-lakehouse-pipeline
[2026-08-15T17:54:05.312+0000] {dataproc.py:3055} INFO - Batch bronze-to-silver-1e334326 created
[2026-08-15T17:54:05.314+0000] {dataproc.py:3155} INFO - Batch job bronze-to-silver-1e334326 completed. Driver logs: https://console.cloud.google.com/dataproc/batches/asia-southeast1/bronze-to-silver-1e334326/monitoring?project=hybrid-elt-lakehouse-pipeline
[2026-08-15T17:54:05.343+0000] {taskinstance.py:441} INFO - ::group::Post task execution logs
[2026-08-15T17:54:05.403+0000] {taskinstance.py:1206} INFO - Marking task as SUCCESS. dag_id=hybrid_lakehouse_daily_pipeline, task_id=run_bronze_to_silver, run_id=manual__2026-08-15T17:44:39.761816+00:00, execution_date=20260815T174439, start_date=20260815T174937, end_date=20260815T175405
[2026-08-15T17:54:05.483+0000] {local_task_job_runner.py:243} INFO - Task exited with return code 0
[2026-08-15T17:54:05.510+0000] {taskinstance.py:3503} INFO - 1 downstream tasks scheduled from follow-on schedule check
[2026-08-15T17:54:05.519+0000] {local_task_job_runner.py:222} INFO - ::endgroup::
